<?xml version="1.0" encoding="UTF-8"?>
<testsuites name="jest tests" tests="37" failures="37" time="22.649">
  <testsuite name="validateName function" errors="0" failures="37" skipped="0" timestamp="2023-11-20T14:05:05" time="22.31" tests="37">
    <testcase classname="validateName function should return true for a valid name" name="validateName function should return true for a valid name" time="0.002">
      <failure>Error: expect(received).toBe(expected) // Object.is equality

Expected: true
Received: &quot;JohnDoe&quot;
    at Object.&lt;anonymous&gt; (/Users/tan/Documents/code/7fc73135-54ae-4bb5-b0bf-19dbd7619162/src/App.test.js:15:41)
    at Object.asyncJestTest (/Users/tan/Documents/code/7fc73135-54ae-4bb5-b0bf-19dbd7619162/node_modules/jest-jasmine2/build/jasmineAsyncInstall.js:102:37)
    at /Users/tan/Documents/code/7fc73135-54ae-4bb5-b0bf-19dbd7619162/node_modules/jest-jasmine2/build/queueRunner.js:43:12
    at new Promise (&lt;anonymous&gt;)
    at mapper (/Users/tan/Documents/code/7fc73135-54ae-4bb5-b0bf-19dbd7619162/node_modules/jest-jasmine2/build/queueRunner.js:26:19)
    at /Users/tan/Documents/code/7fc73135-54ae-4bb5-b0bf-19dbd7619162/node_modules/jest-jasmine2/build/queueRunner.js:73:41
    at processTicksAndRejections (node:internal/process/task_queues:96:5)</failure>
    </testcase>
    <testcase classname="validateName function should return false for a name with less than 3 characters" name="validateName function should return false for a name with less than 3 characters" time="0.005">
      <failure>Error: expect(received).toBe(expected) // Object.is equality

Expected: false
Received: &quot;Jo&quot;
    at Object.&lt;anonymous&gt; (/Users/tan/Documents/code/7fc73135-54ae-4bb5-b0bf-19dbd7619162/src/App.test.js:20:43)
    at Object.asyncJestTest (/Users/tan/Documents/code/7fc73135-54ae-4bb5-b0bf-19dbd7619162/node_modules/jest-jasmine2/build/jasmineAsyncInstall.js:102:37)
    at /Users/tan/Documents/code/7fc73135-54ae-4bb5-b0bf-19dbd7619162/node_modules/jest-jasmine2/build/queueRunner.js:43:12
    at new Promise (&lt;anonymous&gt;)
    at mapper (/Users/tan/Documents/code/7fc73135-54ae-4bb5-b0bf-19dbd7619162/node_modules/jest-jasmine2/build/queueRunner.js:26:19)
    at /Users/tan/Documents/code/7fc73135-54ae-4bb5-b0bf-19dbd7619162/node_modules/jest-jasmine2/build/queueRunner.js:73:41</failure>
    </testcase>
    <testcase classname="validateName function should return false for a name with more than 15 characters" name="validateName function should return false for a name with more than 15 characters" time="0">
      <failure>Error: expect(received).toBe(expected) // Object.is equality

Expected: false
Received: &quot;JohnDoeJohnDoe123&quot;
    at Object.&lt;anonymous&gt; (/Users/tan/Documents/code/7fc73135-54ae-4bb5-b0bf-19dbd7619162/src/App.test.js:25:43)
    at Object.asyncJestTest (/Users/tan/Documents/code/7fc73135-54ae-4bb5-b0bf-19dbd7619162/node_modules/jest-jasmine2/build/jasmineAsyncInstall.js:102:37)
    at /Users/tan/Documents/code/7fc73135-54ae-4bb5-b0bf-19dbd7619162/node_modules/jest-jasmine2/build/queueRunner.js:43:12
    at new Promise (&lt;anonymous&gt;)
    at mapper (/Users/tan/Documents/code/7fc73135-54ae-4bb5-b0bf-19dbd7619162/node_modules/jest-jasmine2/build/queueRunner.js:26:19)
    at /Users/tan/Documents/code/7fc73135-54ae-4bb5-b0bf-19dbd7619162/node_modules/jest-jasmine2/build/queueRunner.js:73:41</failure>
    </testcase>
    <testcase classname="validateName function should return false for a name containing non-alphabetic characters" name="validateName function should return false for a name containing non-alphabetic characters" time="0.001">
      <failure>Error: expect(received).toBe(expected) // Object.is equality

Expected: false
Received: &quot;JohnDoe123&quot;
    at Object.&lt;anonymous&gt; (/Users/tan/Documents/code/7fc73135-54ae-4bb5-b0bf-19dbd7619162/src/App.test.js:30:43)
    at Object.asyncJestTest (/Users/tan/Documents/code/7fc73135-54ae-4bb5-b0bf-19dbd7619162/node_modules/jest-jasmine2/build/jasmineAsyncInstall.js:102:37)
    at /Users/tan/Documents/code/7fc73135-54ae-4bb5-b0bf-19dbd7619162/node_modules/jest-jasmine2/build/queueRunner.js:43:12
    at new Promise (&lt;anonymous&gt;)
    at mapper (/Users/tan/Documents/code/7fc73135-54ae-4bb5-b0bf-19dbd7619162/node_modules/jest-jasmine2/build/queueRunner.js:26:19)
    at /Users/tan/Documents/code/7fc73135-54ae-4bb5-b0bf-19dbd7619162/node_modules/jest-jasmine2/build/queueRunner.js:73:41</failure>
    </testcase>
    <testcase classname="validateName function should return false for a name containing spaces" name="validateName function should return false for a name containing spaces" time="0">
      <failure>Error: expect(received).toBe(expected) // Object.is equality

Expected: false
Received: &quot;John Doe&quot;
    at Object.&lt;anonymous&gt; (/Users/tan/Documents/code/7fc73135-54ae-4bb5-b0bf-19dbd7619162/src/App.test.js:35:43)
    at Object.asyncJestTest (/Users/tan/Documents/code/7fc73135-54ae-4bb5-b0bf-19dbd7619162/node_modules/jest-jasmine2/build/jasmineAsyncInstall.js:102:37)
    at /Users/tan/Documents/code/7fc73135-54ae-4bb5-b0bf-19dbd7619162/node_modules/jest-jasmine2/build/queueRunner.js:43:12
    at new Promise (&lt;anonymous&gt;)
    at mapper (/Users/tan/Documents/code/7fc73135-54ae-4bb5-b0bf-19dbd7619162/node_modules/jest-jasmine2/build/queueRunner.js:26:19)
    at /Users/tan/Documents/code/7fc73135-54ae-4bb5-b0bf-19dbd7619162/node_modules/jest-jasmine2/build/queueRunner.js:73:41</failure>
    </testcase>
    <testcase classname="validateEmail function should return true for a valid email" name="validateEmail function should return true for a valid email" time="0.001">
      <failure>Error: expect(received).toBe(expected) // Object.is equality

Expected: true
Received: &quot;john@hackerrank.com&quot;
    at Object.&lt;anonymous&gt; (/Users/tan/Documents/code/7fc73135-54ae-4bb5-b0bf-19dbd7619162/src/App.test.js:42:43)
    at Object.asyncJestTest (/Users/tan/Documents/code/7fc73135-54ae-4bb5-b0bf-19dbd7619162/node_modules/jest-jasmine2/build/jasmineAsyncInstall.js:102:37)
    at /Users/tan/Documents/code/7fc73135-54ae-4bb5-b0bf-19dbd7619162/node_modules/jest-jasmine2/build/queueRunner.js:43:12
    at new Promise (&lt;anonymous&gt;)
    at mapper (/Users/tan/Documents/code/7fc73135-54ae-4bb5-b0bf-19dbd7619162/node_modules/jest-jasmine2/build/queueRunner.js:26:19)
    at /Users/tan/Documents/code/7fc73135-54ae-4bb5-b0bf-19dbd7619162/node_modules/jest-jasmine2/build/queueRunner.js:73:41</failure>
    </testcase>
    <testcase classname="validateEmail function should return false for an email longer than 30 characters" name="validateEmail function should return false for an email longer than 30 characters" time="0">
      <failure>Error: expect(received).toBe(expected) // Object.is equality

Expected: false
Received: &quot;john.doe.the.very.long.email@example.com&quot;
    at Object.&lt;anonymous&gt; (/Users/tan/Documents/code/7fc73135-54ae-4bb5-b0bf-19dbd7619162/src/App.test.js:47:45)
    at Object.asyncJestTest (/Users/tan/Documents/code/7fc73135-54ae-4bb5-b0bf-19dbd7619162/node_modules/jest-jasmine2/build/jasmineAsyncInstall.js:102:37)
    at /Users/tan/Documents/code/7fc73135-54ae-4bb5-b0bf-19dbd7619162/node_modules/jest-jasmine2/build/queueRunner.js:43:12
    at new Promise (&lt;anonymous&gt;)
    at mapper (/Users/tan/Documents/code/7fc73135-54ae-4bb5-b0bf-19dbd7619162/node_modules/jest-jasmine2/build/queueRunner.js:26:19)
    at /Users/tan/Documents/code/7fc73135-54ae-4bb5-b0bf-19dbd7619162/node_modules/jest-jasmine2/build/queueRunner.js:73:41</failure>
    </testcase>
    <testcase classname="validateEmail function should return false for an email without @gmail.com or @hackerrank.com domain" name="validateEmail function should return false for an email without @gmail.com or @hackerrank.com domain" time="0">
      <failure>Error: expect(received).toBe(expected) // Object.is equality

Expected: false
Received: &quot;john@example.com&quot;
    at Object.&lt;anonymous&gt; (/Users/tan/Documents/code/7fc73135-54ae-4bb5-b0bf-19dbd7619162/src/App.test.js:52:45)
    at Object.asyncJestTest (/Users/tan/Documents/code/7fc73135-54ae-4bb5-b0bf-19dbd7619162/node_modules/jest-jasmine2/build/jasmineAsyncInstall.js:102:37)
    at /Users/tan/Documents/code/7fc73135-54ae-4bb5-b0bf-19dbd7619162/node_modules/jest-jasmine2/build/queueRunner.js:43:12
    at new Promise (&lt;anonymous&gt;)
    at mapper (/Users/tan/Documents/code/7fc73135-54ae-4bb5-b0bf-19dbd7619162/node_modules/jest-jasmine2/build/queueRunner.js:26:19)
    at /Users/tan/Documents/code/7fc73135-54ae-4bb5-b0bf-19dbd7619162/node_modules/jest-jasmine2/build/queueRunner.js:73:41</failure>
    </testcase>
    <testcase classname="validateEmail function should return false for an email with spaces" name="validateEmail function should return false for an email with spaces" time="0.001">
      <failure>Error: expect(received).toBe(expected) // Object.is equality

Expected: false
Received: &quot;john doe@gmail.com&quot;
    at Object.&lt;anonymous&gt; (/Users/tan/Documents/code/7fc73135-54ae-4bb5-b0bf-19dbd7619162/src/App.test.js:57:45)
    at Object.asyncJestTest (/Users/tan/Documents/code/7fc73135-54ae-4bb5-b0bf-19dbd7619162/node_modules/jest-jasmine2/build/jasmineAsyncInstall.js:102:37)
    at /Users/tan/Documents/code/7fc73135-54ae-4bb5-b0bf-19dbd7619162/node_modules/jest-jasmine2/build/queueRunner.js:43:12
    at new Promise (&lt;anonymous&gt;)
    at mapper (/Users/tan/Documents/code/7fc73135-54ae-4bb5-b0bf-19dbd7619162/node_modules/jest-jasmine2/build/queueRunner.js:26:19)
    at /Users/tan/Documents/code/7fc73135-54ae-4bb5-b0bf-19dbd7619162/node_modules/jest-jasmine2/build/queueRunner.js:73:41</failure>
    </testcase>
    <testcase classname="validateEmail function should return false for an email with invalid format" name="validateEmail function should return false for an email with invalid format" time="0">
      <failure>Error: expect(received).toBe(expected) // Object.is equality

Expected: false
Received: &quot;john@hackerrank&quot;
    at Object.&lt;anonymous&gt; (/Users/tan/Documents/code/7fc73135-54ae-4bb5-b0bf-19dbd7619162/src/App.test.js:62:45)
    at Object.asyncJestTest (/Users/tan/Documents/code/7fc73135-54ae-4bb5-b0bf-19dbd7619162/node_modules/jest-jasmine2/build/jasmineAsyncInstall.js:102:37)
    at /Users/tan/Documents/code/7fc73135-54ae-4bb5-b0bf-19dbd7619162/node_modules/jest-jasmine2/build/queueRunner.js:43:12
    at new Promise (&lt;anonymous&gt;)
    at mapper (/Users/tan/Documents/code/7fc73135-54ae-4bb5-b0bf-19dbd7619162/node_modules/jest-jasmine2/build/queueRunner.js:26:19)
    at /Users/tan/Documents/code/7fc73135-54ae-4bb5-b0bf-19dbd7619162/node_modules/jest-jasmine2/build/queueRunner.js:73:41</failure>
    </testcase>
    <testcase classname="validatePassword function should return true for a valid password" name="validatePassword function should return true for a valid password" time="0">
      <failure>Error: expect(received).toBe(expected) // Object.is equality

Expected: true
Received: &quot;Abcd1234&quot;
    at Object.&lt;anonymous&gt; (/Users/tan/Documents/code/7fc73135-54ae-4bb5-b0bf-19dbd7619162/src/App.test.js:69:49)
    at Object.asyncJestTest (/Users/tan/Documents/code/7fc73135-54ae-4bb5-b0bf-19dbd7619162/node_modules/jest-jasmine2/build/jasmineAsyncInstall.js:102:37)
    at /Users/tan/Documents/code/7fc73135-54ae-4bb5-b0bf-19dbd7619162/node_modules/jest-jasmine2/build/queueRunner.js:43:12
    at new Promise (&lt;anonymous&gt;)
    at mapper (/Users/tan/Documents/code/7fc73135-54ae-4bb5-b0bf-19dbd7619162/node_modules/jest-jasmine2/build/queueRunner.js:26:19)
    at /Users/tan/Documents/code/7fc73135-54ae-4bb5-b0bf-19dbd7619162/node_modules/jest-jasmine2/build/queueRunner.js:73:41</failure>
    </testcase>
    <testcase classname="validatePassword function should return false for a password shorter than 6 characters" name="validatePassword function should return false for a password shorter than 6 characters" time="0">
      <failure>Error: expect(received).toBe(expected) // Object.is equality

Expected: false
Received: &quot;Ab12&quot;
    at Object.&lt;anonymous&gt; (/Users/tan/Documents/code/7fc73135-54ae-4bb5-b0bf-19dbd7619162/src/App.test.js:74:51)
    at Object.asyncJestTest (/Users/tan/Documents/code/7fc73135-54ae-4bb5-b0bf-19dbd7619162/node_modules/jest-jasmine2/build/jasmineAsyncInstall.js:102:37)
    at /Users/tan/Documents/code/7fc73135-54ae-4bb5-b0bf-19dbd7619162/node_modules/jest-jasmine2/build/queueRunner.js:43:12
    at new Promise (&lt;anonymous&gt;)
    at mapper (/Users/tan/Documents/code/7fc73135-54ae-4bb5-b0bf-19dbd7619162/node_modules/jest-jasmine2/build/queueRunner.js:26:19)
    at /Users/tan/Documents/code/7fc73135-54ae-4bb5-b0bf-19dbd7619162/node_modules/jest-jasmine2/build/queueRunner.js:73:41</failure>
    </testcase>
    <testcase classname="validatePassword function should return false for a password longer than 15 characters" name="validatePassword function should return false for a password longer than 15 characters" time="0">
      <failure>Error: expect(received).toBe(expected) // Object.is equality

Expected: false
Received: &quot;Abcdefghijk12345L&quot;
    at Object.&lt;anonymous&gt; (/Users/tan/Documents/code/7fc73135-54ae-4bb5-b0bf-19dbd7619162/src/App.test.js:79:51)
    at Object.asyncJestTest (/Users/tan/Documents/code/7fc73135-54ae-4bb5-b0bf-19dbd7619162/node_modules/jest-jasmine2/build/jasmineAsyncInstall.js:102:37)
    at /Users/tan/Documents/code/7fc73135-54ae-4bb5-b0bf-19dbd7619162/node_modules/jest-jasmine2/build/queueRunner.js:43:12
    at new Promise (&lt;anonymous&gt;)
    at mapper (/Users/tan/Documents/code/7fc73135-54ae-4bb5-b0bf-19dbd7619162/node_modules/jest-jasmine2/build/queueRunner.js:26:19)
    at /Users/tan/Documents/code/7fc73135-54ae-4bb5-b0bf-19dbd7619162/node_modules/jest-jasmine2/build/queueRunner.js:73:41</failure>
    </testcase>
    <testcase classname="validatePassword function should return false for a password without an uppercase letter" name="validatePassword function should return false for a password without an uppercase letter" time="0.001">
      <failure>Error: expect(received).toBe(expected) // Object.is equality

Expected: false
Received: &quot;abcd1234&quot;
    at Object.&lt;anonymous&gt; (/Users/tan/Documents/code/7fc73135-54ae-4bb5-b0bf-19dbd7619162/src/App.test.js:84:51)
    at Object.asyncJestTest (/Users/tan/Documents/code/7fc73135-54ae-4bb5-b0bf-19dbd7619162/node_modules/jest-jasmine2/build/jasmineAsyncInstall.js:102:37)
    at /Users/tan/Documents/code/7fc73135-54ae-4bb5-b0bf-19dbd7619162/node_modules/jest-jasmine2/build/queueRunner.js:43:12
    at new Promise (&lt;anonymous&gt;)
    at mapper (/Users/tan/Documents/code/7fc73135-54ae-4bb5-b0bf-19dbd7619162/node_modules/jest-jasmine2/build/queueRunner.js:26:19)
    at /Users/tan/Documents/code/7fc73135-54ae-4bb5-b0bf-19dbd7619162/node_modules/jest-jasmine2/build/queueRunner.js:73:41</failure>
    </testcase>
    <testcase classname="validatePassword function should return false for a password without a lowercase letter" name="validatePassword function should return false for a password without a lowercase letter" time="0">
      <failure>Error: expect(received).toBe(expected) // Object.is equality

Expected: false
Received: &quot;ABCD1234&quot;
    at Object.&lt;anonymous&gt; (/Users/tan/Documents/code/7fc73135-54ae-4bb5-b0bf-19dbd7619162/src/App.test.js:89:51)
    at Object.asyncJestTest (/Users/tan/Documents/code/7fc73135-54ae-4bb5-b0bf-19dbd7619162/node_modules/jest-jasmine2/build/jasmineAsyncInstall.js:102:37)
    at /Users/tan/Documents/code/7fc73135-54ae-4bb5-b0bf-19dbd7619162/node_modules/jest-jasmine2/build/queueRunner.js:43:12
    at new Promise (&lt;anonymous&gt;)
    at mapper (/Users/tan/Documents/code/7fc73135-54ae-4bb5-b0bf-19dbd7619162/node_modules/jest-jasmine2/build/queueRunner.js:26:19)
    at /Users/tan/Documents/code/7fc73135-54ae-4bb5-b0bf-19dbd7619162/node_modules/jest-jasmine2/build/queueRunner.js:73:41</failure>
    </testcase>
    <testcase classname="validatePassword function should return false for a password without a digit" name="validatePassword function should return false for a password without a digit" time="0">
      <failure>Error: expect(received).toBe(expected) // Object.is equality

Expected: false
Received: &quot;Abcdefgh&quot;
    at Object.&lt;anonymous&gt; (/Users/tan/Documents/code/7fc73135-54ae-4bb5-b0bf-19dbd7619162/src/App.test.js:94:51)
    at Object.asyncJestTest (/Users/tan/Documents/code/7fc73135-54ae-4bb5-b0bf-19dbd7619162/node_modules/jest-jasmine2/build/jasmineAsyncInstall.js:102:37)
    at /Users/tan/Documents/code/7fc73135-54ae-4bb5-b0bf-19dbd7619162/node_modules/jest-jasmine2/build/queueRunner.js:43:12
    at new Promise (&lt;anonymous&gt;)
    at mapper (/Users/tan/Documents/code/7fc73135-54ae-4bb5-b0bf-19dbd7619162/node_modules/jest-jasmine2/build/queueRunner.js:26:19)
    at /Users/tan/Documents/code/7fc73135-54ae-4bb5-b0bf-19dbd7619162/node_modules/jest-jasmine2/build/queueRunner.js:73:41</failure>
    </testcase>
    <testcase classname="NameStep component renders name input field of type text" name="NameStep component renders name input field of type text" time="0.016">
      <failure>Error: expect(element).toHaveAttribute(&quot;type&quot;, &quot;text&quot;) // element.getAttribute(&quot;type&quot;) === &quot;text&quot;

Expected the element to have attribute:
  type=&quot;text&quot;
Received:
  type=&quot;number&quot;
    at Object.&lt;anonymous&gt; (/Users/tan/Documents/code/7fc73135-54ae-4bb5-b0bf-19dbd7619162/src/App.test.js:108:27)
    at Object.asyncJestTest (/Users/tan/Documents/code/7fc73135-54ae-4bb5-b0bf-19dbd7619162/node_modules/jest-jasmine2/build/jasmineAsyncInstall.js:102:37)
    at /Users/tan/Documents/code/7fc73135-54ae-4bb5-b0bf-19dbd7619162/node_modules/jest-jasmine2/build/queueRunner.js:43:12
    at new Promise (&lt;anonymous&gt;)
    at mapper (/Users/tan/Documents/code/7fc73135-54ae-4bb5-b0bf-19dbd7619162/node_modules/jest-jasmine2/build/queueRunner.js:26:19)
    at /Users/tan/Documents/code/7fc73135-54ae-4bb5-b0bf-19dbd7619162/node_modules/jest-jasmine2/build/queueRunner.js:73:41</failure>
    </testcase>
    <testcase classname="NameStep component does not show validation message initially" name="NameStep component does not show validation message initially" time="0.004">
      <failure>Error: expect(received).toBeNull()

Received: &lt;p class=&quot;error-message&quot; data-testid=&quot;name-validation-message&quot;&gt;Valid Name&lt;/p&gt;
    at Object.&lt;anonymous&gt; (/Users/tan/Documents/code/7fc73135-54ae-4bb5-b0bf-19dbd7619162/src/App.test.js:113:39)
    at Object.asyncJestTest (/Users/tan/Documents/code/7fc73135-54ae-4bb5-b0bf-19dbd7619162/node_modules/jest-jasmine2/build/jasmineAsyncInstall.js:102:37)
    at /Users/tan/Documents/code/7fc73135-54ae-4bb5-b0bf-19dbd7619162/node_modules/jest-jasmine2/build/queueRunner.js:43:12
    at new Promise (&lt;anonymous&gt;)
    at mapper (/Users/tan/Documents/code/7fc73135-54ae-4bb5-b0bf-19dbd7619162/node_modules/jest-jasmine2/build/queueRunner.js:26:19)
    at /Users/tan/Documents/code/7fc73135-54ae-4bb5-b0bf-19dbd7619162/node_modules/jest-jasmine2/build/queueRunner.js:73:41</failure>
    </testcase>
    <testcase classname="NameStep component shows validation message when name is invalid" name="NameStep component shows validation message when name is invalid" time="0.004">
      <failure>Error: expect(element).toHaveTextContent()

Expected element to have text content:
  Invalid Name!
Received:
  Valid Name
    at Object.&lt;anonymous&gt; (/Users/tan/Documents/code/7fc73135-54ae-4bb5-b0bf-19dbd7619162/src/App.test.js:121:39)
    at Object.asyncJestTest (/Users/tan/Documents/code/7fc73135-54ae-4bb5-b0bf-19dbd7619162/node_modules/jest-jasmine2/build/jasmineAsyncInstall.js:102:37)
    at /Users/tan/Documents/code/7fc73135-54ae-4bb5-b0bf-19dbd7619162/node_modules/jest-jasmine2/build/queueRunner.js:43:12
    at new Promise (&lt;anonymous&gt;)
    at mapper (/Users/tan/Documents/code/7fc73135-54ae-4bb5-b0bf-19dbd7619162/node_modules/jest-jasmine2/build/queueRunner.js:26:19)
    at /Users/tan/Documents/code/7fc73135-54ae-4bb5-b0bf-19dbd7619162/node_modules/jest-jasmine2/build/queueRunner.js:73:41</failure>
    </testcase>
    <testcase classname="NameStep component does not show validation message when name is valid" name="NameStep component does not show validation message when name is valid" time="0.002">
      <failure>Error: expect(received).toBeNull()

Received: &lt;p class=&quot;error-message&quot; data-testid=&quot;name-validation-message&quot;&gt;Valid Name&lt;/p&gt;
    at Object.&lt;anonymous&gt; (/Users/tan/Documents/code/7fc73135-54ae-4bb5-b0bf-19dbd7619162/src/App.test.js:129:39)
    at Object.asyncJestTest (/Users/tan/Documents/code/7fc73135-54ae-4bb5-b0bf-19dbd7619162/node_modules/jest-jasmine2/build/jasmineAsyncInstall.js:102:37)
    at /Users/tan/Documents/code/7fc73135-54ae-4bb5-b0bf-19dbd7619162/node_modules/jest-jasmine2/build/queueRunner.js:43:12
    at new Promise (&lt;anonymous&gt;)
    at mapper (/Users/tan/Documents/code/7fc73135-54ae-4bb5-b0bf-19dbd7619162/node_modules/jest-jasmine2/build/queueRunner.js:26:19)
    at /Users/tan/Documents/code/7fc73135-54ae-4bb5-b0bf-19dbd7619162/node_modules/jest-jasmine2/build/queueRunner.js:73:41</failure>
    </testcase>
    <testcase classname="EmailStep component renders email input field" name="EmailStep component renders email input field" time="1.016">
      <failure>TestingLibraryElementError: Unable to find an element by: [data-testid=&quot;email-input&quot;]

&lt;body&gt;
  &lt;div&gt;
    &lt;div
      class=&quot;App&quot;
    &gt;
      &lt;h8k-navbar
        header=&quot;Multi Step Validation Form&quot;
      /&gt;
      &lt;div
        class=&quot;layout-column align-items-center justify-content-start&quot;
      &gt;
        &lt;div
          class=&quot;card w-40 pt-30 pb-8 mt-10&quot;
        &gt;
          &lt;form
            data-testid=&quot;step-form&quot;
          &gt;
            &lt;div&gt;
              &lt;section
                class=&quot;layout-row align-items-center justify-content-center mt-10&quot;
              &gt;
                &lt;label
                  class=&quot;name-label&quot;
                  for=&quot;name&quot;
                &gt;
                  Name:
                &lt;/label&gt;
                &lt;input
                  data-testid=&quot;name-input&quot;
                  id=&quot;name&quot;
                  type=&quot;number&quot;
                  value=&quot;Henry&quot;
                /&gt;
              &lt;/section&gt;
              &lt;section
                class=&quot;layout-row align-items-center justify-content-center mt-10&quot;
              &gt;
                &lt;p
                  class=&quot;error-message&quot;
                  data-testid=&quot;name-validation-message&quot;
                &gt;
                  Valid Name
                &lt;/p&gt;
              &lt;/section&gt;
            &lt;/div&gt;
            &lt;div&gt;
              &lt;section
                class=&quot;layout-row align-items-center justify-content-center mt-15&quot;
              &gt;
                &lt;button
                  data-testid=&quot;prev-btn&quot;
                  disabled=&quot;&quot;
                &gt;
                  Previous
                &lt;/button&gt;
                &lt;button
                  data-testid=&quot;next-btn&quot;
                  disabled=&quot;&quot;
                &gt;
                  Next
                &lt;/button&gt;
              &lt;/section&gt;
            &lt;/div&gt;
          &lt;/form&gt;
        &lt;/div&gt;
        &lt;div
          class=&quot;mt-20&quot;
        &gt;
          &lt;div
            data-testid=&quot;progress-indicator&quot;
          &gt;
            &lt;span&gt;
              Step 
              1
              /
              3
            &lt;/span&gt;
          &lt;/div&gt;
        &lt;/div&gt;
      &lt;/div&gt;
    &lt;/div&gt;
  &lt;/div&gt;
&lt;/body&gt;

&lt;html&gt;
  &lt;head /&gt;
  &lt;body&gt;
    &lt;div&gt;
      &lt;div
        class=&quot;App&quot;
      &gt;
        &lt;h8k-navbar
          header=&quot;Multi Step Validation Form&quot;
        /&gt;
        &lt;div
          class=&quot;layout-column align-items-center justify-content-start&quot;
        &gt;
          &lt;div
            class=&quot;card w-40 pt-30 pb-8 mt-10&quot;
          &gt;
            &lt;form
              data-testid=&quot;step-form&quot;
            &gt;
              &lt;div&gt;
                &lt;section
                  class=&quot;layout-row align-items-center justify-content-center mt-10&quot;
                &gt;
                  &lt;label
                    class=&quot;name-label&quot;
                    for=&quot;name&quot;
                  &gt;
                    Name:
                  &lt;/label&gt;
                  &lt;input
                    data-testid=&quot;name-input&quot;
                    id=&quot;name&quot;
                    type=&quot;number&quot;
                    value=&quot;Henry&quot;
                  /&gt;
                &lt;/section&gt;
                &lt;section
                  class=&quot;layout-row align-items-center justify-content-center mt-10&quot;
                &gt;
                  &lt;p
                    class=&quot;error-message&quot;
                    data-testid=&quot;name-validation-message&quot;
                  &gt;
                    Valid Name
                  &lt;/p&gt;
                &lt;/section&gt;
              &lt;/div&gt;
              &lt;div&gt;
                &lt;section
                  class=&quot;layout-row align-items-center justify-content-center mt-15&quot;
                &gt;
                  &lt;button
                    data-testid=&quot;prev-btn&quot;
                    disabled=&quot;&quot;
                  &gt;
                    Previous
                  &lt;/button&gt;
                  &lt;button
                    data-testid=&quot;next-btn&quot;
                    disabled=&quot;&quot;
                  &gt;
                    Next
                  &lt;/button&gt;
                &lt;/section&gt;
              &lt;/div&gt;
            &lt;/form&gt;
          &lt;/div&gt;
          &lt;div
            class=&quot;mt-20&quot;
          &gt;
            &lt;div
              data-testid=&quot;progress-indicator&quot;
            &gt;
              &lt;span&gt;
                Step 
                1
                /
                3
              &lt;/span&gt;
            &lt;/div&gt;
          &lt;/div&gt;
        &lt;/div&gt;
      &lt;/div&gt;
    &lt;/div&gt;
  &lt;/body&gt;
&lt;/html&gt;Error: Unable to find an element by: [data-testid=&quot;email-input&quot;]

&lt;body&gt;
  &lt;div&gt;
    &lt;div
      class=&quot;App&quot;
    &gt;
      &lt;h8k-navbar
        header=&quot;Multi Step Validation Form&quot;
      /&gt;
      &lt;div
        class=&quot;layout-column align-items-center justify-content-start&quot;
      &gt;
        &lt;div
          class=&quot;card w-40 pt-30 pb-8 mt-10&quot;
        &gt;
          &lt;form
            data-testid=&quot;step-form&quot;
          &gt;
            &lt;div&gt;
              &lt;section
                class=&quot;layout-row align-items-center justify-content-center mt-10&quot;
              &gt;
                &lt;label
                  class=&quot;name-label&quot;
                  for=&quot;name&quot;
                &gt;
                  Name:
                &lt;/label&gt;
                &lt;input
                  data-testid=&quot;name-input&quot;
                  id=&quot;name&quot;
                  type=&quot;number&quot;
                  value=&quot;Henry&quot;
                /&gt;
              &lt;/section&gt;
              &lt;section
                class=&quot;layout-row align-items-center justify-content-center mt-10&quot;
              &gt;
                &lt;p
                  class=&quot;error-message&quot;
                  data-testid=&quot;name-validation-message&quot;
                &gt;
                  Valid Name
                &lt;/p&gt;
              &lt;/section&gt;
            &lt;/div&gt;
            &lt;div&gt;
              &lt;section
                class=&quot;layout-row align-items-center justify-content-center mt-15&quot;
              &gt;
                &lt;button
                  data-testid=&quot;prev-btn&quot;
                  disabled=&quot;&quot;
                &gt;
                  Previous
                &lt;/button&gt;
                &lt;button
                  data-testid=&quot;next-btn&quot;
                  disabled=&quot;&quot;
                &gt;
                  Next
                &lt;/button&gt;
              &lt;/section&gt;
            &lt;/div&gt;
          &lt;/form&gt;
        &lt;/div&gt;
        &lt;div
          class=&quot;mt-20&quot;
        &gt;
          &lt;div
            data-testid=&quot;progress-indicator&quot;
          &gt;
            &lt;span&gt;
              Step 
              1
              /
              3
            &lt;/span&gt;
          &lt;/div&gt;
        &lt;/div&gt;
      &lt;/div&gt;
    &lt;/div&gt;
  &lt;/div&gt;
&lt;/body&gt;
    at waitForWrapper (/Users/tan/Documents/code/7fc73135-54ae-4bb5-b0bf-19dbd7619162/node_modules/@testing-library/dom/dist/wait-for.js:134:27)
    at Object.&lt;anonymous&gt; (/Users/tan/Documents/code/7fc73135-54ae-4bb5-b0bf-19dbd7619162/src/App.test.js:145:15)
    at Object.asyncJestTest (/Users/tan/Documents/code/7fc73135-54ae-4bb5-b0bf-19dbd7619162/node_modules/jest-jasmine2/build/jasmineAsyncInstall.js:102:37)
    at /Users/tan/Documents/code/7fc73135-54ae-4bb5-b0bf-19dbd7619162/node_modules/jest-jasmine2/build/queueRunner.js:43:12
    at new Promise (&lt;anonymous&gt;)
    at mapper (/Users/tan/Documents/code/7fc73135-54ae-4bb5-b0bf-19dbd7619162/node_modules/jest-jasmine2/build/queueRunner.js:26:19)
    at /Users/tan/Documents/code/7fc73135-54ae-4bb5-b0bf-19dbd7619162/node_modules/jest-jasmine2/build/queueRunner.js:73:41</failure>
    </testcase>
    <testcase classname="EmailStep component does not show validation message initially" name="EmailStep component does not show validation message initially" time="1.01">
      <failure>TestingLibraryElementError: Unable to find an element by: [data-testid=&quot;email-input&quot;]

&lt;body&gt;
  &lt;div&gt;
    &lt;div
      class=&quot;App&quot;
    &gt;
      &lt;h8k-navbar
        header=&quot;Multi Step Validation Form&quot;
      /&gt;
      &lt;div
        class=&quot;layout-column align-items-center justify-content-start&quot;
      &gt;
        &lt;div
          class=&quot;card w-40 pt-30 pb-8 mt-10&quot;
        &gt;
          &lt;form
            data-testid=&quot;step-form&quot;
          &gt;
            &lt;div&gt;
              &lt;section
                class=&quot;layout-row align-items-center justify-content-center mt-10&quot;
              &gt;
                &lt;label
                  class=&quot;name-label&quot;
                  for=&quot;name&quot;
                &gt;
                  Name:
                &lt;/label&gt;
                &lt;input
                  data-testid=&quot;name-input&quot;
                  id=&quot;name&quot;
                  type=&quot;number&quot;
                  value=&quot;Henry&quot;
                /&gt;
              &lt;/section&gt;
              &lt;section
                class=&quot;layout-row align-items-center justify-content-center mt-10&quot;
              &gt;
                &lt;p
                  class=&quot;error-message&quot;
                  data-testid=&quot;name-validation-message&quot;
                &gt;
                  Valid Name
                &lt;/p&gt;
              &lt;/section&gt;
            &lt;/div&gt;
            &lt;div&gt;
              &lt;section
                class=&quot;layout-row align-items-center justify-content-center mt-15&quot;
              &gt;
                &lt;button
                  data-testid=&quot;prev-btn&quot;
                  disabled=&quot;&quot;
                &gt;
                  Previous
                &lt;/button&gt;
                &lt;button
                  data-testid=&quot;next-btn&quot;
                  disabled=&quot;&quot;
                &gt;
                  Next
                &lt;/button&gt;
              &lt;/section&gt;
            &lt;/div&gt;
          &lt;/form&gt;
        &lt;/div&gt;
        &lt;div
          class=&quot;mt-20&quot;
        &gt;
          &lt;div
            data-testid=&quot;progress-indicator&quot;
          &gt;
            &lt;span&gt;
              Step 
              1
              /
              3
            &lt;/span&gt;
          &lt;/div&gt;
        &lt;/div&gt;
      &lt;/div&gt;
    &lt;/div&gt;
  &lt;/div&gt;
&lt;/body&gt;

&lt;html&gt;
  &lt;head /&gt;
  &lt;body&gt;
    &lt;div&gt;
      &lt;div
        class=&quot;App&quot;
      &gt;
        &lt;h8k-navbar
          header=&quot;Multi Step Validation Form&quot;
        /&gt;
        &lt;div
          class=&quot;layout-column align-items-center justify-content-start&quot;
        &gt;
          &lt;div
            class=&quot;card w-40 pt-30 pb-8 mt-10&quot;
          &gt;
            &lt;form
              data-testid=&quot;step-form&quot;
            &gt;
              &lt;div&gt;
                &lt;section
                  class=&quot;layout-row align-items-center justify-content-center mt-10&quot;
                &gt;
                  &lt;label
                    class=&quot;name-label&quot;
                    for=&quot;name&quot;
                  &gt;
                    Name:
                  &lt;/label&gt;
                  &lt;input
                    data-testid=&quot;name-input&quot;
                    id=&quot;name&quot;
                    type=&quot;number&quot;
                    value=&quot;Henry&quot;
                  /&gt;
                &lt;/section&gt;
                &lt;section
                  class=&quot;layout-row align-items-center justify-content-center mt-10&quot;
                &gt;
                  &lt;p
                    class=&quot;error-message&quot;
                    data-testid=&quot;name-validation-message&quot;
                  &gt;
                    Valid Name
                  &lt;/p&gt;
                &lt;/section&gt;
              &lt;/div&gt;
              &lt;div&gt;
                &lt;section
                  class=&quot;layout-row align-items-center justify-content-center mt-15&quot;
                &gt;
                  &lt;button
                    data-testid=&quot;prev-btn&quot;
                    disabled=&quot;&quot;
                  &gt;
                    Previous
                  &lt;/button&gt;
                  &lt;button
                    data-testid=&quot;next-btn&quot;
                    disabled=&quot;&quot;
                  &gt;
                    Next
                  &lt;/button&gt;
                &lt;/section&gt;
              &lt;/div&gt;
            &lt;/form&gt;
          &lt;/div&gt;
          &lt;div
            class=&quot;mt-20&quot;
          &gt;
            &lt;div
              data-testid=&quot;progress-indicator&quot;
            &gt;
              &lt;span&gt;
                Step 
                1
                /
                3
              &lt;/span&gt;
            &lt;/div&gt;
          &lt;/div&gt;
        &lt;/div&gt;
      &lt;/div&gt;
    &lt;/div&gt;
  &lt;/body&gt;
&lt;/html&gt;Error: Unable to find an element by: [data-testid=&quot;email-input&quot;]

&lt;body&gt;
  &lt;div&gt;
    &lt;div
      class=&quot;App&quot;
    &gt;
      &lt;h8k-navbar
        header=&quot;Multi Step Validation Form&quot;
      /&gt;
      &lt;div
        class=&quot;layout-column align-items-center justify-content-start&quot;
      &gt;
        &lt;div
          class=&quot;card w-40 pt-30 pb-8 mt-10&quot;
        &gt;
          &lt;form
            data-testid=&quot;step-form&quot;
          &gt;
            &lt;div&gt;
              &lt;section
                class=&quot;layout-row align-items-center justify-content-center mt-10&quot;
              &gt;
                &lt;label
                  class=&quot;name-label&quot;
                  for=&quot;name&quot;
                &gt;
                  Name:
                &lt;/label&gt;
                &lt;input
                  data-testid=&quot;name-input&quot;
                  id=&quot;name&quot;
                  type=&quot;number&quot;
                  value=&quot;Henry&quot;
                /&gt;
              &lt;/section&gt;
              &lt;section
                class=&quot;layout-row align-items-center justify-content-center mt-10&quot;
              &gt;
                &lt;p
                  class=&quot;error-message&quot;
                  data-testid=&quot;name-validation-message&quot;
                &gt;
                  Valid Name
                &lt;/p&gt;
              &lt;/section&gt;
            &lt;/div&gt;
            &lt;div&gt;
              &lt;section
                class=&quot;layout-row align-items-center justify-content-center mt-15&quot;
              &gt;
                &lt;button
                  data-testid=&quot;prev-btn&quot;
                  disabled=&quot;&quot;
                &gt;
                  Previous
                &lt;/button&gt;
                &lt;button
                  data-testid=&quot;next-btn&quot;
                  disabled=&quot;&quot;
                &gt;
                  Next
                &lt;/button&gt;
              &lt;/section&gt;
            &lt;/div&gt;
          &lt;/form&gt;
        &lt;/div&gt;
        &lt;div
          class=&quot;mt-20&quot;
        &gt;
          &lt;div
            data-testid=&quot;progress-indicator&quot;
          &gt;
            &lt;span&gt;
              Step 
              1
              /
              3
            &lt;/span&gt;
          &lt;/div&gt;
        &lt;/div&gt;
      &lt;/div&gt;
    &lt;/div&gt;
  &lt;/div&gt;
&lt;/body&gt;
    at waitForWrapper (/Users/tan/Documents/code/7fc73135-54ae-4bb5-b0bf-19dbd7619162/node_modules/@testing-library/dom/dist/wait-for.js:134:27)
    at Object.&lt;anonymous&gt; (/Users/tan/Documents/code/7fc73135-54ae-4bb5-b0bf-19dbd7619162/src/App.test.js:153:15)
    at Object.asyncJestTest (/Users/tan/Documents/code/7fc73135-54ae-4bb5-b0bf-19dbd7619162/node_modules/jest-jasmine2/build/jasmineAsyncInstall.js:102:37)
    at /Users/tan/Documents/code/7fc73135-54ae-4bb5-b0bf-19dbd7619162/node_modules/jest-jasmine2/build/queueRunner.js:43:12
    at new Promise (&lt;anonymous&gt;)
    at mapper (/Users/tan/Documents/code/7fc73135-54ae-4bb5-b0bf-19dbd7619162/node_modules/jest-jasmine2/build/queueRunner.js:26:19)
    at /Users/tan/Documents/code/7fc73135-54ae-4bb5-b0bf-19dbd7619162/node_modules/jest-jasmine2/build/queueRunner.js:73:41</failure>
    </testcase>
    <testcase classname="EmailStep component shows validation message when email is invalid" name="EmailStep component shows validation message when email is invalid" time="1.011">
      <failure>TestingLibraryElementError: Unable to find an element by: [data-testid=&quot;email-input&quot;]

&lt;body&gt;
  &lt;div&gt;
    &lt;div
      class=&quot;App&quot;
    &gt;
      &lt;h8k-navbar
        header=&quot;Multi Step Validation Form&quot;
      /&gt;
      &lt;div
        class=&quot;layout-column align-items-center justify-content-start&quot;
      &gt;
        &lt;div
          class=&quot;card w-40 pt-30 pb-8 mt-10&quot;
        &gt;
          &lt;form
            data-testid=&quot;step-form&quot;
          &gt;
            &lt;div&gt;
              &lt;section
                class=&quot;layout-row align-items-center justify-content-center mt-10&quot;
              &gt;
                &lt;label
                  class=&quot;name-label&quot;
                  for=&quot;name&quot;
                &gt;
                  Name:
                &lt;/label&gt;
                &lt;input
                  data-testid=&quot;name-input&quot;
                  id=&quot;name&quot;
                  type=&quot;number&quot;
                  value=&quot;Henry&quot;
                /&gt;
              &lt;/section&gt;
              &lt;section
                class=&quot;layout-row align-items-center justify-content-center mt-10&quot;
              &gt;
                &lt;p
                  class=&quot;error-message&quot;
                  data-testid=&quot;name-validation-message&quot;
                &gt;
                  Valid Name
                &lt;/p&gt;
              &lt;/section&gt;
            &lt;/div&gt;
            &lt;div&gt;
              &lt;section
                class=&quot;layout-row align-items-center justify-content-center mt-15&quot;
              &gt;
                &lt;button
                  data-testid=&quot;prev-btn&quot;
                  disabled=&quot;&quot;
                &gt;
                  Previous
                &lt;/button&gt;
                &lt;button
                  data-testid=&quot;next-btn&quot;
                  disabled=&quot;&quot;
                &gt;
                  Next
                &lt;/button&gt;
              &lt;/section&gt;
            &lt;/div&gt;
          &lt;/form&gt;
        &lt;/div&gt;
        &lt;div
          class=&quot;mt-20&quot;
        &gt;
          &lt;div
            data-testid=&quot;progress-indicator&quot;
          &gt;
            &lt;span&gt;
              Step 
              1
              /
              3
            &lt;/span&gt;
          &lt;/div&gt;
        &lt;/div&gt;
      &lt;/div&gt;
    &lt;/div&gt;
  &lt;/div&gt;
&lt;/body&gt;

&lt;html&gt;
  &lt;head /&gt;
  &lt;body&gt;
    &lt;div&gt;
      &lt;div
        class=&quot;App&quot;
      &gt;
        &lt;h8k-navbar
          header=&quot;Multi Step Validation Form&quot;
        /&gt;
        &lt;div
          class=&quot;layout-column align-items-center justify-content-start&quot;
        &gt;
          &lt;div
            class=&quot;card w-40 pt-30 pb-8 mt-10&quot;
          &gt;
            &lt;form
              data-testid=&quot;step-form&quot;
            &gt;
              &lt;div&gt;
                &lt;section
                  class=&quot;layout-row align-items-center justify-content-center mt-10&quot;
                &gt;
                  &lt;label
                    class=&quot;name-label&quot;
                    for=&quot;name&quot;
                  &gt;
                    Name:
                  &lt;/label&gt;
                  &lt;input
                    data-testid=&quot;name-input&quot;
                    id=&quot;name&quot;
                    type=&quot;number&quot;
                    value=&quot;Henry&quot;
                  /&gt;
                &lt;/section&gt;
                &lt;section
                  class=&quot;layout-row align-items-center justify-content-center mt-10&quot;
                &gt;
                  &lt;p
                    class=&quot;error-message&quot;
                    data-testid=&quot;name-validation-message&quot;
                  &gt;
                    Valid Name
                  &lt;/p&gt;
                &lt;/section&gt;
              &lt;/div&gt;
              &lt;div&gt;
                &lt;section
                  class=&quot;layout-row align-items-center justify-content-center mt-15&quot;
                &gt;
                  &lt;button
                    data-testid=&quot;prev-btn&quot;
                    disabled=&quot;&quot;
                  &gt;
                    Previous
                  &lt;/button&gt;
                  &lt;button
                    data-testid=&quot;next-btn&quot;
                    disabled=&quot;&quot;
                  &gt;
                    Next
                  &lt;/button&gt;
                &lt;/section&gt;
              &lt;/div&gt;
            &lt;/form&gt;
          &lt;/div&gt;
          &lt;div
            class=&quot;mt-20&quot;
          &gt;
            &lt;div
              data-testid=&quot;progress-indicator&quot;
            &gt;
              &lt;span&gt;
                Step 
                1
                /
                3
              &lt;/span&gt;
            &lt;/div&gt;
          &lt;/div&gt;
        &lt;/div&gt;
      &lt;/div&gt;
    &lt;/div&gt;
  &lt;/body&gt;
&lt;/html&gt;Error: Unable to find an element by: [data-testid=&quot;email-input&quot;]

&lt;body&gt;
  &lt;div&gt;
    &lt;div
      class=&quot;App&quot;
    &gt;
      &lt;h8k-navbar
        header=&quot;Multi Step Validation Form&quot;
      /&gt;
      &lt;div
        class=&quot;layout-column align-items-center justify-content-start&quot;
      &gt;
        &lt;div
          class=&quot;card w-40 pt-30 pb-8 mt-10&quot;
        &gt;
          &lt;form
            data-testid=&quot;step-form&quot;
          &gt;
            &lt;div&gt;
              &lt;section
                class=&quot;layout-row align-items-center justify-content-center mt-10&quot;
              &gt;
                &lt;label
                  class=&quot;name-label&quot;
                  for=&quot;name&quot;
                &gt;
                  Name:
                &lt;/label&gt;
                &lt;input
                  data-testid=&quot;name-input&quot;
                  id=&quot;name&quot;
                  type=&quot;number&quot;
                  value=&quot;Henry&quot;
                /&gt;
              &lt;/section&gt;
              &lt;section
                class=&quot;layout-row align-items-center justify-content-center mt-10&quot;
              &gt;
                &lt;p
                  class=&quot;error-message&quot;
                  data-testid=&quot;name-validation-message&quot;
                &gt;
                  Valid Name
                &lt;/p&gt;
              &lt;/section&gt;
            &lt;/div&gt;
            &lt;div&gt;
              &lt;section
                class=&quot;layout-row align-items-center justify-content-center mt-15&quot;
              &gt;
                &lt;button
                  data-testid=&quot;prev-btn&quot;
                  disabled=&quot;&quot;
                &gt;
                  Previous
                &lt;/button&gt;
                &lt;button
                  data-testid=&quot;next-btn&quot;
                  disabled=&quot;&quot;
                &gt;
                  Next
                &lt;/button&gt;
              &lt;/section&gt;
            &lt;/div&gt;
          &lt;/form&gt;
        &lt;/div&gt;
        &lt;div
          class=&quot;mt-20&quot;
        &gt;
          &lt;div
            data-testid=&quot;progress-indicator&quot;
          &gt;
            &lt;span&gt;
              Step 
              1
              /
              3
            &lt;/span&gt;
          &lt;/div&gt;
        &lt;/div&gt;
      &lt;/div&gt;
    &lt;/div&gt;
  &lt;/div&gt;
&lt;/body&gt;
    at waitForWrapper (/Users/tan/Documents/code/7fc73135-54ae-4bb5-b0bf-19dbd7619162/node_modules/@testing-library/dom/dist/wait-for.js:134:27)
    at Object.&lt;anonymous&gt; (/Users/tan/Documents/code/7fc73135-54ae-4bb5-b0bf-19dbd7619162/src/App.test.js:163:15)
    at Object.asyncJestTest (/Users/tan/Documents/code/7fc73135-54ae-4bb5-b0bf-19dbd7619162/node_modules/jest-jasmine2/build/jasmineAsyncInstall.js:102:37)
    at /Users/tan/Documents/code/7fc73135-54ae-4bb5-b0bf-19dbd7619162/node_modules/jest-jasmine2/build/queueRunner.js:43:12
    at new Promise (&lt;anonymous&gt;)
    at mapper (/Users/tan/Documents/code/7fc73135-54ae-4bb5-b0bf-19dbd7619162/node_modules/jest-jasmine2/build/queueRunner.js:26:19)
    at /Users/tan/Documents/code/7fc73135-54ae-4bb5-b0bf-19dbd7619162/node_modules/jest-jasmine2/build/queueRunner.js:73:41</failure>
    </testcase>
    <testcase classname="EmailStep component does not show validation message when email is valid" name="EmailStep component does not show validation message when email is valid" time="1.012">
      <failure>TestingLibraryElementError: Unable to find an element by: [data-testid=&quot;email-input&quot;]

&lt;body&gt;
  &lt;div&gt;
    &lt;div
      class=&quot;App&quot;
    &gt;
      &lt;h8k-navbar
        header=&quot;Multi Step Validation Form&quot;
      /&gt;
      &lt;div
        class=&quot;layout-column align-items-center justify-content-start&quot;
      &gt;
        &lt;div
          class=&quot;card w-40 pt-30 pb-8 mt-10&quot;
        &gt;
          &lt;form
            data-testid=&quot;step-form&quot;
          &gt;
            &lt;div&gt;
              &lt;section
                class=&quot;layout-row align-items-center justify-content-center mt-10&quot;
              &gt;
                &lt;label
                  class=&quot;name-label&quot;
                  for=&quot;name&quot;
                &gt;
                  Name:
                &lt;/label&gt;
                &lt;input
                  data-testid=&quot;name-input&quot;
                  id=&quot;name&quot;
                  type=&quot;number&quot;
                  value=&quot;Henry&quot;
                /&gt;
              &lt;/section&gt;
              &lt;section
                class=&quot;layout-row align-items-center justify-content-center mt-10&quot;
              &gt;
                &lt;p
                  class=&quot;error-message&quot;
                  data-testid=&quot;name-validation-message&quot;
                &gt;
                  Valid Name
                &lt;/p&gt;
              &lt;/section&gt;
            &lt;/div&gt;
            &lt;div&gt;
              &lt;section
                class=&quot;layout-row align-items-center justify-content-center mt-15&quot;
              &gt;
                &lt;button
                  data-testid=&quot;prev-btn&quot;
                  disabled=&quot;&quot;
                &gt;
                  Previous
                &lt;/button&gt;
                &lt;button
                  data-testid=&quot;next-btn&quot;
                  disabled=&quot;&quot;
                &gt;
                  Next
                &lt;/button&gt;
              &lt;/section&gt;
            &lt;/div&gt;
          &lt;/form&gt;
        &lt;/div&gt;
        &lt;div
          class=&quot;mt-20&quot;
        &gt;
          &lt;div
            data-testid=&quot;progress-indicator&quot;
          &gt;
            &lt;span&gt;
              Step 
              1
              /
              3
            &lt;/span&gt;
          &lt;/div&gt;
        &lt;/div&gt;
      &lt;/div&gt;
    &lt;/div&gt;
  &lt;/div&gt;
&lt;/body&gt;

&lt;html&gt;
  &lt;head /&gt;
  &lt;body&gt;
    &lt;div&gt;
      &lt;div
        class=&quot;App&quot;
      &gt;
        &lt;h8k-navbar
          header=&quot;Multi Step Validation Form&quot;
        /&gt;
        &lt;div
          class=&quot;layout-column align-items-center justify-content-start&quot;
        &gt;
          &lt;div
            class=&quot;card w-40 pt-30 pb-8 mt-10&quot;
          &gt;
            &lt;form
              data-testid=&quot;step-form&quot;
            &gt;
              &lt;div&gt;
                &lt;section
                  class=&quot;layout-row align-items-center justify-content-center mt-10&quot;
                &gt;
                  &lt;label
                    class=&quot;name-label&quot;
                    for=&quot;name&quot;
                  &gt;
                    Name:
                  &lt;/label&gt;
                  &lt;input
                    data-testid=&quot;name-input&quot;
                    id=&quot;name&quot;
                    type=&quot;number&quot;
                    value=&quot;Henry&quot;
                  /&gt;
                &lt;/section&gt;
                &lt;section
                  class=&quot;layout-row align-items-center justify-content-center mt-10&quot;
                &gt;
                  &lt;p
                    class=&quot;error-message&quot;
                    data-testid=&quot;name-validation-message&quot;
                  &gt;
                    Valid Name
                  &lt;/p&gt;
                &lt;/section&gt;
              &lt;/div&gt;
              &lt;div&gt;
                &lt;section
                  class=&quot;layout-row align-items-center justify-content-center mt-15&quot;
                &gt;
                  &lt;button
                    data-testid=&quot;prev-btn&quot;
                    disabled=&quot;&quot;
                  &gt;
                    Previous
                  &lt;/button&gt;
                  &lt;button
                    data-testid=&quot;next-btn&quot;
                    disabled=&quot;&quot;
                  &gt;
                    Next
                  &lt;/button&gt;
                &lt;/section&gt;
              &lt;/div&gt;
            &lt;/form&gt;
          &lt;/div&gt;
          &lt;div
            class=&quot;mt-20&quot;
          &gt;
            &lt;div
              data-testid=&quot;progress-indicator&quot;
            &gt;
              &lt;span&gt;
                Step 
                1
                /
                3
              &lt;/span&gt;
            &lt;/div&gt;
          &lt;/div&gt;
        &lt;/div&gt;
      &lt;/div&gt;
    &lt;/div&gt;
  &lt;/body&gt;
&lt;/html&gt;Error: Unable to find an element by: [data-testid=&quot;email-input&quot;]

&lt;body&gt;
  &lt;div&gt;
    &lt;div
      class=&quot;App&quot;
    &gt;
      &lt;h8k-navbar
        header=&quot;Multi Step Validation Form&quot;
      /&gt;
      &lt;div
        class=&quot;layout-column align-items-center justify-content-start&quot;
      &gt;
        &lt;div
          class=&quot;card w-40 pt-30 pb-8 mt-10&quot;
        &gt;
          &lt;form
            data-testid=&quot;step-form&quot;
          &gt;
            &lt;div&gt;
              &lt;section
                class=&quot;layout-row align-items-center justify-content-center mt-10&quot;
              &gt;
                &lt;label
                  class=&quot;name-label&quot;
                  for=&quot;name&quot;
                &gt;
                  Name:
                &lt;/label&gt;
                &lt;input
                  data-testid=&quot;name-input&quot;
                  id=&quot;name&quot;
                  type=&quot;number&quot;
                  value=&quot;Henry&quot;
                /&gt;
              &lt;/section&gt;
              &lt;section
                class=&quot;layout-row align-items-center justify-content-center mt-10&quot;
              &gt;
                &lt;p
                  class=&quot;error-message&quot;
                  data-testid=&quot;name-validation-message&quot;
                &gt;
                  Valid Name
                &lt;/p&gt;
              &lt;/section&gt;
            &lt;/div&gt;
            &lt;div&gt;
              &lt;section
                class=&quot;layout-row align-items-center justify-content-center mt-15&quot;
              &gt;
                &lt;button
                  data-testid=&quot;prev-btn&quot;
                  disabled=&quot;&quot;
                &gt;
                  Previous
                &lt;/button&gt;
                &lt;button
                  data-testid=&quot;next-btn&quot;
                  disabled=&quot;&quot;
                &gt;
                  Next
                &lt;/button&gt;
              &lt;/section&gt;
            &lt;/div&gt;
          &lt;/form&gt;
        &lt;/div&gt;
        &lt;div
          class=&quot;mt-20&quot;
        &gt;
          &lt;div
            data-testid=&quot;progress-indicator&quot;
          &gt;
            &lt;span&gt;
              Step 
              1
              /
              3
            &lt;/span&gt;
          &lt;/div&gt;
        &lt;/div&gt;
      &lt;/div&gt;
    &lt;/div&gt;
  &lt;/div&gt;
&lt;/body&gt;
    at waitForWrapper (/Users/tan/Documents/code/7fc73135-54ae-4bb5-b0bf-19dbd7619162/node_modules/@testing-library/dom/dist/wait-for.js:134:27)
    at Object.&lt;anonymous&gt; (/Users/tan/Documents/code/7fc73135-54ae-4bb5-b0bf-19dbd7619162/src/App.test.js:173:15)
    at Object.asyncJestTest (/Users/tan/Documents/code/7fc73135-54ae-4bb5-b0bf-19dbd7619162/node_modules/jest-jasmine2/build/jasmineAsyncInstall.js:102:37)
    at /Users/tan/Documents/code/7fc73135-54ae-4bb5-b0bf-19dbd7619162/node_modules/jest-jasmine2/build/queueRunner.js:43:12
    at new Promise (&lt;anonymous&gt;)
    at mapper (/Users/tan/Documents/code/7fc73135-54ae-4bb5-b0bf-19dbd7619162/node_modules/jest-jasmine2/build/queueRunner.js:26:19)
    at /Users/tan/Documents/code/7fc73135-54ae-4bb5-b0bf-19dbd7619162/node_modules/jest-jasmine2/build/queueRunner.js:73:41</failure>
    </testcase>
    <testcase classname="Password component renders password input field" name="Password component renders password input field" time="2.014">
      <failure>TestingLibraryElementError: Unable to find an element by: [data-testid=&quot;email-input&quot;]

&lt;body&gt;
  &lt;div&gt;
    &lt;div
      class=&quot;App&quot;
    &gt;
      &lt;h8k-navbar
        header=&quot;Multi Step Validation Form&quot;
      /&gt;
      &lt;div
        class=&quot;layout-column align-items-center justify-content-start&quot;
      &gt;
        &lt;div
          class=&quot;card w-40 pt-30 pb-8 mt-10&quot;
        &gt;
          &lt;form
            data-testid=&quot;step-form&quot;
          &gt;
            &lt;div&gt;
              &lt;section
                class=&quot;layout-row align-items-center justify-content-center mt-10&quot;
              &gt;
                &lt;label
                  class=&quot;name-label&quot;
                  for=&quot;name&quot;
                &gt;
                  Name:
                &lt;/label&gt;
                &lt;input
                  data-testid=&quot;name-input&quot;
                  id=&quot;name&quot;
                  type=&quot;number&quot;
                  value=&quot;Henry&quot;
                /&gt;
              &lt;/section&gt;
              &lt;section
                class=&quot;layout-row align-items-center justify-content-center mt-10&quot;
              &gt;
                &lt;p
                  class=&quot;error-message&quot;
                  data-testid=&quot;name-validation-message&quot;
                &gt;
                  Valid Name
                &lt;/p&gt;
              &lt;/section&gt;
            &lt;/div&gt;
            &lt;div&gt;
              &lt;section
                class=&quot;layout-row align-items-center justify-content-center mt-15&quot;
              &gt;
                &lt;button
                  data-testid=&quot;prev-btn&quot;
                  disabled=&quot;&quot;
                &gt;
                  Previous
                &lt;/button&gt;
                &lt;button
                  data-testid=&quot;next-btn&quot;
                  disabled=&quot;&quot;
                &gt;
                  Next
                &lt;/button&gt;
              &lt;/section&gt;
            &lt;/div&gt;
          &lt;/form&gt;
        &lt;/div&gt;
        &lt;div
          class=&quot;mt-20&quot;
        &gt;
          &lt;div
            data-testid=&quot;progress-indicator&quot;
          &gt;
            &lt;span&gt;
              Step 
              1
              /
              3
            &lt;/span&gt;
          &lt;/div&gt;
        &lt;/div&gt;
      &lt;/div&gt;
    &lt;/div&gt;
  &lt;/div&gt;
&lt;/body&gt;

&lt;html&gt;
  &lt;head /&gt;
  &lt;body&gt;
    &lt;div&gt;
      &lt;div
        class=&quot;App&quot;
      &gt;
        &lt;h8k-navbar
          header=&quot;Multi Step Validation Form&quot;
        /&gt;
        &lt;div
          class=&quot;layout-column align-items-center justify-content-start&quot;
        &gt;
          &lt;div
            class=&quot;card w-40 pt-30 pb-8 mt-10&quot;
          &gt;
            &lt;form
              data-testid=&quot;step-form&quot;
            &gt;
              &lt;div&gt;
                &lt;section
                  class=&quot;layout-row align-items-center justify-content-center mt-10&quot;
                &gt;
                  &lt;label
                    class=&quot;name-label&quot;
                    for=&quot;name&quot;
                  &gt;
                    Name:
                  &lt;/label&gt;
                  &lt;input
                    data-testid=&quot;name-input&quot;
                    id=&quot;name&quot;
                    type=&quot;number&quot;
                    value=&quot;Henry&quot;
                  /&gt;
                &lt;/section&gt;
                &lt;section
                  class=&quot;layout-row align-items-center justify-content-center mt-10&quot;
                &gt;
                  &lt;p
                    class=&quot;error-message&quot;
                    data-testid=&quot;name-validation-message&quot;
                  &gt;
                    Valid Name
                  &lt;/p&gt;
                &lt;/section&gt;
              &lt;/div&gt;
              &lt;div&gt;
                &lt;section
                  class=&quot;layout-row align-items-center justify-content-center mt-15&quot;
                &gt;
                  &lt;button
                    data-testid=&quot;prev-btn&quot;
                    disabled=&quot;&quot;
                  &gt;
                    Previous
                  &lt;/button&gt;
                  &lt;button
                    data-testid=&quot;next-btn&quot;
                    disabled=&quot;&quot;
                  &gt;
                    Next
                  &lt;/button&gt;
                &lt;/section&gt;
              &lt;/div&gt;
            &lt;/form&gt;
          &lt;/div&gt;
          &lt;div
            class=&quot;mt-20&quot;
          &gt;
            &lt;div
              data-testid=&quot;progress-indicator&quot;
            &gt;
              &lt;span&gt;
                Step 
                1
                /
                3
              &lt;/span&gt;
            &lt;/div&gt;
          &lt;/div&gt;
        &lt;/div&gt;
      &lt;/div&gt;
    &lt;/div&gt;
  &lt;/body&gt;
&lt;/html&gt;Error: Unable to find an element by: [data-testid=&quot;email-input&quot;]

&lt;body&gt;
  &lt;div&gt;
    &lt;div
      class=&quot;App&quot;
    &gt;
      &lt;h8k-navbar
        header=&quot;Multi Step Validation Form&quot;
      /&gt;
      &lt;div
        class=&quot;layout-column align-items-center justify-content-start&quot;
      &gt;
        &lt;div
          class=&quot;card w-40 pt-30 pb-8 mt-10&quot;
        &gt;
          &lt;form
            data-testid=&quot;step-form&quot;
          &gt;
            &lt;div&gt;
              &lt;section
                class=&quot;layout-row align-items-center justify-content-center mt-10&quot;
              &gt;
                &lt;label
                  class=&quot;name-label&quot;
                  for=&quot;name&quot;
                &gt;
                  Name:
                &lt;/label&gt;
                &lt;input
                  data-testid=&quot;name-input&quot;
                  id=&quot;name&quot;
                  type=&quot;number&quot;
                  value=&quot;Henry&quot;
                /&gt;
              &lt;/section&gt;
              &lt;section
                class=&quot;layout-row align-items-center justify-content-center mt-10&quot;
              &gt;
                &lt;p
                  class=&quot;error-message&quot;
                  data-testid=&quot;name-validation-message&quot;
                &gt;
                  Valid Name
                &lt;/p&gt;
              &lt;/section&gt;
            &lt;/div&gt;
            &lt;div&gt;
              &lt;section
                class=&quot;layout-row align-items-center justify-content-center mt-15&quot;
              &gt;
                &lt;button
                  data-testid=&quot;prev-btn&quot;
                  disabled=&quot;&quot;
                &gt;
                  Previous
                &lt;/button&gt;
                &lt;button
                  data-testid=&quot;next-btn&quot;
                  disabled=&quot;&quot;
                &gt;
                  Next
                &lt;/button&gt;
              &lt;/section&gt;
            &lt;/div&gt;
          &lt;/form&gt;
        &lt;/div&gt;
        &lt;div
          class=&quot;mt-20&quot;
        &gt;
          &lt;div
            data-testid=&quot;progress-indicator&quot;
          &gt;
            &lt;span&gt;
              Step 
              1
              /
              3
            &lt;/span&gt;
          &lt;/div&gt;
        &lt;/div&gt;
      &lt;/div&gt;
    &lt;/div&gt;
  &lt;/div&gt;
&lt;/body&gt;
    at waitForWrapper (/Users/tan/Documents/code/7fc73135-54ae-4bb5-b0bf-19dbd7619162/node_modules/@testing-library/dom/dist/wait-for.js:134:27)
    at Object.&lt;anonymous&gt; (/Users/tan/Documents/code/7fc73135-54ae-4bb5-b0bf-19dbd7619162/src/App.test.js:194:15)
    at Object.asyncJestLifecycle (/Users/tan/Documents/code/7fc73135-54ae-4bb5-b0bf-19dbd7619162/node_modules/jest-jasmine2/build/jasmineAsyncInstall.js:53:37)
    at /Users/tan/Documents/code/7fc73135-54ae-4bb5-b0bf-19dbd7619162/node_modules/jest-jasmine2/build/queueRunner.js:43:12
    at new Promise (&lt;anonymous&gt;)
    at mapper (/Users/tan/Documents/code/7fc73135-54ae-4bb5-b0bf-19dbd7619162/node_modules/jest-jasmine2/build/queueRunner.js:26:19)
    at /Users/tan/Documents/code/7fc73135-54ae-4bb5-b0bf-19dbd7619162/node_modules/jest-jasmine2/build/queueRunner.js:73:41</failure>
      <failure>TestingLibraryElementError: Unable to find an element by: [data-testid=&quot;password-input&quot;]

&lt;body&gt;
  &lt;div&gt;
    &lt;div
      class=&quot;App&quot;
    &gt;
      &lt;h8k-navbar
        header=&quot;Multi Step Validation Form&quot;
      /&gt;
      &lt;div
        class=&quot;layout-column align-items-center justify-content-start&quot;
      &gt;
        &lt;div
          class=&quot;card w-40 pt-30 pb-8 mt-10&quot;
        &gt;
          &lt;form
            data-testid=&quot;step-form&quot;
          &gt;
            &lt;div&gt;
              &lt;section
                class=&quot;layout-row align-items-center justify-content-center mt-10&quot;
              &gt;
                &lt;label
                  class=&quot;name-label&quot;
                  for=&quot;name&quot;
                &gt;
                  Name:
                &lt;/label&gt;
                &lt;input
                  data-testid=&quot;name-input&quot;
                  id=&quot;name&quot;
                  type=&quot;number&quot;
                  value=&quot;Henry&quot;
                /&gt;
              &lt;/section&gt;
              &lt;section
                class=&quot;layout-row align-items-center justify-content-center mt-10&quot;
              &gt;
                &lt;p
                  class=&quot;error-message&quot;
                  data-testid=&quot;name-validation-message&quot;
                &gt;
                  Valid Name
                &lt;/p&gt;
              &lt;/section&gt;
            &lt;/div&gt;
            &lt;div&gt;
              &lt;section
                class=&quot;layout-row align-items-center justify-content-center mt-15&quot;
              &gt;
                &lt;button
                  data-testid=&quot;prev-btn&quot;
                  disabled=&quot;&quot;
                &gt;
                  Previous
                &lt;/button&gt;
                &lt;button
                  data-testid=&quot;next-btn&quot;
                  disabled=&quot;&quot;
                &gt;
                  Next
                &lt;/button&gt;
              &lt;/section&gt;
            &lt;/div&gt;
          &lt;/form&gt;
        &lt;/div&gt;
        &lt;div
          class=&quot;mt-20&quot;
        &gt;
          &lt;div
            data-testid=&quot;progress-indicator&quot;
          &gt;
            &lt;span&gt;
              Step 
              1
              /
              3
            &lt;/span&gt;
          &lt;/div&gt;
        &lt;/div&gt;
      &lt;/div&gt;
    &lt;/div&gt;
  &lt;/div&gt;
&lt;/body&gt;

&lt;html&gt;
  &lt;head /&gt;
  &lt;body&gt;
    &lt;div&gt;
      &lt;div
        class=&quot;App&quot;
      &gt;
        &lt;h8k-navbar
          header=&quot;Multi Step Validation Form&quot;
        /&gt;
        &lt;div
          class=&quot;layout-column align-items-center justify-content-start&quot;
        &gt;
          &lt;div
            class=&quot;card w-40 pt-30 pb-8 mt-10&quot;
          &gt;
            &lt;form
              data-testid=&quot;step-form&quot;
            &gt;
              &lt;div&gt;
                &lt;section
                  class=&quot;layout-row align-items-center justify-content-center mt-10&quot;
                &gt;
                  &lt;label
                    class=&quot;name-label&quot;
                    for=&quot;name&quot;
                  &gt;
                    Name:
                  &lt;/label&gt;
                  &lt;input
                    data-testid=&quot;name-input&quot;
                    id=&quot;name&quot;
                    type=&quot;number&quot;
                    value=&quot;Henry&quot;
                  /&gt;
                &lt;/section&gt;
                &lt;section
                  class=&quot;layout-row align-items-center justify-content-center mt-10&quot;
                &gt;
                  &lt;p
                    class=&quot;error-message&quot;
                    data-testid=&quot;name-validation-message&quot;
                  &gt;
                    Valid Name
                  &lt;/p&gt;
                &lt;/section&gt;
              &lt;/div&gt;
              &lt;div&gt;
                &lt;section
                  class=&quot;layout-row align-items-center justify-content-center mt-15&quot;
                &gt;
                  &lt;button
                    data-testid=&quot;prev-btn&quot;
                    disabled=&quot;&quot;
                  &gt;
                    Previous
                  &lt;/button&gt;
                  &lt;button
                    data-testid=&quot;next-btn&quot;
                    disabled=&quot;&quot;
                  &gt;
                    Next
                  &lt;/button&gt;
                &lt;/section&gt;
              &lt;/div&gt;
            &lt;/form&gt;
          &lt;/div&gt;
          &lt;div
            class=&quot;mt-20&quot;
          &gt;
            &lt;div
              data-testid=&quot;progress-indicator&quot;
            &gt;
              &lt;span&gt;
                Step 
                1
                /
                3
              &lt;/span&gt;
            &lt;/div&gt;
          &lt;/div&gt;
        &lt;/div&gt;
      &lt;/div&gt;
    &lt;/div&gt;
  &lt;/body&gt;
&lt;/html&gt;Error: Unable to find an element by: [data-testid=&quot;password-input&quot;]

&lt;body&gt;
  &lt;div&gt;
    &lt;div
      class=&quot;App&quot;
    &gt;
      &lt;h8k-navbar
        header=&quot;Multi Step Validation Form&quot;
      /&gt;
      &lt;div
        class=&quot;layout-column align-items-center justify-content-start&quot;
      &gt;
        &lt;div
          class=&quot;card w-40 pt-30 pb-8 mt-10&quot;
        &gt;
          &lt;form
            data-testid=&quot;step-form&quot;
          &gt;
            &lt;div&gt;
              &lt;section
                class=&quot;layout-row align-items-center justify-content-center mt-10&quot;
              &gt;
                &lt;label
                  class=&quot;name-label&quot;
                  for=&quot;name&quot;
                &gt;
                  Name:
                &lt;/label&gt;
                &lt;input
                  data-testid=&quot;name-input&quot;
                  id=&quot;name&quot;
                  type=&quot;number&quot;
                  value=&quot;Henry&quot;
                /&gt;
              &lt;/section&gt;
              &lt;section
                class=&quot;layout-row align-items-center justify-content-center mt-10&quot;
              &gt;
                &lt;p
                  class=&quot;error-message&quot;
                  data-testid=&quot;name-validation-message&quot;
                &gt;
                  Valid Name
                &lt;/p&gt;
              &lt;/section&gt;
            &lt;/div&gt;
            &lt;div&gt;
              &lt;section
                class=&quot;layout-row align-items-center justify-content-center mt-15&quot;
              &gt;
                &lt;button
                  data-testid=&quot;prev-btn&quot;
                  disabled=&quot;&quot;
                &gt;
                  Previous
                &lt;/button&gt;
                &lt;button
                  data-testid=&quot;next-btn&quot;
                  disabled=&quot;&quot;
                &gt;
                  Next
                &lt;/button&gt;
              &lt;/section&gt;
            &lt;/div&gt;
          &lt;/form&gt;
        &lt;/div&gt;
        &lt;div
          class=&quot;mt-20&quot;
        &gt;
          &lt;div
            data-testid=&quot;progress-indicator&quot;
          &gt;
            &lt;span&gt;
              Step 
              1
              /
              3
            &lt;/span&gt;
          &lt;/div&gt;
        &lt;/div&gt;
      &lt;/div&gt;
    &lt;/div&gt;
  &lt;/div&gt;
&lt;/body&gt;
    at waitForWrapper (/Users/tan/Documents/code/7fc73135-54ae-4bb5-b0bf-19dbd7619162/node_modules/@testing-library/dom/dist/wait-for.js:134:27)
    at Object.&lt;anonymous&gt; (/Users/tan/Documents/code/7fc73135-54ae-4bb5-b0bf-19dbd7619162/src/App.test.js:202:15)
    at Object.asyncJestTest (/Users/tan/Documents/code/7fc73135-54ae-4bb5-b0bf-19dbd7619162/node_modules/jest-jasmine2/build/jasmineAsyncInstall.js:102:37)
    at /Users/tan/Documents/code/7fc73135-54ae-4bb5-b0bf-19dbd7619162/node_modules/jest-jasmine2/build/queueRunner.js:43:12
    at new Promise (&lt;anonymous&gt;)
    at mapper (/Users/tan/Documents/code/7fc73135-54ae-4bb5-b0bf-19dbd7619162/node_modules/jest-jasmine2/build/queueRunner.js:26:19)
    at /Users/tan/Documents/code/7fc73135-54ae-4bb5-b0bf-19dbd7619162/node_modules/jest-jasmine2/build/queueRunner.js:73:41</failure>
    </testcase>
    <testcase classname="Password component does not show validation message initially" name="Password component does not show validation message initially" time="2.016">
      <failure>TestingLibraryElementError: Unable to find an element by: [data-testid=&quot;email-input&quot;]

&lt;body&gt;
  &lt;div&gt;
    &lt;div
      class=&quot;App&quot;
    &gt;
      &lt;h8k-navbar
        header=&quot;Multi Step Validation Form&quot;
      /&gt;
      &lt;div
        class=&quot;layout-column align-items-center justify-content-start&quot;
      &gt;
        &lt;div
          class=&quot;card w-40 pt-30 pb-8 mt-10&quot;
        &gt;
          &lt;form
            data-testid=&quot;step-form&quot;
          &gt;
            &lt;div&gt;
              &lt;section
                class=&quot;layout-row align-items-center justify-content-center mt-10&quot;
              &gt;
                &lt;label
                  class=&quot;name-label&quot;
                  for=&quot;name&quot;
                &gt;
                  Name:
                &lt;/label&gt;
                &lt;input
                  data-testid=&quot;name-input&quot;
                  id=&quot;name&quot;
                  type=&quot;number&quot;
                  value=&quot;Henry&quot;
                /&gt;
              &lt;/section&gt;
              &lt;section
                class=&quot;layout-row align-items-center justify-content-center mt-10&quot;
              &gt;
                &lt;p
                  class=&quot;error-message&quot;
                  data-testid=&quot;name-validation-message&quot;
                &gt;
                  Valid Name
                &lt;/p&gt;
              &lt;/section&gt;
            &lt;/div&gt;
            &lt;div&gt;
              &lt;section
                class=&quot;layout-row align-items-center justify-content-center mt-15&quot;
              &gt;
                &lt;button
                  data-testid=&quot;prev-btn&quot;
                  disabled=&quot;&quot;
                &gt;
                  Previous
                &lt;/button&gt;
                &lt;button
                  data-testid=&quot;next-btn&quot;
                  disabled=&quot;&quot;
                &gt;
                  Next
                &lt;/button&gt;
              &lt;/section&gt;
            &lt;/div&gt;
          &lt;/form&gt;
        &lt;/div&gt;
        &lt;div
          class=&quot;mt-20&quot;
        &gt;
          &lt;div
            data-testid=&quot;progress-indicator&quot;
          &gt;
            &lt;span&gt;
              Step 
              1
              /
              3
            &lt;/span&gt;
          &lt;/div&gt;
        &lt;/div&gt;
      &lt;/div&gt;
    &lt;/div&gt;
  &lt;/div&gt;
&lt;/body&gt;

&lt;html&gt;
  &lt;head /&gt;
  &lt;body&gt;
    &lt;div&gt;
      &lt;div
        class=&quot;App&quot;
      &gt;
        &lt;h8k-navbar
          header=&quot;Multi Step Validation Form&quot;
        /&gt;
        &lt;div
          class=&quot;layout-column align-items-center justify-content-start&quot;
        &gt;
          &lt;div
            class=&quot;card w-40 pt-30 pb-8 mt-10&quot;
          &gt;
            &lt;form
              data-testid=&quot;step-form&quot;
            &gt;
              &lt;div&gt;
                &lt;section
                  class=&quot;layout-row align-items-center justify-content-center mt-10&quot;
                &gt;
                  &lt;label
                    class=&quot;name-label&quot;
                    for=&quot;name&quot;
                  &gt;
                    Name:
                  &lt;/label&gt;
                  &lt;input
                    data-testid=&quot;name-input&quot;
                    id=&quot;name&quot;
                    type=&quot;number&quot;
                    value=&quot;Henry&quot;
                  /&gt;
                &lt;/section&gt;
                &lt;section
                  class=&quot;layout-row align-items-center justify-content-center mt-10&quot;
                &gt;
                  &lt;p
                    class=&quot;error-message&quot;
                    data-testid=&quot;name-validation-message&quot;
                  &gt;
                    Valid Name
                  &lt;/p&gt;
                &lt;/section&gt;
              &lt;/div&gt;
              &lt;div&gt;
                &lt;section
                  class=&quot;layout-row align-items-center justify-content-center mt-15&quot;
                &gt;
                  &lt;button
                    data-testid=&quot;prev-btn&quot;
                    disabled=&quot;&quot;
                  &gt;
                    Previous
                  &lt;/button&gt;
                  &lt;button
                    data-testid=&quot;next-btn&quot;
                    disabled=&quot;&quot;
                  &gt;
                    Next
                  &lt;/button&gt;
                &lt;/section&gt;
              &lt;/div&gt;
            &lt;/form&gt;
          &lt;/div&gt;
          &lt;div
            class=&quot;mt-20&quot;
          &gt;
            &lt;div
              data-testid=&quot;progress-indicator&quot;
            &gt;
              &lt;span&gt;
                Step 
                1
                /
                3
              &lt;/span&gt;
            &lt;/div&gt;
          &lt;/div&gt;
        &lt;/div&gt;
      &lt;/div&gt;
    &lt;/div&gt;
  &lt;/body&gt;
&lt;/html&gt;Error: Unable to find an element by: [data-testid=&quot;email-input&quot;]

&lt;body&gt;
  &lt;div&gt;
    &lt;div
      class=&quot;App&quot;
    &gt;
      &lt;h8k-navbar
        header=&quot;Multi Step Validation Form&quot;
      /&gt;
      &lt;div
        class=&quot;layout-column align-items-center justify-content-start&quot;
      &gt;
        &lt;div
          class=&quot;card w-40 pt-30 pb-8 mt-10&quot;
        &gt;
          &lt;form
            data-testid=&quot;step-form&quot;
          &gt;
            &lt;div&gt;
              &lt;section
                class=&quot;layout-row align-items-center justify-content-center mt-10&quot;
              &gt;
                &lt;label
                  class=&quot;name-label&quot;
                  for=&quot;name&quot;
                &gt;
                  Name:
                &lt;/label&gt;
                &lt;input
                  data-testid=&quot;name-input&quot;
                  id=&quot;name&quot;
                  type=&quot;number&quot;
                  value=&quot;Henry&quot;
                /&gt;
              &lt;/section&gt;
              &lt;section
                class=&quot;layout-row align-items-center justify-content-center mt-10&quot;
              &gt;
                &lt;p
                  class=&quot;error-message&quot;
                  data-testid=&quot;name-validation-message&quot;
                &gt;
                  Valid Name
                &lt;/p&gt;
              &lt;/section&gt;
            &lt;/div&gt;
            &lt;div&gt;
              &lt;section
                class=&quot;layout-row align-items-center justify-content-center mt-15&quot;
              &gt;
                &lt;button
                  data-testid=&quot;prev-btn&quot;
                  disabled=&quot;&quot;
                &gt;
                  Previous
                &lt;/button&gt;
                &lt;button
                  data-testid=&quot;next-btn&quot;
                  disabled=&quot;&quot;
                &gt;
                  Next
                &lt;/button&gt;
              &lt;/section&gt;
            &lt;/div&gt;
          &lt;/form&gt;
        &lt;/div&gt;
        &lt;div
          class=&quot;mt-20&quot;
        &gt;
          &lt;div
            data-testid=&quot;progress-indicator&quot;
          &gt;
            &lt;span&gt;
              Step 
              1
              /
              3
            &lt;/span&gt;
          &lt;/div&gt;
        &lt;/div&gt;
      &lt;/div&gt;
    &lt;/div&gt;
  &lt;/div&gt;
&lt;/body&gt;
    at waitForWrapper (/Users/tan/Documents/code/7fc73135-54ae-4bb5-b0bf-19dbd7619162/node_modules/@testing-library/dom/dist/wait-for.js:134:27)
    at Object.&lt;anonymous&gt; (/Users/tan/Documents/code/7fc73135-54ae-4bb5-b0bf-19dbd7619162/src/App.test.js:194:15)
    at Object.asyncJestLifecycle (/Users/tan/Documents/code/7fc73135-54ae-4bb5-b0bf-19dbd7619162/node_modules/jest-jasmine2/build/jasmineAsyncInstall.js:53:37)
    at /Users/tan/Documents/code/7fc73135-54ae-4bb5-b0bf-19dbd7619162/node_modules/jest-jasmine2/build/queueRunner.js:43:12
    at new Promise (&lt;anonymous&gt;)
    at mapper (/Users/tan/Documents/code/7fc73135-54ae-4bb5-b0bf-19dbd7619162/node_modules/jest-jasmine2/build/queueRunner.js:26:19)
    at /Users/tan/Documents/code/7fc73135-54ae-4bb5-b0bf-19dbd7619162/node_modules/jest-jasmine2/build/queueRunner.js:73:41</failure>
      <failure>TestingLibraryElementError: Unable to find an element by: [data-testid=&quot;password-input&quot;]

&lt;body&gt;
  &lt;div&gt;
    &lt;div
      class=&quot;App&quot;
    &gt;
      &lt;h8k-navbar
        header=&quot;Multi Step Validation Form&quot;
      /&gt;
      &lt;div
        class=&quot;layout-column align-items-center justify-content-start&quot;
      &gt;
        &lt;div
          class=&quot;card w-40 pt-30 pb-8 mt-10&quot;
        &gt;
          &lt;form
            data-testid=&quot;step-form&quot;
          &gt;
            &lt;div&gt;
              &lt;section
                class=&quot;layout-row align-items-center justify-content-center mt-10&quot;
              &gt;
                &lt;label
                  class=&quot;name-label&quot;
                  for=&quot;name&quot;
                &gt;
                  Name:
                &lt;/label&gt;
                &lt;input
                  data-testid=&quot;name-input&quot;
                  id=&quot;name&quot;
                  type=&quot;number&quot;
                  value=&quot;Henry&quot;
                /&gt;
              &lt;/section&gt;
              &lt;section
                class=&quot;layout-row align-items-center justify-content-center mt-10&quot;
              &gt;
                &lt;p
                  class=&quot;error-message&quot;
                  data-testid=&quot;name-validation-message&quot;
                &gt;
                  Valid Name
                &lt;/p&gt;
              &lt;/section&gt;
            &lt;/div&gt;
            &lt;div&gt;
              &lt;section
                class=&quot;layout-row align-items-center justify-content-center mt-15&quot;
              &gt;
                &lt;button
                  data-testid=&quot;prev-btn&quot;
                  disabled=&quot;&quot;
                &gt;
                  Previous
                &lt;/button&gt;
                &lt;button
                  data-testid=&quot;next-btn&quot;
                  disabled=&quot;&quot;
                &gt;
                  Next
                &lt;/button&gt;
              &lt;/section&gt;
            &lt;/div&gt;
          &lt;/form&gt;
        &lt;/div&gt;
        &lt;div
          class=&quot;mt-20&quot;
        &gt;
          &lt;div
            data-testid=&quot;progress-indicator&quot;
          &gt;
            &lt;span&gt;
              Step 
              1
              /
              3
            &lt;/span&gt;
          &lt;/div&gt;
        &lt;/div&gt;
      &lt;/div&gt;
    &lt;/div&gt;
  &lt;/div&gt;
&lt;/body&gt;

&lt;html&gt;
  &lt;head /&gt;
  &lt;body&gt;
    &lt;div&gt;
      &lt;div
        class=&quot;App&quot;
      &gt;
        &lt;h8k-navbar
          header=&quot;Multi Step Validation Form&quot;
        /&gt;
        &lt;div
          class=&quot;layout-column align-items-center justify-content-start&quot;
        &gt;
          &lt;div
            class=&quot;card w-40 pt-30 pb-8 mt-10&quot;
          &gt;
            &lt;form
              data-testid=&quot;step-form&quot;
            &gt;
              &lt;div&gt;
                &lt;section
                  class=&quot;layout-row align-items-center justify-content-center mt-10&quot;
                &gt;
                  &lt;label
                    class=&quot;name-label&quot;
                    for=&quot;name&quot;
                  &gt;
                    Name:
                  &lt;/label&gt;
                  &lt;input
                    data-testid=&quot;name-input&quot;
                    id=&quot;name&quot;
                    type=&quot;number&quot;
                    value=&quot;Henry&quot;
                  /&gt;
                &lt;/section&gt;
                &lt;section
                  class=&quot;layout-row align-items-center justify-content-center mt-10&quot;
                &gt;
                  &lt;p
                    class=&quot;error-message&quot;
                    data-testid=&quot;name-validation-message&quot;
                  &gt;
                    Valid Name
                  &lt;/p&gt;
                &lt;/section&gt;
              &lt;/div&gt;
              &lt;div&gt;
                &lt;section
                  class=&quot;layout-row align-items-center justify-content-center mt-15&quot;
                &gt;
                  &lt;button
                    data-testid=&quot;prev-btn&quot;
                    disabled=&quot;&quot;
                  &gt;
                    Previous
                  &lt;/button&gt;
                  &lt;button
                    data-testid=&quot;next-btn&quot;
                    disabled=&quot;&quot;
                  &gt;
                    Next
                  &lt;/button&gt;
                &lt;/section&gt;
              &lt;/div&gt;
            &lt;/form&gt;
          &lt;/div&gt;
          &lt;div
            class=&quot;mt-20&quot;
          &gt;
            &lt;div
              data-testid=&quot;progress-indicator&quot;
            &gt;
              &lt;span&gt;
                Step 
                1
                /
                3
              &lt;/span&gt;
            &lt;/div&gt;
          &lt;/div&gt;
        &lt;/div&gt;
      &lt;/div&gt;
    &lt;/div&gt;
  &lt;/body&gt;
&lt;/html&gt;Error: Unable to find an element by: [data-testid=&quot;password-input&quot;]

&lt;body&gt;
  &lt;div&gt;
    &lt;div
      class=&quot;App&quot;
    &gt;
      &lt;h8k-navbar
        header=&quot;Multi Step Validation Form&quot;
      /&gt;
      &lt;div
        class=&quot;layout-column align-items-center justify-content-start&quot;
      &gt;
        &lt;div
          class=&quot;card w-40 pt-30 pb-8 mt-10&quot;
        &gt;
          &lt;form
            data-testid=&quot;step-form&quot;
          &gt;
            &lt;div&gt;
              &lt;section
                class=&quot;layout-row align-items-center justify-content-center mt-10&quot;
              &gt;
                &lt;label
                  class=&quot;name-label&quot;
                  for=&quot;name&quot;
                &gt;
                  Name:
                &lt;/label&gt;
                &lt;input
                  data-testid=&quot;name-input&quot;
                  id=&quot;name&quot;
                  type=&quot;number&quot;
                  value=&quot;Henry&quot;
                /&gt;
              &lt;/section&gt;
              &lt;section
                class=&quot;layout-row align-items-center justify-content-center mt-10&quot;
              &gt;
                &lt;p
                  class=&quot;error-message&quot;
                  data-testid=&quot;name-validation-message&quot;
                &gt;
                  Valid Name
                &lt;/p&gt;
              &lt;/section&gt;
            &lt;/div&gt;
            &lt;div&gt;
              &lt;section
                class=&quot;layout-row align-items-center justify-content-center mt-15&quot;
              &gt;
                &lt;button
                  data-testid=&quot;prev-btn&quot;
                  disabled=&quot;&quot;
                &gt;
                  Previous
                &lt;/button&gt;
                &lt;button
                  data-testid=&quot;next-btn&quot;
                  disabled=&quot;&quot;
                &gt;
                  Next
                &lt;/button&gt;
              &lt;/section&gt;
            &lt;/div&gt;
          &lt;/form&gt;
        &lt;/div&gt;
        &lt;div
          class=&quot;mt-20&quot;
        &gt;
          &lt;div
            data-testid=&quot;progress-indicator&quot;
          &gt;
            &lt;span&gt;
              Step 
              1
              /
              3
            &lt;/span&gt;
          &lt;/div&gt;
        &lt;/div&gt;
      &lt;/div&gt;
    &lt;/div&gt;
  &lt;/div&gt;
&lt;/body&gt;
    at waitForWrapper (/Users/tan/Documents/code/7fc73135-54ae-4bb5-b0bf-19dbd7619162/node_modules/@testing-library/dom/dist/wait-for.js:134:27)
    at Object.&lt;anonymous&gt; (/Users/tan/Documents/code/7fc73135-54ae-4bb5-b0bf-19dbd7619162/src/App.test.js:210:15)
    at Object.asyncJestTest (/Users/tan/Documents/code/7fc73135-54ae-4bb5-b0bf-19dbd7619162/node_modules/jest-jasmine2/build/jasmineAsyncInstall.js:102:37)
    at /Users/tan/Documents/code/7fc73135-54ae-4bb5-b0bf-19dbd7619162/node_modules/jest-jasmine2/build/queueRunner.js:43:12
    at new Promise (&lt;anonymous&gt;)
    at mapper (/Users/tan/Documents/code/7fc73135-54ae-4bb5-b0bf-19dbd7619162/node_modules/jest-jasmine2/build/queueRunner.js:26:19)
    at /Users/tan/Documents/code/7fc73135-54ae-4bb5-b0bf-19dbd7619162/node_modules/jest-jasmine2/build/queueRunner.js:73:41</failure>
    </testcase>
    <testcase classname="Password component shows validation message when password is invalid" name="Password component shows validation message when password is invalid" time="2.015">
      <failure>TestingLibraryElementError: Unable to find an element by: [data-testid=&quot;email-input&quot;]

&lt;body&gt;
  &lt;div&gt;
    &lt;div
      class=&quot;App&quot;
    &gt;
      &lt;h8k-navbar
        header=&quot;Multi Step Validation Form&quot;
      /&gt;
      &lt;div
        class=&quot;layout-column align-items-center justify-content-start&quot;
      &gt;
        &lt;div
          class=&quot;card w-40 pt-30 pb-8 mt-10&quot;
        &gt;
          &lt;form
            data-testid=&quot;step-form&quot;
          &gt;
            &lt;div&gt;
              &lt;section
                class=&quot;layout-row align-items-center justify-content-center mt-10&quot;
              &gt;
                &lt;label
                  class=&quot;name-label&quot;
                  for=&quot;name&quot;
                &gt;
                  Name:
                &lt;/label&gt;
                &lt;input
                  data-testid=&quot;name-input&quot;
                  id=&quot;name&quot;
                  type=&quot;number&quot;
                  value=&quot;Henry&quot;
                /&gt;
              &lt;/section&gt;
              &lt;section
                class=&quot;layout-row align-items-center justify-content-center mt-10&quot;
              &gt;
                &lt;p
                  class=&quot;error-message&quot;
                  data-testid=&quot;name-validation-message&quot;
                &gt;
                  Valid Name
                &lt;/p&gt;
              &lt;/section&gt;
            &lt;/div&gt;
            &lt;div&gt;
              &lt;section
                class=&quot;layout-row align-items-center justify-content-center mt-15&quot;
              &gt;
                &lt;button
                  data-testid=&quot;prev-btn&quot;
                  disabled=&quot;&quot;
                &gt;
                  Previous
                &lt;/button&gt;
                &lt;button
                  data-testid=&quot;next-btn&quot;
                  disabled=&quot;&quot;
                &gt;
                  Next
                &lt;/button&gt;
              &lt;/section&gt;
            &lt;/div&gt;
          &lt;/form&gt;
        &lt;/div&gt;
        &lt;div
          class=&quot;mt-20&quot;
        &gt;
          &lt;div
            data-testid=&quot;progress-indicator&quot;
          &gt;
            &lt;span&gt;
              Step 
              1
              /
              3
            &lt;/span&gt;
          &lt;/div&gt;
        &lt;/div&gt;
      &lt;/div&gt;
    &lt;/div&gt;
  &lt;/div&gt;
&lt;/body&gt;

&lt;html&gt;
  &lt;head /&gt;
  &lt;body&gt;
    &lt;div&gt;
      &lt;div
        class=&quot;App&quot;
      &gt;
        &lt;h8k-navbar
          header=&quot;Multi Step Validation Form&quot;
        /&gt;
        &lt;div
          class=&quot;layout-column align-items-center justify-content-start&quot;
        &gt;
          &lt;div
            class=&quot;card w-40 pt-30 pb-8 mt-10&quot;
          &gt;
            &lt;form
              data-testid=&quot;step-form&quot;
            &gt;
              &lt;div&gt;
                &lt;section
                  class=&quot;layout-row align-items-center justify-content-center mt-10&quot;
                &gt;
                  &lt;label
                    class=&quot;name-label&quot;
                    for=&quot;name&quot;
                  &gt;
                    Name:
                  &lt;/label&gt;
                  &lt;input
                    data-testid=&quot;name-input&quot;
                    id=&quot;name&quot;
                    type=&quot;number&quot;
                    value=&quot;Henry&quot;
                  /&gt;
                &lt;/section&gt;
                &lt;section
                  class=&quot;layout-row align-items-center justify-content-center mt-10&quot;
                &gt;
                  &lt;p
                    class=&quot;error-message&quot;
                    data-testid=&quot;name-validation-message&quot;
                  &gt;
                    Valid Name
                  &lt;/p&gt;
                &lt;/section&gt;
              &lt;/div&gt;
              &lt;div&gt;
                &lt;section
                  class=&quot;layout-row align-items-center justify-content-center mt-15&quot;
                &gt;
                  &lt;button
                    data-testid=&quot;prev-btn&quot;
                    disabled=&quot;&quot;
                  &gt;
                    Previous
                  &lt;/button&gt;
                  &lt;button
                    data-testid=&quot;next-btn&quot;
                    disabled=&quot;&quot;
                  &gt;
                    Next
                  &lt;/button&gt;
                &lt;/section&gt;
              &lt;/div&gt;
            &lt;/form&gt;
          &lt;/div&gt;
          &lt;div
            class=&quot;mt-20&quot;
          &gt;
            &lt;div
              data-testid=&quot;progress-indicator&quot;
            &gt;
              &lt;span&gt;
                Step 
                1
                /
                3
              &lt;/span&gt;
            &lt;/div&gt;
          &lt;/div&gt;
        &lt;/div&gt;
      &lt;/div&gt;
    &lt;/div&gt;
  &lt;/body&gt;
&lt;/html&gt;Error: Unable to find an element by: [data-testid=&quot;email-input&quot;]

&lt;body&gt;
  &lt;div&gt;
    &lt;div
      class=&quot;App&quot;
    &gt;
      &lt;h8k-navbar
        header=&quot;Multi Step Validation Form&quot;
      /&gt;
      &lt;div
        class=&quot;layout-column align-items-center justify-content-start&quot;
      &gt;
        &lt;div
          class=&quot;card w-40 pt-30 pb-8 mt-10&quot;
        &gt;
          &lt;form
            data-testid=&quot;step-form&quot;
          &gt;
            &lt;div&gt;
              &lt;section
                class=&quot;layout-row align-items-center justify-content-center mt-10&quot;
              &gt;
                &lt;label
                  class=&quot;name-label&quot;
                  for=&quot;name&quot;
                &gt;
                  Name:
                &lt;/label&gt;
                &lt;input
                  data-testid=&quot;name-input&quot;
                  id=&quot;name&quot;
                  type=&quot;number&quot;
                  value=&quot;Henry&quot;
                /&gt;
              &lt;/section&gt;
              &lt;section
                class=&quot;layout-row align-items-center justify-content-center mt-10&quot;
              &gt;
                &lt;p
                  class=&quot;error-message&quot;
                  data-testid=&quot;name-validation-message&quot;
                &gt;
                  Valid Name
                &lt;/p&gt;
              &lt;/section&gt;
            &lt;/div&gt;
            &lt;div&gt;
              &lt;section
                class=&quot;layout-row align-items-center justify-content-center mt-15&quot;
              &gt;
                &lt;button
                  data-testid=&quot;prev-btn&quot;
                  disabled=&quot;&quot;
                &gt;
                  Previous
                &lt;/button&gt;
                &lt;button
                  data-testid=&quot;next-btn&quot;
                  disabled=&quot;&quot;
                &gt;
                  Next
                &lt;/button&gt;
              &lt;/section&gt;
            &lt;/div&gt;
          &lt;/form&gt;
        &lt;/div&gt;
        &lt;div
          class=&quot;mt-20&quot;
        &gt;
          &lt;div
            data-testid=&quot;progress-indicator&quot;
          &gt;
            &lt;span&gt;
              Step 
              1
              /
              3
            &lt;/span&gt;
          &lt;/div&gt;
        &lt;/div&gt;
      &lt;/div&gt;
    &lt;/div&gt;
  &lt;/div&gt;
&lt;/body&gt;
    at waitForWrapper (/Users/tan/Documents/code/7fc73135-54ae-4bb5-b0bf-19dbd7619162/node_modules/@testing-library/dom/dist/wait-for.js:134:27)
    at Object.&lt;anonymous&gt; (/Users/tan/Documents/code/7fc73135-54ae-4bb5-b0bf-19dbd7619162/src/App.test.js:194:15)
    at Object.asyncJestLifecycle (/Users/tan/Documents/code/7fc73135-54ae-4bb5-b0bf-19dbd7619162/node_modules/jest-jasmine2/build/jasmineAsyncInstall.js:53:37)
    at /Users/tan/Documents/code/7fc73135-54ae-4bb5-b0bf-19dbd7619162/node_modules/jest-jasmine2/build/queueRunner.js:43:12
    at new Promise (&lt;anonymous&gt;)
    at mapper (/Users/tan/Documents/code/7fc73135-54ae-4bb5-b0bf-19dbd7619162/node_modules/jest-jasmine2/build/queueRunner.js:26:19)
    at /Users/tan/Documents/code/7fc73135-54ae-4bb5-b0bf-19dbd7619162/node_modules/jest-jasmine2/build/queueRunner.js:73:41</failure>
      <failure>TestingLibraryElementError: Unable to find an element by: [data-testid=&quot;password-input&quot;]

&lt;body&gt;
  &lt;div&gt;
    &lt;div
      class=&quot;App&quot;
    &gt;
      &lt;h8k-navbar
        header=&quot;Multi Step Validation Form&quot;
      /&gt;
      &lt;div
        class=&quot;layout-column align-items-center justify-content-start&quot;
      &gt;
        &lt;div
          class=&quot;card w-40 pt-30 pb-8 mt-10&quot;
        &gt;
          &lt;form
            data-testid=&quot;step-form&quot;
          &gt;
            &lt;div&gt;
              &lt;section
                class=&quot;layout-row align-items-center justify-content-center mt-10&quot;
              &gt;
                &lt;label
                  class=&quot;name-label&quot;
                  for=&quot;name&quot;
                &gt;
                  Name:
                &lt;/label&gt;
                &lt;input
                  data-testid=&quot;name-input&quot;
                  id=&quot;name&quot;
                  type=&quot;number&quot;
                  value=&quot;Henry&quot;
                /&gt;
              &lt;/section&gt;
              &lt;section
                class=&quot;layout-row align-items-center justify-content-center mt-10&quot;
              &gt;
                &lt;p
                  class=&quot;error-message&quot;
                  data-testid=&quot;name-validation-message&quot;
                &gt;
                  Valid Name
                &lt;/p&gt;
              &lt;/section&gt;
            &lt;/div&gt;
            &lt;div&gt;
              &lt;section
                class=&quot;layout-row align-items-center justify-content-center mt-15&quot;
              &gt;
                &lt;button
                  data-testid=&quot;prev-btn&quot;
                  disabled=&quot;&quot;
                &gt;
                  Previous
                &lt;/button&gt;
                &lt;button
                  data-testid=&quot;next-btn&quot;
                  disabled=&quot;&quot;
                &gt;
                  Next
                &lt;/button&gt;
              &lt;/section&gt;
            &lt;/div&gt;
          &lt;/form&gt;
        &lt;/div&gt;
        &lt;div
          class=&quot;mt-20&quot;
        &gt;
          &lt;div
            data-testid=&quot;progress-indicator&quot;
          &gt;
            &lt;span&gt;
              Step 
              1
              /
              3
            &lt;/span&gt;
          &lt;/div&gt;
        &lt;/div&gt;
      &lt;/div&gt;
    &lt;/div&gt;
  &lt;/div&gt;
&lt;/body&gt;

&lt;html&gt;
  &lt;head /&gt;
  &lt;body&gt;
    &lt;div&gt;
      &lt;div
        class=&quot;App&quot;
      &gt;
        &lt;h8k-navbar
          header=&quot;Multi Step Validation Form&quot;
        /&gt;
        &lt;div
          class=&quot;layout-column align-items-center justify-content-start&quot;
        &gt;
          &lt;div
            class=&quot;card w-40 pt-30 pb-8 mt-10&quot;
          &gt;
            &lt;form
              data-testid=&quot;step-form&quot;
            &gt;
              &lt;div&gt;
                &lt;section
                  class=&quot;layout-row align-items-center justify-content-center mt-10&quot;
                &gt;
                  &lt;label
                    class=&quot;name-label&quot;
                    for=&quot;name&quot;
                  &gt;
                    Name:
                  &lt;/label&gt;
                  &lt;input
                    data-testid=&quot;name-input&quot;
                    id=&quot;name&quot;
                    type=&quot;number&quot;
                    value=&quot;Henry&quot;
                  /&gt;
                &lt;/section&gt;
                &lt;section
                  class=&quot;layout-row align-items-center justify-content-center mt-10&quot;
                &gt;
                  &lt;p
                    class=&quot;error-message&quot;
                    data-testid=&quot;name-validation-message&quot;
                  &gt;
                    Valid Name
                  &lt;/p&gt;
                &lt;/section&gt;
              &lt;/div&gt;
              &lt;div&gt;
                &lt;section
                  class=&quot;layout-row align-items-center justify-content-center mt-15&quot;
                &gt;
                  &lt;button
                    data-testid=&quot;prev-btn&quot;
                    disabled=&quot;&quot;
                  &gt;
                    Previous
                  &lt;/button&gt;
                  &lt;button
                    data-testid=&quot;next-btn&quot;
                    disabled=&quot;&quot;
                  &gt;
                    Next
                  &lt;/button&gt;
                &lt;/section&gt;
              &lt;/div&gt;
            &lt;/form&gt;
          &lt;/div&gt;
          &lt;div
            class=&quot;mt-20&quot;
          &gt;
            &lt;div
              data-testid=&quot;progress-indicator&quot;
            &gt;
              &lt;span&gt;
                Step 
                1
                /
                3
              &lt;/span&gt;
            &lt;/div&gt;
          &lt;/div&gt;
        &lt;/div&gt;
      &lt;/div&gt;
    &lt;/div&gt;
  &lt;/body&gt;
&lt;/html&gt;Error: Unable to find an element by: [data-testid=&quot;password-input&quot;]

&lt;body&gt;
  &lt;div&gt;
    &lt;div
      class=&quot;App&quot;
    &gt;
      &lt;h8k-navbar
        header=&quot;Multi Step Validation Form&quot;
      /&gt;
      &lt;div
        class=&quot;layout-column align-items-center justify-content-start&quot;
      &gt;
        &lt;div
          class=&quot;card w-40 pt-30 pb-8 mt-10&quot;
        &gt;
          &lt;form
            data-testid=&quot;step-form&quot;
          &gt;
            &lt;div&gt;
              &lt;section
                class=&quot;layout-row align-items-center justify-content-center mt-10&quot;
              &gt;
                &lt;label
                  class=&quot;name-label&quot;
                  for=&quot;name&quot;
                &gt;
                  Name:
                &lt;/label&gt;
                &lt;input
                  data-testid=&quot;name-input&quot;
                  id=&quot;name&quot;
                  type=&quot;number&quot;
                  value=&quot;Henry&quot;
                /&gt;
              &lt;/section&gt;
              &lt;section
                class=&quot;layout-row align-items-center justify-content-center mt-10&quot;
              &gt;
                &lt;p
                  class=&quot;error-message&quot;
                  data-testid=&quot;name-validation-message&quot;
                &gt;
                  Valid Name
                &lt;/p&gt;
              &lt;/section&gt;
            &lt;/div&gt;
            &lt;div&gt;
              &lt;section
                class=&quot;layout-row align-items-center justify-content-center mt-15&quot;
              &gt;
                &lt;button
                  data-testid=&quot;prev-btn&quot;
                  disabled=&quot;&quot;
                &gt;
                  Previous
                &lt;/button&gt;
                &lt;button
                  data-testid=&quot;next-btn&quot;
                  disabled=&quot;&quot;
                &gt;
                  Next
                &lt;/button&gt;
              &lt;/section&gt;
            &lt;/div&gt;
          &lt;/form&gt;
        &lt;/div&gt;
        &lt;div
          class=&quot;mt-20&quot;
        &gt;
          &lt;div
            data-testid=&quot;progress-indicator&quot;
          &gt;
            &lt;span&gt;
              Step 
              1
              /
              3
            &lt;/span&gt;
          &lt;/div&gt;
        &lt;/div&gt;
      &lt;/div&gt;
    &lt;/div&gt;
  &lt;/div&gt;
&lt;/body&gt;
    at waitForWrapper (/Users/tan/Documents/code/7fc73135-54ae-4bb5-b0bf-19dbd7619162/node_modules/@testing-library/dom/dist/wait-for.js:134:27)
    at Object.&lt;anonymous&gt; (/Users/tan/Documents/code/7fc73135-54ae-4bb5-b0bf-19dbd7619162/src/App.test.js:220:15)
    at Object.asyncJestTest (/Users/tan/Documents/code/7fc73135-54ae-4bb5-b0bf-19dbd7619162/node_modules/jest-jasmine2/build/jasmineAsyncInstall.js:102:37)
    at /Users/tan/Documents/code/7fc73135-54ae-4bb5-b0bf-19dbd7619162/node_modules/jest-jasmine2/build/queueRunner.js:43:12
    at new Promise (&lt;anonymous&gt;)
    at mapper (/Users/tan/Documents/code/7fc73135-54ae-4bb5-b0bf-19dbd7619162/node_modules/jest-jasmine2/build/queueRunner.js:26:19)
    at /Users/tan/Documents/code/7fc73135-54ae-4bb5-b0bf-19dbd7619162/node_modules/jest-jasmine2/build/queueRunner.js:73:41</failure>
    </testcase>
    <testcase classname="Password component does not show validation message when password is valid" name="Password component does not show validation message when password is valid" time="2.015">
      <failure>TestingLibraryElementError: Unable to find an element by: [data-testid=&quot;email-input&quot;]

&lt;body&gt;
  &lt;div&gt;
    &lt;div
      class=&quot;App&quot;
    &gt;
      &lt;h8k-navbar
        header=&quot;Multi Step Validation Form&quot;
      /&gt;
      &lt;div
        class=&quot;layout-column align-items-center justify-content-start&quot;
      &gt;
        &lt;div
          class=&quot;card w-40 pt-30 pb-8 mt-10&quot;
        &gt;
          &lt;form
            data-testid=&quot;step-form&quot;
          &gt;
            &lt;div&gt;
              &lt;section
                class=&quot;layout-row align-items-center justify-content-center mt-10&quot;
              &gt;
                &lt;label
                  class=&quot;name-label&quot;
                  for=&quot;name&quot;
                &gt;
                  Name:
                &lt;/label&gt;
                &lt;input
                  data-testid=&quot;name-input&quot;
                  id=&quot;name&quot;
                  type=&quot;number&quot;
                  value=&quot;Henry&quot;
                /&gt;
              &lt;/section&gt;
              &lt;section
                class=&quot;layout-row align-items-center justify-content-center mt-10&quot;
              &gt;
                &lt;p
                  class=&quot;error-message&quot;
                  data-testid=&quot;name-validation-message&quot;
                &gt;
                  Valid Name
                &lt;/p&gt;
              &lt;/section&gt;
            &lt;/div&gt;
            &lt;div&gt;
              &lt;section
                class=&quot;layout-row align-items-center justify-content-center mt-15&quot;
              &gt;
                &lt;button
                  data-testid=&quot;prev-btn&quot;
                  disabled=&quot;&quot;
                &gt;
                  Previous
                &lt;/button&gt;
                &lt;button
                  data-testid=&quot;next-btn&quot;
                  disabled=&quot;&quot;
                &gt;
                  Next
                &lt;/button&gt;
              &lt;/section&gt;
            &lt;/div&gt;
          &lt;/form&gt;
        &lt;/div&gt;
        &lt;div
          class=&quot;mt-20&quot;
        &gt;
          &lt;div
            data-testid=&quot;progress-indicator&quot;
          &gt;
            &lt;span&gt;
              Step 
              1
              /
              3
            &lt;/span&gt;
          &lt;/div&gt;
        &lt;/div&gt;
      &lt;/div&gt;
    &lt;/div&gt;
  &lt;/div&gt;
&lt;/body&gt;

&lt;html&gt;
  &lt;head /&gt;
  &lt;body&gt;
    &lt;div&gt;
      &lt;div
        class=&quot;App&quot;
      &gt;
        &lt;h8k-navbar
          header=&quot;Multi Step Validation Form&quot;
        /&gt;
        &lt;div
          class=&quot;layout-column align-items-center justify-content-start&quot;
        &gt;
          &lt;div
            class=&quot;card w-40 pt-30 pb-8 mt-10&quot;
          &gt;
            &lt;form
              data-testid=&quot;step-form&quot;
            &gt;
              &lt;div&gt;
                &lt;section
                  class=&quot;layout-row align-items-center justify-content-center mt-10&quot;
                &gt;
                  &lt;label
                    class=&quot;name-label&quot;
                    for=&quot;name&quot;
                  &gt;
                    Name:
                  &lt;/label&gt;
                  &lt;input
                    data-testid=&quot;name-input&quot;
                    id=&quot;name&quot;
                    type=&quot;number&quot;
                    value=&quot;Henry&quot;
                  /&gt;
                &lt;/section&gt;
                &lt;section
                  class=&quot;layout-row align-items-center justify-content-center mt-10&quot;
                &gt;
                  &lt;p
                    class=&quot;error-message&quot;
                    data-testid=&quot;name-validation-message&quot;
                  &gt;
                    Valid Name
                  &lt;/p&gt;
                &lt;/section&gt;
              &lt;/div&gt;
              &lt;div&gt;
                &lt;section
                  class=&quot;layout-row align-items-center justify-content-center mt-15&quot;
                &gt;
                  &lt;button
                    data-testid=&quot;prev-btn&quot;
                    disabled=&quot;&quot;
                  &gt;
                    Previous
                  &lt;/button&gt;
                  &lt;button
                    data-testid=&quot;next-btn&quot;
                    disabled=&quot;&quot;
                  &gt;
                    Next
                  &lt;/button&gt;
                &lt;/section&gt;
              &lt;/div&gt;
            &lt;/form&gt;
          &lt;/div&gt;
          &lt;div
            class=&quot;mt-20&quot;
          &gt;
            &lt;div
              data-testid=&quot;progress-indicator&quot;
            &gt;
              &lt;span&gt;
                Step 
                1
                /
                3
              &lt;/span&gt;
            &lt;/div&gt;
          &lt;/div&gt;
        &lt;/div&gt;
      &lt;/div&gt;
    &lt;/div&gt;
  &lt;/body&gt;
&lt;/html&gt;Error: Unable to find an element by: [data-testid=&quot;email-input&quot;]

&lt;body&gt;
  &lt;div&gt;
    &lt;div
      class=&quot;App&quot;
    &gt;
      &lt;h8k-navbar
        header=&quot;Multi Step Validation Form&quot;
      /&gt;
      &lt;div
        class=&quot;layout-column align-items-center justify-content-start&quot;
      &gt;
        &lt;div
          class=&quot;card w-40 pt-30 pb-8 mt-10&quot;
        &gt;
          &lt;form
            data-testid=&quot;step-form&quot;
          &gt;
            &lt;div&gt;
              &lt;section
                class=&quot;layout-row align-items-center justify-content-center mt-10&quot;
              &gt;
                &lt;label
                  class=&quot;name-label&quot;
                  for=&quot;name&quot;
                &gt;
                  Name:
                &lt;/label&gt;
                &lt;input
                  data-testid=&quot;name-input&quot;
                  id=&quot;name&quot;
                  type=&quot;number&quot;
                  value=&quot;Henry&quot;
                /&gt;
              &lt;/section&gt;
              &lt;section
                class=&quot;layout-row align-items-center justify-content-center mt-10&quot;
              &gt;
                &lt;p
                  class=&quot;error-message&quot;
                  data-testid=&quot;name-validation-message&quot;
                &gt;
                  Valid Name
                &lt;/p&gt;
              &lt;/section&gt;
            &lt;/div&gt;
            &lt;div&gt;
              &lt;section
                class=&quot;layout-row align-items-center justify-content-center mt-15&quot;
              &gt;
                &lt;button
                  data-testid=&quot;prev-btn&quot;
                  disabled=&quot;&quot;
                &gt;
                  Previous
                &lt;/button&gt;
                &lt;button
                  data-testid=&quot;next-btn&quot;
                  disabled=&quot;&quot;
                &gt;
                  Next
                &lt;/button&gt;
              &lt;/section&gt;
            &lt;/div&gt;
          &lt;/form&gt;
        &lt;/div&gt;
        &lt;div
          class=&quot;mt-20&quot;
        &gt;
          &lt;div
            data-testid=&quot;progress-indicator&quot;
          &gt;
            &lt;span&gt;
              Step 
              1
              /
              3
            &lt;/span&gt;
          &lt;/div&gt;
        &lt;/div&gt;
      &lt;/div&gt;
    &lt;/div&gt;
  &lt;/div&gt;
&lt;/body&gt;
    at waitForWrapper (/Users/tan/Documents/code/7fc73135-54ae-4bb5-b0bf-19dbd7619162/node_modules/@testing-library/dom/dist/wait-for.js:134:27)
    at Object.&lt;anonymous&gt; (/Users/tan/Documents/code/7fc73135-54ae-4bb5-b0bf-19dbd7619162/src/App.test.js:194:15)
    at Object.asyncJestLifecycle (/Users/tan/Documents/code/7fc73135-54ae-4bb5-b0bf-19dbd7619162/node_modules/jest-jasmine2/build/jasmineAsyncInstall.js:53:37)
    at /Users/tan/Documents/code/7fc73135-54ae-4bb5-b0bf-19dbd7619162/node_modules/jest-jasmine2/build/queueRunner.js:43:12
    at new Promise (&lt;anonymous&gt;)
    at mapper (/Users/tan/Documents/code/7fc73135-54ae-4bb5-b0bf-19dbd7619162/node_modules/jest-jasmine2/build/queueRunner.js:26:19)
    at /Users/tan/Documents/code/7fc73135-54ae-4bb5-b0bf-19dbd7619162/node_modules/jest-jasmine2/build/queueRunner.js:73:41</failure>
      <failure>TestingLibraryElementError: Unable to find an element by: [data-testid=&quot;password-input&quot;]

&lt;body&gt;
  &lt;div&gt;
    &lt;div
      class=&quot;App&quot;
    &gt;
      &lt;h8k-navbar
        header=&quot;Multi Step Validation Form&quot;
      /&gt;
      &lt;div
        class=&quot;layout-column align-items-center justify-content-start&quot;
      &gt;
        &lt;div
          class=&quot;card w-40 pt-30 pb-8 mt-10&quot;
        &gt;
          &lt;form
            data-testid=&quot;step-form&quot;
          &gt;
            &lt;div&gt;
              &lt;section
                class=&quot;layout-row align-items-center justify-content-center mt-10&quot;
              &gt;
                &lt;label
                  class=&quot;name-label&quot;
                  for=&quot;name&quot;
                &gt;
                  Name:
                &lt;/label&gt;
                &lt;input
                  data-testid=&quot;name-input&quot;
                  id=&quot;name&quot;
                  type=&quot;number&quot;
                  value=&quot;Henry&quot;
                /&gt;
              &lt;/section&gt;
              &lt;section
                class=&quot;layout-row align-items-center justify-content-center mt-10&quot;
              &gt;
                &lt;p
                  class=&quot;error-message&quot;
                  data-testid=&quot;name-validation-message&quot;
                &gt;
                  Valid Name
                &lt;/p&gt;
              &lt;/section&gt;
            &lt;/div&gt;
            &lt;div&gt;
              &lt;section
                class=&quot;layout-row align-items-center justify-content-center mt-15&quot;
              &gt;
                &lt;button
                  data-testid=&quot;prev-btn&quot;
                  disabled=&quot;&quot;
                &gt;
                  Previous
                &lt;/button&gt;
                &lt;button
                  data-testid=&quot;next-btn&quot;
                  disabled=&quot;&quot;
                &gt;
                  Next
                &lt;/button&gt;
              &lt;/section&gt;
            &lt;/div&gt;
          &lt;/form&gt;
        &lt;/div&gt;
        &lt;div
          class=&quot;mt-20&quot;
        &gt;
          &lt;div
            data-testid=&quot;progress-indicator&quot;
          &gt;
            &lt;span&gt;
              Step 
              1
              /
              3
            &lt;/span&gt;
          &lt;/div&gt;
        &lt;/div&gt;
      &lt;/div&gt;
    &lt;/div&gt;
  &lt;/div&gt;
&lt;/body&gt;

&lt;html&gt;
  &lt;head /&gt;
  &lt;body&gt;
    &lt;div&gt;
      &lt;div
        class=&quot;App&quot;
      &gt;
        &lt;h8k-navbar
          header=&quot;Multi Step Validation Form&quot;
        /&gt;
        &lt;div
          class=&quot;layout-column align-items-center justify-content-start&quot;
        &gt;
          &lt;div
            class=&quot;card w-40 pt-30 pb-8 mt-10&quot;
          &gt;
            &lt;form
              data-testid=&quot;step-form&quot;
            &gt;
              &lt;div&gt;
                &lt;section
                  class=&quot;layout-row align-items-center justify-content-center mt-10&quot;
                &gt;
                  &lt;label
                    class=&quot;name-label&quot;
                    for=&quot;name&quot;
                  &gt;
                    Name:
                  &lt;/label&gt;
                  &lt;input
                    data-testid=&quot;name-input&quot;
                    id=&quot;name&quot;
                    type=&quot;number&quot;
                    value=&quot;Henry&quot;
                  /&gt;
                &lt;/section&gt;
                &lt;section
                  class=&quot;layout-row align-items-center justify-content-center mt-10&quot;
                &gt;
                  &lt;p
                    class=&quot;error-message&quot;
                    data-testid=&quot;name-validation-message&quot;
                  &gt;
                    Valid Name
                  &lt;/p&gt;
                &lt;/section&gt;
              &lt;/div&gt;
              &lt;div&gt;
                &lt;section
                  class=&quot;layout-row align-items-center justify-content-center mt-15&quot;
                &gt;
                  &lt;button
                    data-testid=&quot;prev-btn&quot;
                    disabled=&quot;&quot;
                  &gt;
                    Previous
                  &lt;/button&gt;
                  &lt;button
                    data-testid=&quot;next-btn&quot;
                    disabled=&quot;&quot;
                  &gt;
                    Next
                  &lt;/button&gt;
                &lt;/section&gt;
              &lt;/div&gt;
            &lt;/form&gt;
          &lt;/div&gt;
          &lt;div
            class=&quot;mt-20&quot;
          &gt;
            &lt;div
              data-testid=&quot;progress-indicator&quot;
            &gt;
              &lt;span&gt;
                Step 
                1
                /
                3
              &lt;/span&gt;
            &lt;/div&gt;
          &lt;/div&gt;
        &lt;/div&gt;
      &lt;/div&gt;
    &lt;/div&gt;
  &lt;/body&gt;
&lt;/html&gt;Error: Unable to find an element by: [data-testid=&quot;password-input&quot;]

&lt;body&gt;
  &lt;div&gt;
    &lt;div
      class=&quot;App&quot;
    &gt;
      &lt;h8k-navbar
        header=&quot;Multi Step Validation Form&quot;
      /&gt;
      &lt;div
        class=&quot;layout-column align-items-center justify-content-start&quot;
      &gt;
        &lt;div
          class=&quot;card w-40 pt-30 pb-8 mt-10&quot;
        &gt;
          &lt;form
            data-testid=&quot;step-form&quot;
          &gt;
            &lt;div&gt;
              &lt;section
                class=&quot;layout-row align-items-center justify-content-center mt-10&quot;
              &gt;
                &lt;label
                  class=&quot;name-label&quot;
                  for=&quot;name&quot;
                &gt;
                  Name:
                &lt;/label&gt;
                &lt;input
                  data-testid=&quot;name-input&quot;
                  id=&quot;name&quot;
                  type=&quot;number&quot;
                  value=&quot;Henry&quot;
                /&gt;
              &lt;/section&gt;
              &lt;section
                class=&quot;layout-row align-items-center justify-content-center mt-10&quot;
              &gt;
                &lt;p
                  class=&quot;error-message&quot;
                  data-testid=&quot;name-validation-message&quot;
                &gt;
                  Valid Name
                &lt;/p&gt;
              &lt;/section&gt;
            &lt;/div&gt;
            &lt;div&gt;
              &lt;section
                class=&quot;layout-row align-items-center justify-content-center mt-15&quot;
              &gt;
                &lt;button
                  data-testid=&quot;prev-btn&quot;
                  disabled=&quot;&quot;
                &gt;
                  Previous
                &lt;/button&gt;
                &lt;button
                  data-testid=&quot;next-btn&quot;
                  disabled=&quot;&quot;
                &gt;
                  Next
                &lt;/button&gt;
              &lt;/section&gt;
            &lt;/div&gt;
          &lt;/form&gt;
        &lt;/div&gt;
        &lt;div
          class=&quot;mt-20&quot;
        &gt;
          &lt;div
            data-testid=&quot;progress-indicator&quot;
          &gt;
            &lt;span&gt;
              Step 
              1
              /
              3
            &lt;/span&gt;
          &lt;/div&gt;
        &lt;/div&gt;
      &lt;/div&gt;
    &lt;/div&gt;
  &lt;/div&gt;
&lt;/body&gt;
    at waitForWrapper (/Users/tan/Documents/code/7fc73135-54ae-4bb5-b0bf-19dbd7619162/node_modules/@testing-library/dom/dist/wait-for.js:134:27)
    at Object.&lt;anonymous&gt; (/Users/tan/Documents/code/7fc73135-54ae-4bb5-b0bf-19dbd7619162/src/App.test.js:230:15)
    at Object.asyncJestTest (/Users/tan/Documents/code/7fc73135-54ae-4bb5-b0bf-19dbd7619162/node_modules/jest-jasmine2/build/jasmineAsyncInstall.js:102:37)
    at /Users/tan/Documents/code/7fc73135-54ae-4bb5-b0bf-19dbd7619162/node_modules/jest-jasmine2/build/queueRunner.js:43:12
    at new Promise (&lt;anonymous&gt;)
    at mapper (/Users/tan/Documents/code/7fc73135-54ae-4bb5-b0bf-19dbd7619162/node_modules/jest-jasmine2/build/queueRunner.js:26:19)
    at /Users/tan/Documents/code/7fc73135-54ae-4bb5-b0bf-19dbd7619162/node_modules/jest-jasmine2/build/queueRunner.js:73:41</failure>
    </testcase>
    <testcase classname="FinalPage component renders FinalPage component" name="FinalPage component renders FinalPage component" time="2.009">
      <failure>TestingLibraryElementError: Unable to find an element by: [data-testid=&quot;email-input&quot;]

&lt;body&gt;
  &lt;div&gt;
    &lt;div
      class=&quot;App&quot;
    &gt;
      &lt;h8k-navbar
        header=&quot;Multi Step Validation Form&quot;
      /&gt;
      &lt;div
        class=&quot;layout-column align-items-center justify-content-start&quot;
      &gt;
        &lt;div
          class=&quot;card w-40 pt-30 pb-8 mt-10&quot;
        &gt;
          &lt;form
            data-testid=&quot;step-form&quot;
          &gt;
            &lt;div&gt;
              &lt;section
                class=&quot;layout-row align-items-center justify-content-center mt-10&quot;
              &gt;
                &lt;label
                  class=&quot;name-label&quot;
                  for=&quot;name&quot;
                &gt;
                  Name:
                &lt;/label&gt;
                &lt;input
                  data-testid=&quot;name-input&quot;
                  id=&quot;name&quot;
                  type=&quot;number&quot;
                  value=&quot;Henry&quot;
                /&gt;
              &lt;/section&gt;
              &lt;section
                class=&quot;layout-row align-items-center justify-content-center mt-10&quot;
              &gt;
                &lt;p
                  class=&quot;error-message&quot;
                  data-testid=&quot;name-validation-message&quot;
                &gt;
                  Valid Name
                &lt;/p&gt;
              &lt;/section&gt;
            &lt;/div&gt;
            &lt;div&gt;
              &lt;section
                class=&quot;layout-row align-items-center justify-content-center mt-15&quot;
              &gt;
                &lt;button
                  data-testid=&quot;prev-btn&quot;
                  disabled=&quot;&quot;
                &gt;
                  Previous
                &lt;/button&gt;
                &lt;button
                  data-testid=&quot;next-btn&quot;
                  disabled=&quot;&quot;
                &gt;
                  Next
                &lt;/button&gt;
              &lt;/section&gt;
            &lt;/div&gt;
          &lt;/form&gt;
        &lt;/div&gt;
        &lt;div
          class=&quot;mt-20&quot;
        &gt;
          &lt;div
            data-testid=&quot;progress-indicator&quot;
          &gt;
            &lt;span&gt;
              Step 
              1
              /
              3
            &lt;/span&gt;
          &lt;/div&gt;
        &lt;/div&gt;
      &lt;/div&gt;
    &lt;/div&gt;
  &lt;/div&gt;
&lt;/body&gt;

&lt;html&gt;
  &lt;head /&gt;
  &lt;body&gt;
    &lt;div&gt;
      &lt;div
        class=&quot;App&quot;
      &gt;
        &lt;h8k-navbar
          header=&quot;Multi Step Validation Form&quot;
        /&gt;
        &lt;div
          class=&quot;layout-column align-items-center justify-content-start&quot;
        &gt;
          &lt;div
            class=&quot;card w-40 pt-30 pb-8 mt-10&quot;
          &gt;
            &lt;form
              data-testid=&quot;step-form&quot;
            &gt;
              &lt;div&gt;
                &lt;section
                  class=&quot;layout-row align-items-center justify-content-center mt-10&quot;
                &gt;
                  &lt;label
                    class=&quot;name-label&quot;
                    for=&quot;name&quot;
                  &gt;
                    Name:
                  &lt;/label&gt;
                  &lt;input
                    data-testid=&quot;name-input&quot;
                    id=&quot;name&quot;
                    type=&quot;number&quot;
                    value=&quot;Henry&quot;
                  /&gt;
                &lt;/section&gt;
                &lt;section
                  class=&quot;layout-row align-items-center justify-content-center mt-10&quot;
                &gt;
                  &lt;p
                    class=&quot;error-message&quot;
                    data-testid=&quot;name-validation-message&quot;
                  &gt;
                    Valid Name
                  &lt;/p&gt;
                &lt;/section&gt;
              &lt;/div&gt;
              &lt;div&gt;
                &lt;section
                  class=&quot;layout-row align-items-center justify-content-center mt-15&quot;
                &gt;
                  &lt;button
                    data-testid=&quot;prev-btn&quot;
                    disabled=&quot;&quot;
                  &gt;
                    Previous
                  &lt;/button&gt;
                  &lt;button
                    data-testid=&quot;next-btn&quot;
                    disabled=&quot;&quot;
                  &gt;
                    Next
                  &lt;/button&gt;
                &lt;/section&gt;
              &lt;/div&gt;
            &lt;/form&gt;
          &lt;/div&gt;
          &lt;div
            class=&quot;mt-20&quot;
          &gt;
            &lt;div
              data-testid=&quot;progress-indicator&quot;
            &gt;
              &lt;span&gt;
                Step 
                1
                /
                3
              &lt;/span&gt;
            &lt;/div&gt;
          &lt;/div&gt;
        &lt;/div&gt;
      &lt;/div&gt;
    &lt;/div&gt;
  &lt;/body&gt;
&lt;/html&gt;Error: Unable to find an element by: [data-testid=&quot;email-input&quot;]

&lt;body&gt;
  &lt;div&gt;
    &lt;div
      class=&quot;App&quot;
    &gt;
      &lt;h8k-navbar
        header=&quot;Multi Step Validation Form&quot;
      /&gt;
      &lt;div
        class=&quot;layout-column align-items-center justify-content-start&quot;
      &gt;
        &lt;div
          class=&quot;card w-40 pt-30 pb-8 mt-10&quot;
        &gt;
          &lt;form
            data-testid=&quot;step-form&quot;
          &gt;
            &lt;div&gt;
              &lt;section
                class=&quot;layout-row align-items-center justify-content-center mt-10&quot;
              &gt;
                &lt;label
                  class=&quot;name-label&quot;
                  for=&quot;name&quot;
                &gt;
                  Name:
                &lt;/label&gt;
                &lt;input
                  data-testid=&quot;name-input&quot;
                  id=&quot;name&quot;
                  type=&quot;number&quot;
                  value=&quot;Henry&quot;
                /&gt;
              &lt;/section&gt;
              &lt;section
                class=&quot;layout-row align-items-center justify-content-center mt-10&quot;
              &gt;
                &lt;p
                  class=&quot;error-message&quot;
                  data-testid=&quot;name-validation-message&quot;
                &gt;
                  Valid Name
                &lt;/p&gt;
              &lt;/section&gt;
            &lt;/div&gt;
            &lt;div&gt;
              &lt;section
                class=&quot;layout-row align-items-center justify-content-center mt-15&quot;
              &gt;
                &lt;button
                  data-testid=&quot;prev-btn&quot;
                  disabled=&quot;&quot;
                &gt;
                  Previous
                &lt;/button&gt;
                &lt;button
                  data-testid=&quot;next-btn&quot;
                  disabled=&quot;&quot;
                &gt;
                  Next
                &lt;/button&gt;
              &lt;/section&gt;
            &lt;/div&gt;
          &lt;/form&gt;
        &lt;/div&gt;
        &lt;div
          class=&quot;mt-20&quot;
        &gt;
          &lt;div
            data-testid=&quot;progress-indicator&quot;
          &gt;
            &lt;span&gt;
              Step 
              1
              /
              3
            &lt;/span&gt;
          &lt;/div&gt;
        &lt;/div&gt;
      &lt;/div&gt;
    &lt;/div&gt;
  &lt;/div&gt;
&lt;/body&gt;
    at waitForWrapper (/Users/tan/Documents/code/7fc73135-54ae-4bb5-b0bf-19dbd7619162/node_modules/@testing-library/dom/dist/wait-for.js:134:27)
    at Object.&lt;anonymous&gt; (/Users/tan/Documents/code/7fc73135-54ae-4bb5-b0bf-19dbd7619162/src/App.test.js:249:15)
    at Object.asyncJestLifecycle (/Users/tan/Documents/code/7fc73135-54ae-4bb5-b0bf-19dbd7619162/node_modules/jest-jasmine2/build/jasmineAsyncInstall.js:53:37)
    at /Users/tan/Documents/code/7fc73135-54ae-4bb5-b0bf-19dbd7619162/node_modules/jest-jasmine2/build/queueRunner.js:43:12
    at new Promise (&lt;anonymous&gt;)
    at mapper (/Users/tan/Documents/code/7fc73135-54ae-4bb5-b0bf-19dbd7619162/node_modules/jest-jasmine2/build/queueRunner.js:26:19)
    at /Users/tan/Documents/code/7fc73135-54ae-4bb5-b0bf-19dbd7619162/node_modules/jest-jasmine2/build/queueRunner.js:73:41</failure>
      <failure>TestingLibraryElementError: Unable to find an element by: [data-testid=&quot;final-page&quot;]

&lt;body&gt;
  &lt;div&gt;
    &lt;div
      class=&quot;App&quot;
    &gt;
      &lt;h8k-navbar
        header=&quot;Multi Step Validation Form&quot;
      /&gt;
      &lt;div
        class=&quot;layout-column align-items-center justify-content-start&quot;
      &gt;
        &lt;div
          class=&quot;card w-40 pt-30 pb-8 mt-10&quot;
        &gt;
          &lt;form
            data-testid=&quot;step-form&quot;
          &gt;
            &lt;div&gt;
              &lt;section
                class=&quot;layout-row align-items-center justify-content-center mt-10&quot;
              &gt;
                &lt;label
                  class=&quot;name-label&quot;
                  for=&quot;name&quot;
                &gt;
                  Name:
                &lt;/label&gt;
                &lt;input
                  data-testid=&quot;name-input&quot;
                  id=&quot;name&quot;
                  type=&quot;number&quot;
                  value=&quot;Henry&quot;
                /&gt;
              &lt;/section&gt;
              &lt;section
                class=&quot;layout-row align-items-center justify-content-center mt-10&quot;
              &gt;
                &lt;p
                  class=&quot;error-message&quot;
                  data-testid=&quot;name-validation-message&quot;
                &gt;
                  Valid Name
                &lt;/p&gt;
              &lt;/section&gt;
            &lt;/div&gt;
            &lt;div&gt;
              &lt;section
                class=&quot;layout-row align-items-center justify-content-center mt-15&quot;
              &gt;
                &lt;button
                  data-testid=&quot;prev-btn&quot;
                  disabled=&quot;&quot;
                &gt;
                  Previous
                &lt;/button&gt;
                &lt;button
                  data-testid=&quot;next-btn&quot;
                  disabled=&quot;&quot;
                &gt;
                  Next
                &lt;/button&gt;
              &lt;/section&gt;
            &lt;/div&gt;
          &lt;/form&gt;
        &lt;/div&gt;
        &lt;div
          class=&quot;mt-20&quot;
        &gt;
          &lt;div
            data-testid=&quot;progress-indicator&quot;
          &gt;
            &lt;span&gt;
              Step 
              1
              /
              3
            &lt;/span&gt;
          &lt;/div&gt;
        &lt;/div&gt;
      &lt;/div&gt;
    &lt;/div&gt;
  &lt;/div&gt;
&lt;/body&gt;

&lt;html&gt;
  &lt;head /&gt;
  &lt;body&gt;
    &lt;div&gt;
      &lt;div
        class=&quot;App&quot;
      &gt;
        &lt;h8k-navbar
          header=&quot;Multi Step Validation Form&quot;
        /&gt;
        &lt;div
          class=&quot;layout-column align-items-center justify-content-start&quot;
        &gt;
          &lt;div
            class=&quot;card w-40 pt-30 pb-8 mt-10&quot;
          &gt;
            &lt;form
              data-testid=&quot;step-form&quot;
            &gt;
              &lt;div&gt;
                &lt;section
                  class=&quot;layout-row align-items-center justify-content-center mt-10&quot;
                &gt;
                  &lt;label
                    class=&quot;name-label&quot;
                    for=&quot;name&quot;
                  &gt;
                    Name:
                  &lt;/label&gt;
                  &lt;input
                    data-testid=&quot;name-input&quot;
                    id=&quot;name&quot;
                    type=&quot;number&quot;
                    value=&quot;Henry&quot;
                  /&gt;
                &lt;/section&gt;
                &lt;section
                  class=&quot;layout-row align-items-center justify-content-center mt-10&quot;
                &gt;
                  &lt;p
                    class=&quot;error-message&quot;
                    data-testid=&quot;name-validation-message&quot;
                  &gt;
                    Valid Name
                  &lt;/p&gt;
                &lt;/section&gt;
              &lt;/div&gt;
              &lt;div&gt;
                &lt;section
                  class=&quot;layout-row align-items-center justify-content-center mt-15&quot;
                &gt;
                  &lt;button
                    data-testid=&quot;prev-btn&quot;
                    disabled=&quot;&quot;
                  &gt;
                    Previous
                  &lt;/button&gt;
                  &lt;button
                    data-testid=&quot;next-btn&quot;
                    disabled=&quot;&quot;
                  &gt;
                    Next
                  &lt;/button&gt;
                &lt;/section&gt;
              &lt;/div&gt;
            &lt;/form&gt;
          &lt;/div&gt;
          &lt;div
            class=&quot;mt-20&quot;
          &gt;
            &lt;div
              data-testid=&quot;progress-indicator&quot;
            &gt;
              &lt;span&gt;
                Step 
                1
                /
                3
              &lt;/span&gt;
            &lt;/div&gt;
          &lt;/div&gt;
        &lt;/div&gt;
      &lt;/div&gt;
    &lt;/div&gt;
  &lt;/body&gt;
&lt;/html&gt;Error: Unable to find an element by: [data-testid=&quot;final-page&quot;]

&lt;body&gt;
  &lt;div&gt;
    &lt;div
      class=&quot;App&quot;
    &gt;
      &lt;h8k-navbar
        header=&quot;Multi Step Validation Form&quot;
      /&gt;
      &lt;div
        class=&quot;layout-column align-items-center justify-content-start&quot;
      &gt;
        &lt;div
          class=&quot;card w-40 pt-30 pb-8 mt-10&quot;
        &gt;
          &lt;form
            data-testid=&quot;step-form&quot;
          &gt;
            &lt;div&gt;
              &lt;section
                class=&quot;layout-row align-items-center justify-content-center mt-10&quot;
              &gt;
                &lt;label
                  class=&quot;name-label&quot;
                  for=&quot;name&quot;
                &gt;
                  Name:
                &lt;/label&gt;
                &lt;input
                  data-testid=&quot;name-input&quot;
                  id=&quot;name&quot;
                  type=&quot;number&quot;
                  value=&quot;Henry&quot;
                /&gt;
              &lt;/section&gt;
              &lt;section
                class=&quot;layout-row align-items-center justify-content-center mt-10&quot;
              &gt;
                &lt;p
                  class=&quot;error-message&quot;
                  data-testid=&quot;name-validation-message&quot;
                &gt;
                  Valid Name
                &lt;/p&gt;
              &lt;/section&gt;
            &lt;/div&gt;
            &lt;div&gt;
              &lt;section
                class=&quot;layout-row align-items-center justify-content-center mt-15&quot;
              &gt;
                &lt;button
                  data-testid=&quot;prev-btn&quot;
                  disabled=&quot;&quot;
                &gt;
                  Previous
                &lt;/button&gt;
                &lt;button
                  data-testid=&quot;next-btn&quot;
                  disabled=&quot;&quot;
                &gt;
                  Next
                &lt;/button&gt;
              &lt;/section&gt;
            &lt;/div&gt;
          &lt;/form&gt;
        &lt;/div&gt;
        &lt;div
          class=&quot;mt-20&quot;
        &gt;
          &lt;div
            data-testid=&quot;progress-indicator&quot;
          &gt;
            &lt;span&gt;
              Step 
              1
              /
              3
            &lt;/span&gt;
          &lt;/div&gt;
        &lt;/div&gt;
      &lt;/div&gt;
    &lt;/div&gt;
  &lt;/div&gt;
&lt;/body&gt;
    at waitForWrapper (/Users/tan/Documents/code/7fc73135-54ae-4bb5-b0bf-19dbd7619162/node_modules/@testing-library/dom/dist/wait-for.js:134:27)
    at Object.&lt;anonymous&gt; (/Users/tan/Documents/code/7fc73135-54ae-4bb5-b0bf-19dbd7619162/src/App.test.js:263:15)
    at Object.asyncJestTest (/Users/tan/Documents/code/7fc73135-54ae-4bb5-b0bf-19dbd7619162/node_modules/jest-jasmine2/build/jasmineAsyncInstall.js:102:37)
    at /Users/tan/Documents/code/7fc73135-54ae-4bb5-b0bf-19dbd7619162/node_modules/jest-jasmine2/build/queueRunner.js:43:12
    at new Promise (&lt;anonymous&gt;)
    at mapper (/Users/tan/Documents/code/7fc73135-54ae-4bb5-b0bf-19dbd7619162/node_modules/jest-jasmine2/build/queueRunner.js:26:19)
    at /Users/tan/Documents/code/7fc73135-54ae-4bb5-b0bf-19dbd7619162/node_modules/jest-jasmine2/build/queueRunner.js:73:41</failure>
    </testcase>
    <testcase classname="FinalPage component displays the submitted name" name="FinalPage component displays the submitted name" time="2.012">
      <failure>TestingLibraryElementError: Unable to find an element by: [data-testid=&quot;email-input&quot;]

&lt;body&gt;
  &lt;div&gt;
    &lt;div
      class=&quot;App&quot;
    &gt;
      &lt;h8k-navbar
        header=&quot;Multi Step Validation Form&quot;
      /&gt;
      &lt;div
        class=&quot;layout-column align-items-center justify-content-start&quot;
      &gt;
        &lt;div
          class=&quot;card w-40 pt-30 pb-8 mt-10&quot;
        &gt;
          &lt;form
            data-testid=&quot;step-form&quot;
          &gt;
            &lt;div&gt;
              &lt;section
                class=&quot;layout-row align-items-center justify-content-center mt-10&quot;
              &gt;
                &lt;label
                  class=&quot;name-label&quot;
                  for=&quot;name&quot;
                &gt;
                  Name:
                &lt;/label&gt;
                &lt;input
                  data-testid=&quot;name-input&quot;
                  id=&quot;name&quot;
                  type=&quot;number&quot;
                  value=&quot;Henry&quot;
                /&gt;
              &lt;/section&gt;
              &lt;section
                class=&quot;layout-row align-items-center justify-content-center mt-10&quot;
              &gt;
                &lt;p
                  class=&quot;error-message&quot;
                  data-testid=&quot;name-validation-message&quot;
                &gt;
                  Valid Name
                &lt;/p&gt;
              &lt;/section&gt;
            &lt;/div&gt;
            &lt;div&gt;
              &lt;section
                class=&quot;layout-row align-items-center justify-content-center mt-15&quot;
              &gt;
                &lt;button
                  data-testid=&quot;prev-btn&quot;
                  disabled=&quot;&quot;
                &gt;
                  Previous
                &lt;/button&gt;
                &lt;button
                  data-testid=&quot;next-btn&quot;
                  disabled=&quot;&quot;
                &gt;
                  Next
                &lt;/button&gt;
              &lt;/section&gt;
            &lt;/div&gt;
          &lt;/form&gt;
        &lt;/div&gt;
        &lt;div
          class=&quot;mt-20&quot;
        &gt;
          &lt;div
            data-testid=&quot;progress-indicator&quot;
          &gt;
            &lt;span&gt;
              Step 
              1
              /
              3
            &lt;/span&gt;
          &lt;/div&gt;
        &lt;/div&gt;
      &lt;/div&gt;
    &lt;/div&gt;
  &lt;/div&gt;
&lt;/body&gt;

&lt;html&gt;
  &lt;head /&gt;
  &lt;body&gt;
    &lt;div&gt;
      &lt;div
        class=&quot;App&quot;
      &gt;
        &lt;h8k-navbar
          header=&quot;Multi Step Validation Form&quot;
        /&gt;
        &lt;div
          class=&quot;layout-column align-items-center justify-content-start&quot;
        &gt;
          &lt;div
            class=&quot;card w-40 pt-30 pb-8 mt-10&quot;
          &gt;
            &lt;form
              data-testid=&quot;step-form&quot;
            &gt;
              &lt;div&gt;
                &lt;section
                  class=&quot;layout-row align-items-center justify-content-center mt-10&quot;
                &gt;
                  &lt;label
                    class=&quot;name-label&quot;
                    for=&quot;name&quot;
                  &gt;
                    Name:
                  &lt;/label&gt;
                  &lt;input
                    data-testid=&quot;name-input&quot;
                    id=&quot;name&quot;
                    type=&quot;number&quot;
                    value=&quot;Henry&quot;
                  /&gt;
                &lt;/section&gt;
                &lt;section
                  class=&quot;layout-row align-items-center justify-content-center mt-10&quot;
                &gt;
                  &lt;p
                    class=&quot;error-message&quot;
                    data-testid=&quot;name-validation-message&quot;
                  &gt;
                    Valid Name
                  &lt;/p&gt;
                &lt;/section&gt;
              &lt;/div&gt;
              &lt;div&gt;
                &lt;section
                  class=&quot;layout-row align-items-center justify-content-center mt-15&quot;
                &gt;
                  &lt;button
                    data-testid=&quot;prev-btn&quot;
                    disabled=&quot;&quot;
                  &gt;
                    Previous
                  &lt;/button&gt;
                  &lt;button
                    data-testid=&quot;next-btn&quot;
                    disabled=&quot;&quot;
                  &gt;
                    Next
                  &lt;/button&gt;
                &lt;/section&gt;
              &lt;/div&gt;
            &lt;/form&gt;
          &lt;/div&gt;
          &lt;div
            class=&quot;mt-20&quot;
          &gt;
            &lt;div
              data-testid=&quot;progress-indicator&quot;
            &gt;
              &lt;span&gt;
                Step 
                1
                /
                3
              &lt;/span&gt;
            &lt;/div&gt;
          &lt;/div&gt;
        &lt;/div&gt;
      &lt;/div&gt;
    &lt;/div&gt;
  &lt;/body&gt;
&lt;/html&gt;Error: Unable to find an element by: [data-testid=&quot;email-input&quot;]

&lt;body&gt;
  &lt;div&gt;
    &lt;div
      class=&quot;App&quot;
    &gt;
      &lt;h8k-navbar
        header=&quot;Multi Step Validation Form&quot;
      /&gt;
      &lt;div
        class=&quot;layout-column align-items-center justify-content-start&quot;
      &gt;
        &lt;div
          class=&quot;card w-40 pt-30 pb-8 mt-10&quot;
        &gt;
          &lt;form
            data-testid=&quot;step-form&quot;
          &gt;
            &lt;div&gt;
              &lt;section
                class=&quot;layout-row align-items-center justify-content-center mt-10&quot;
              &gt;
                &lt;label
                  class=&quot;name-label&quot;
                  for=&quot;name&quot;
                &gt;
                  Name:
                &lt;/label&gt;
                &lt;input
                  data-testid=&quot;name-input&quot;
                  id=&quot;name&quot;
                  type=&quot;number&quot;
                  value=&quot;Henry&quot;
                /&gt;
              &lt;/section&gt;
              &lt;section
                class=&quot;layout-row align-items-center justify-content-center mt-10&quot;
              &gt;
                &lt;p
                  class=&quot;error-message&quot;
                  data-testid=&quot;name-validation-message&quot;
                &gt;
                  Valid Name
                &lt;/p&gt;
              &lt;/section&gt;
            &lt;/div&gt;
            &lt;div&gt;
              &lt;section
                class=&quot;layout-row align-items-center justify-content-center mt-15&quot;
              &gt;
                &lt;button
                  data-testid=&quot;prev-btn&quot;
                  disabled=&quot;&quot;
                &gt;
                  Previous
                &lt;/button&gt;
                &lt;button
                  data-testid=&quot;next-btn&quot;
                  disabled=&quot;&quot;
                &gt;
                  Next
                &lt;/button&gt;
              &lt;/section&gt;
            &lt;/div&gt;
          &lt;/form&gt;
        &lt;/div&gt;
        &lt;div
          class=&quot;mt-20&quot;
        &gt;
          &lt;div
            data-testid=&quot;progress-indicator&quot;
          &gt;
            &lt;span&gt;
              Step 
              1
              /
              3
            &lt;/span&gt;
          &lt;/div&gt;
        &lt;/div&gt;
      &lt;/div&gt;
    &lt;/div&gt;
  &lt;/div&gt;
&lt;/body&gt;
    at waitForWrapper (/Users/tan/Documents/code/7fc73135-54ae-4bb5-b0bf-19dbd7619162/node_modules/@testing-library/dom/dist/wait-for.js:134:27)
    at Object.&lt;anonymous&gt; (/Users/tan/Documents/code/7fc73135-54ae-4bb5-b0bf-19dbd7619162/src/App.test.js:249:15)
    at Object.asyncJestLifecycle (/Users/tan/Documents/code/7fc73135-54ae-4bb5-b0bf-19dbd7619162/node_modules/jest-jasmine2/build/jasmineAsyncInstall.js:53:37)
    at /Users/tan/Documents/code/7fc73135-54ae-4bb5-b0bf-19dbd7619162/node_modules/jest-jasmine2/build/queueRunner.js:43:12
    at new Promise (&lt;anonymous&gt;)
    at mapper (/Users/tan/Documents/code/7fc73135-54ae-4bb5-b0bf-19dbd7619162/node_modules/jest-jasmine2/build/queueRunner.js:26:19)
    at /Users/tan/Documents/code/7fc73135-54ae-4bb5-b0bf-19dbd7619162/node_modules/jest-jasmine2/build/queueRunner.js:73:41</failure>
      <failure>TestingLibraryElementError: Unable to find an element by: [data-testid=&quot;final-page-name&quot;]

&lt;body&gt;
  &lt;div&gt;
    &lt;div
      class=&quot;App&quot;
    &gt;
      &lt;h8k-navbar
        header=&quot;Multi Step Validation Form&quot;
      /&gt;
      &lt;div
        class=&quot;layout-column align-items-center justify-content-start&quot;
      &gt;
        &lt;div
          class=&quot;card w-40 pt-30 pb-8 mt-10&quot;
        &gt;
          &lt;form
            data-testid=&quot;step-form&quot;
          &gt;
            &lt;div&gt;
              &lt;section
                class=&quot;layout-row align-items-center justify-content-center mt-10&quot;
              &gt;
                &lt;label
                  class=&quot;name-label&quot;
                  for=&quot;name&quot;
                &gt;
                  Name:
                &lt;/label&gt;
                &lt;input
                  data-testid=&quot;name-input&quot;
                  id=&quot;name&quot;
                  type=&quot;number&quot;
                  value=&quot;Henry&quot;
                /&gt;
              &lt;/section&gt;
              &lt;section
                class=&quot;layout-row align-items-center justify-content-center mt-10&quot;
              &gt;
                &lt;p
                  class=&quot;error-message&quot;
                  data-testid=&quot;name-validation-message&quot;
                &gt;
                  Valid Name
                &lt;/p&gt;
              &lt;/section&gt;
            &lt;/div&gt;
            &lt;div&gt;
              &lt;section
                class=&quot;layout-row align-items-center justify-content-center mt-15&quot;
              &gt;
                &lt;button
                  data-testid=&quot;prev-btn&quot;
                  disabled=&quot;&quot;
                &gt;
                  Previous
                &lt;/button&gt;
                &lt;button
                  data-testid=&quot;next-btn&quot;
                  disabled=&quot;&quot;
                &gt;
                  Next
                &lt;/button&gt;
              &lt;/section&gt;
            &lt;/div&gt;
          &lt;/form&gt;
        &lt;/div&gt;
        &lt;div
          class=&quot;mt-20&quot;
        &gt;
          &lt;div
            data-testid=&quot;progress-indicator&quot;
          &gt;
            &lt;span&gt;
              Step 
              1
              /
              3
            &lt;/span&gt;
          &lt;/div&gt;
        &lt;/div&gt;
      &lt;/div&gt;
    &lt;/div&gt;
  &lt;/div&gt;
&lt;/body&gt;

&lt;html&gt;
  &lt;head /&gt;
  &lt;body&gt;
    &lt;div&gt;
      &lt;div
        class=&quot;App&quot;
      &gt;
        &lt;h8k-navbar
          header=&quot;Multi Step Validation Form&quot;
        /&gt;
        &lt;div
          class=&quot;layout-column align-items-center justify-content-start&quot;
        &gt;
          &lt;div
            class=&quot;card w-40 pt-30 pb-8 mt-10&quot;
          &gt;
            &lt;form
              data-testid=&quot;step-form&quot;
            &gt;
              &lt;div&gt;
                &lt;section
                  class=&quot;layout-row align-items-center justify-content-center mt-10&quot;
                &gt;
                  &lt;label
                    class=&quot;name-label&quot;
                    for=&quot;name&quot;
                  &gt;
                    Name:
                  &lt;/label&gt;
                  &lt;input
                    data-testid=&quot;name-input&quot;
                    id=&quot;name&quot;
                    type=&quot;number&quot;
                    value=&quot;Henry&quot;
                  /&gt;
                &lt;/section&gt;
                &lt;section
                  class=&quot;layout-row align-items-center justify-content-center mt-10&quot;
                &gt;
                  &lt;p
                    class=&quot;error-message&quot;
                    data-testid=&quot;name-validation-message&quot;
                  &gt;
                    Valid Name
                  &lt;/p&gt;
                &lt;/section&gt;
              &lt;/div&gt;
              &lt;div&gt;
                &lt;section
                  class=&quot;layout-row align-items-center justify-content-center mt-15&quot;
                &gt;
                  &lt;button
                    data-testid=&quot;prev-btn&quot;
                    disabled=&quot;&quot;
                  &gt;
                    Previous
                  &lt;/button&gt;
                  &lt;button
                    data-testid=&quot;next-btn&quot;
                    disabled=&quot;&quot;
                  &gt;
                    Next
                  &lt;/button&gt;
                &lt;/section&gt;
              &lt;/div&gt;
            &lt;/form&gt;
          &lt;/div&gt;
          &lt;div
            class=&quot;mt-20&quot;
          &gt;
            &lt;div
              data-testid=&quot;progress-indicator&quot;
            &gt;
              &lt;span&gt;
                Step 
                1
                /
                3
              &lt;/span&gt;
            &lt;/div&gt;
          &lt;/div&gt;
        &lt;/div&gt;
      &lt;/div&gt;
    &lt;/div&gt;
  &lt;/body&gt;
&lt;/html&gt;Error: Unable to find an element by: [data-testid=&quot;final-page-name&quot;]

&lt;body&gt;
  &lt;div&gt;
    &lt;div
      class=&quot;App&quot;
    &gt;
      &lt;h8k-navbar
        header=&quot;Multi Step Validation Form&quot;
      /&gt;
      &lt;div
        class=&quot;layout-column align-items-center justify-content-start&quot;
      &gt;
        &lt;div
          class=&quot;card w-40 pt-30 pb-8 mt-10&quot;
        &gt;
          &lt;form
            data-testid=&quot;step-form&quot;
          &gt;
            &lt;div&gt;
              &lt;section
                class=&quot;layout-row align-items-center justify-content-center mt-10&quot;
              &gt;
                &lt;label
                  class=&quot;name-label&quot;
                  for=&quot;name&quot;
                &gt;
                  Name:
                &lt;/label&gt;
                &lt;input
                  data-testid=&quot;name-input&quot;
                  id=&quot;name&quot;
                  type=&quot;number&quot;
                  value=&quot;Henry&quot;
                /&gt;
              &lt;/section&gt;
              &lt;section
                class=&quot;layout-row align-items-center justify-content-center mt-10&quot;
              &gt;
                &lt;p
                  class=&quot;error-message&quot;
                  data-testid=&quot;name-validation-message&quot;
                &gt;
                  Valid Name
                &lt;/p&gt;
              &lt;/section&gt;
            &lt;/div&gt;
            &lt;div&gt;
              &lt;section
                class=&quot;layout-row align-items-center justify-content-center mt-15&quot;
              &gt;
                &lt;button
                  data-testid=&quot;prev-btn&quot;
                  disabled=&quot;&quot;
                &gt;
                  Previous
                &lt;/button&gt;
                &lt;button
                  data-testid=&quot;next-btn&quot;
                  disabled=&quot;&quot;
                &gt;
                  Next
                &lt;/button&gt;
              &lt;/section&gt;
            &lt;/div&gt;
          &lt;/form&gt;
        &lt;/div&gt;
        &lt;div
          class=&quot;mt-20&quot;
        &gt;
          &lt;div
            data-testid=&quot;progress-indicator&quot;
          &gt;
            &lt;span&gt;
              Step 
              1
              /
              3
            &lt;/span&gt;
          &lt;/div&gt;
        &lt;/div&gt;
      &lt;/div&gt;
    &lt;/div&gt;
  &lt;/div&gt;
&lt;/body&gt;
    at waitForWrapper (/Users/tan/Documents/code/7fc73135-54ae-4bb5-b0bf-19dbd7619162/node_modules/@testing-library/dom/dist/wait-for.js:134:27)
    at Object.&lt;anonymous&gt; (/Users/tan/Documents/code/7fc73135-54ae-4bb5-b0bf-19dbd7619162/src/App.test.js:270:15)
    at Object.asyncJestTest (/Users/tan/Documents/code/7fc73135-54ae-4bb5-b0bf-19dbd7619162/node_modules/jest-jasmine2/build/jasmineAsyncInstall.js:102:37)
    at /Users/tan/Documents/code/7fc73135-54ae-4bb5-b0bf-19dbd7619162/node_modules/jest-jasmine2/build/queueRunner.js:43:12
    at new Promise (&lt;anonymous&gt;)
    at mapper (/Users/tan/Documents/code/7fc73135-54ae-4bb5-b0bf-19dbd7619162/node_modules/jest-jasmine2/build/queueRunner.js:26:19)
    at /Users/tan/Documents/code/7fc73135-54ae-4bb5-b0bf-19dbd7619162/node_modules/jest-jasmine2/build/queueRunner.js:73:41</failure>
    </testcase>
    <testcase classname="FinalPage component displays the submitted email" name="FinalPage component displays the submitted email" time="2.009">
      <failure>TestingLibraryElementError: Unable to find an element by: [data-testid=&quot;email-input&quot;]

&lt;body&gt;
  &lt;div&gt;
    &lt;div
      class=&quot;App&quot;
    &gt;
      &lt;h8k-navbar
        header=&quot;Multi Step Validation Form&quot;
      /&gt;
      &lt;div
        class=&quot;layout-column align-items-center justify-content-start&quot;
      &gt;
        &lt;div
          class=&quot;card w-40 pt-30 pb-8 mt-10&quot;
        &gt;
          &lt;form
            data-testid=&quot;step-form&quot;
          &gt;
            &lt;div&gt;
              &lt;section
                class=&quot;layout-row align-items-center justify-content-center mt-10&quot;
              &gt;
                &lt;label
                  class=&quot;name-label&quot;
                  for=&quot;name&quot;
                &gt;
                  Name:
                &lt;/label&gt;
                &lt;input
                  data-testid=&quot;name-input&quot;
                  id=&quot;name&quot;
                  type=&quot;number&quot;
                  value=&quot;Henry&quot;
                /&gt;
              &lt;/section&gt;
              &lt;section
                class=&quot;layout-row align-items-center justify-content-center mt-10&quot;
              &gt;
                &lt;p
                  class=&quot;error-message&quot;
                  data-testid=&quot;name-validation-message&quot;
                &gt;
                  Valid Name
                &lt;/p&gt;
              &lt;/section&gt;
            &lt;/div&gt;
            &lt;div&gt;
              &lt;section
                class=&quot;layout-row align-items-center justify-content-center mt-15&quot;
              &gt;
                &lt;button
                  data-testid=&quot;prev-btn&quot;
                  disabled=&quot;&quot;
                &gt;
                  Previous
                &lt;/button&gt;
                &lt;button
                  data-testid=&quot;next-btn&quot;
                  disabled=&quot;&quot;
                &gt;
                  Next
                &lt;/button&gt;
              &lt;/section&gt;
            &lt;/div&gt;
          &lt;/form&gt;
        &lt;/div&gt;
        &lt;div
          class=&quot;mt-20&quot;
        &gt;
          &lt;div
            data-testid=&quot;progress-indicator&quot;
          &gt;
            &lt;span&gt;
              Step 
              1
              /
              3
            &lt;/span&gt;
          &lt;/div&gt;
        &lt;/div&gt;
      &lt;/div&gt;
    &lt;/div&gt;
  &lt;/div&gt;
&lt;/body&gt;

&lt;html&gt;
  &lt;head /&gt;
  &lt;body&gt;
    &lt;div&gt;
      &lt;div
        class=&quot;App&quot;
      &gt;
        &lt;h8k-navbar
          header=&quot;Multi Step Validation Form&quot;
        /&gt;
        &lt;div
          class=&quot;layout-column align-items-center justify-content-start&quot;
        &gt;
          &lt;div
            class=&quot;card w-40 pt-30 pb-8 mt-10&quot;
          &gt;
            &lt;form
              data-testid=&quot;step-form&quot;
            &gt;
              &lt;div&gt;
                &lt;section
                  class=&quot;layout-row align-items-center justify-content-center mt-10&quot;
                &gt;
                  &lt;label
                    class=&quot;name-label&quot;
                    for=&quot;name&quot;
                  &gt;
                    Name:
                  &lt;/label&gt;
                  &lt;input
                    data-testid=&quot;name-input&quot;
                    id=&quot;name&quot;
                    type=&quot;number&quot;
                    value=&quot;Henry&quot;
                  /&gt;
                &lt;/section&gt;
                &lt;section
                  class=&quot;layout-row align-items-center justify-content-center mt-10&quot;
                &gt;
                  &lt;p
                    class=&quot;error-message&quot;
                    data-testid=&quot;name-validation-message&quot;
                  &gt;
                    Valid Name
                  &lt;/p&gt;
                &lt;/section&gt;
              &lt;/div&gt;
              &lt;div&gt;
                &lt;section
                  class=&quot;layout-row align-items-center justify-content-center mt-15&quot;
                &gt;
                  &lt;button
                    data-testid=&quot;prev-btn&quot;
                    disabled=&quot;&quot;
                  &gt;
                    Previous
                  &lt;/button&gt;
                  &lt;button
                    data-testid=&quot;next-btn&quot;
                    disabled=&quot;&quot;
                  &gt;
                    Next
                  &lt;/button&gt;
                &lt;/section&gt;
              &lt;/div&gt;
            &lt;/form&gt;
          &lt;/div&gt;
          &lt;div
            class=&quot;mt-20&quot;
          &gt;
            &lt;div
              data-testid=&quot;progress-indicator&quot;
            &gt;
              &lt;span&gt;
                Step 
                1
                /
                3
              &lt;/span&gt;
            &lt;/div&gt;
          &lt;/div&gt;
        &lt;/div&gt;
      &lt;/div&gt;
    &lt;/div&gt;
  &lt;/body&gt;
&lt;/html&gt;Error: Unable to find an element by: [data-testid=&quot;email-input&quot;]

&lt;body&gt;
  &lt;div&gt;
    &lt;div
      class=&quot;App&quot;
    &gt;
      &lt;h8k-navbar
        header=&quot;Multi Step Validation Form&quot;
      /&gt;
      &lt;div
        class=&quot;layout-column align-items-center justify-content-start&quot;
      &gt;
        &lt;div
          class=&quot;card w-40 pt-30 pb-8 mt-10&quot;
        &gt;
          &lt;form
            data-testid=&quot;step-form&quot;
          &gt;
            &lt;div&gt;
              &lt;section
                class=&quot;layout-row align-items-center justify-content-center mt-10&quot;
              &gt;
                &lt;label
                  class=&quot;name-label&quot;
                  for=&quot;name&quot;
                &gt;
                  Name:
                &lt;/label&gt;
                &lt;input
                  data-testid=&quot;name-input&quot;
                  id=&quot;name&quot;
                  type=&quot;number&quot;
                  value=&quot;Henry&quot;
                /&gt;
              &lt;/section&gt;
              &lt;section
                class=&quot;layout-row align-items-center justify-content-center mt-10&quot;
              &gt;
                &lt;p
                  class=&quot;error-message&quot;
                  data-testid=&quot;name-validation-message&quot;
                &gt;
                  Valid Name
                &lt;/p&gt;
              &lt;/section&gt;
            &lt;/div&gt;
            &lt;div&gt;
              &lt;section
                class=&quot;layout-row align-items-center justify-content-center mt-15&quot;
              &gt;
                &lt;button
                  data-testid=&quot;prev-btn&quot;
                  disabled=&quot;&quot;
                &gt;
                  Previous
                &lt;/button&gt;
                &lt;button
                  data-testid=&quot;next-btn&quot;
                  disabled=&quot;&quot;
                &gt;
                  Next
                &lt;/button&gt;
              &lt;/section&gt;
            &lt;/div&gt;
          &lt;/form&gt;
        &lt;/div&gt;
        &lt;div
          class=&quot;mt-20&quot;
        &gt;
          &lt;div
            data-testid=&quot;progress-indicator&quot;
          &gt;
            &lt;span&gt;
              Step 
              1
              /
              3
            &lt;/span&gt;
          &lt;/div&gt;
        &lt;/div&gt;
      &lt;/div&gt;
    &lt;/div&gt;
  &lt;/div&gt;
&lt;/body&gt;
    at waitForWrapper (/Users/tan/Documents/code/7fc73135-54ae-4bb5-b0bf-19dbd7619162/node_modules/@testing-library/dom/dist/wait-for.js:134:27)
    at Object.&lt;anonymous&gt; (/Users/tan/Documents/code/7fc73135-54ae-4bb5-b0bf-19dbd7619162/src/App.test.js:249:15)
    at Object.asyncJestLifecycle (/Users/tan/Documents/code/7fc73135-54ae-4bb5-b0bf-19dbd7619162/node_modules/jest-jasmine2/build/jasmineAsyncInstall.js:53:37)
    at /Users/tan/Documents/code/7fc73135-54ae-4bb5-b0bf-19dbd7619162/node_modules/jest-jasmine2/build/queueRunner.js:43:12
    at new Promise (&lt;anonymous&gt;)
    at mapper (/Users/tan/Documents/code/7fc73135-54ae-4bb5-b0bf-19dbd7619162/node_modules/jest-jasmine2/build/queueRunner.js:26:19)
    at /Users/tan/Documents/code/7fc73135-54ae-4bb5-b0bf-19dbd7619162/node_modules/jest-jasmine2/build/queueRunner.js:73:41</failure>
      <failure>TestingLibraryElementError: Unable to find an element by: [data-testid=&quot;final-page-email&quot;]

&lt;body&gt;
  &lt;div&gt;
    &lt;div
      class=&quot;App&quot;
    &gt;
      &lt;h8k-navbar
        header=&quot;Multi Step Validation Form&quot;
      /&gt;
      &lt;div
        class=&quot;layout-column align-items-center justify-content-start&quot;
      &gt;
        &lt;div
          class=&quot;card w-40 pt-30 pb-8 mt-10&quot;
        &gt;
          &lt;form
            data-testid=&quot;step-form&quot;
          &gt;
            &lt;div&gt;
              &lt;section
                class=&quot;layout-row align-items-center justify-content-center mt-10&quot;
              &gt;
                &lt;label
                  class=&quot;name-label&quot;
                  for=&quot;name&quot;
                &gt;
                  Name:
                &lt;/label&gt;
                &lt;input
                  data-testid=&quot;name-input&quot;
                  id=&quot;name&quot;
                  type=&quot;number&quot;
                  value=&quot;Henry&quot;
                /&gt;
              &lt;/section&gt;
              &lt;section
                class=&quot;layout-row align-items-center justify-content-center mt-10&quot;
              &gt;
                &lt;p
                  class=&quot;error-message&quot;
                  data-testid=&quot;name-validation-message&quot;
                &gt;
                  Valid Name
                &lt;/p&gt;
              &lt;/section&gt;
            &lt;/div&gt;
            &lt;div&gt;
              &lt;section
                class=&quot;layout-row align-items-center justify-content-center mt-15&quot;
              &gt;
                &lt;button
                  data-testid=&quot;prev-btn&quot;
                  disabled=&quot;&quot;
                &gt;
                  Previous
                &lt;/button&gt;
                &lt;button
                  data-testid=&quot;next-btn&quot;
                  disabled=&quot;&quot;
                &gt;
                  Next
                &lt;/button&gt;
              &lt;/section&gt;
            &lt;/div&gt;
          &lt;/form&gt;
        &lt;/div&gt;
        &lt;div
          class=&quot;mt-20&quot;
        &gt;
          &lt;div
            data-testid=&quot;progress-indicator&quot;
          &gt;
            &lt;span&gt;
              Step 
              1
              /
              3
            &lt;/span&gt;
          &lt;/div&gt;
        &lt;/div&gt;
      &lt;/div&gt;
    &lt;/div&gt;
  &lt;/div&gt;
&lt;/body&gt;

&lt;html&gt;
  &lt;head /&gt;
  &lt;body&gt;
    &lt;div&gt;
      &lt;div
        class=&quot;App&quot;
      &gt;
        &lt;h8k-navbar
          header=&quot;Multi Step Validation Form&quot;
        /&gt;
        &lt;div
          class=&quot;layout-column align-items-center justify-content-start&quot;
        &gt;
          &lt;div
            class=&quot;card w-40 pt-30 pb-8 mt-10&quot;
          &gt;
            &lt;form
              data-testid=&quot;step-form&quot;
            &gt;
              &lt;div&gt;
                &lt;section
                  class=&quot;layout-row align-items-center justify-content-center mt-10&quot;
                &gt;
                  &lt;label
                    class=&quot;name-label&quot;
                    for=&quot;name&quot;
                  &gt;
                    Name:
                  &lt;/label&gt;
                  &lt;input
                    data-testid=&quot;name-input&quot;
                    id=&quot;name&quot;
                    type=&quot;number&quot;
                    value=&quot;Henry&quot;
                  /&gt;
                &lt;/section&gt;
                &lt;section
                  class=&quot;layout-row align-items-center justify-content-center mt-10&quot;
                &gt;
                  &lt;p
                    class=&quot;error-message&quot;
                    data-testid=&quot;name-validation-message&quot;
                  &gt;
                    Valid Name
                  &lt;/p&gt;
                &lt;/section&gt;
              &lt;/div&gt;
              &lt;div&gt;
                &lt;section
                  class=&quot;layout-row align-items-center justify-content-center mt-15&quot;
                &gt;
                  &lt;button
                    data-testid=&quot;prev-btn&quot;
                    disabled=&quot;&quot;
                  &gt;
                    Previous
                  &lt;/button&gt;
                  &lt;button
                    data-testid=&quot;next-btn&quot;
                    disabled=&quot;&quot;
                  &gt;
                    Next
                  &lt;/button&gt;
                &lt;/section&gt;
              &lt;/div&gt;
            &lt;/form&gt;
          &lt;/div&gt;
          &lt;div
            class=&quot;mt-20&quot;
          &gt;
            &lt;div
              data-testid=&quot;progress-indicator&quot;
            &gt;
              &lt;span&gt;
                Step 
                1
                /
                3
              &lt;/span&gt;
            &lt;/div&gt;
          &lt;/div&gt;
        &lt;/div&gt;
      &lt;/div&gt;
    &lt;/div&gt;
  &lt;/body&gt;
&lt;/html&gt;Error: Unable to find an element by: [data-testid=&quot;final-page-email&quot;]

&lt;body&gt;
  &lt;div&gt;
    &lt;div
      class=&quot;App&quot;
    &gt;
      &lt;h8k-navbar
        header=&quot;Multi Step Validation Form&quot;
      /&gt;
      &lt;div
        class=&quot;layout-column align-items-center justify-content-start&quot;
      &gt;
        &lt;div
          class=&quot;card w-40 pt-30 pb-8 mt-10&quot;
        &gt;
          &lt;form
            data-testid=&quot;step-form&quot;
          &gt;
            &lt;div&gt;
              &lt;section
                class=&quot;layout-row align-items-center justify-content-center mt-10&quot;
              &gt;
                &lt;label
                  class=&quot;name-label&quot;
                  for=&quot;name&quot;
                &gt;
                  Name:
                &lt;/label&gt;
                &lt;input
                  data-testid=&quot;name-input&quot;
                  id=&quot;name&quot;
                  type=&quot;number&quot;
                  value=&quot;Henry&quot;
                /&gt;
              &lt;/section&gt;
              &lt;section
                class=&quot;layout-row align-items-center justify-content-center mt-10&quot;
              &gt;
                &lt;p
                  class=&quot;error-message&quot;
                  data-testid=&quot;name-validation-message&quot;
                &gt;
                  Valid Name
                &lt;/p&gt;
              &lt;/section&gt;
            &lt;/div&gt;
            &lt;div&gt;
              &lt;section
                class=&quot;layout-row align-items-center justify-content-center mt-15&quot;
              &gt;
                &lt;button
                  data-testid=&quot;prev-btn&quot;
                  disabled=&quot;&quot;
                &gt;
                  Previous
                &lt;/button&gt;
                &lt;button
                  data-testid=&quot;next-btn&quot;
                  disabled=&quot;&quot;
                &gt;
                  Next
                &lt;/button&gt;
              &lt;/section&gt;
            &lt;/div&gt;
          &lt;/form&gt;
        &lt;/div&gt;
        &lt;div
          class=&quot;mt-20&quot;
        &gt;
          &lt;div
            data-testid=&quot;progress-indicator&quot;
          &gt;
            &lt;span&gt;
              Step 
              1
              /
              3
            &lt;/span&gt;
          &lt;/div&gt;
        &lt;/div&gt;
      &lt;/div&gt;
    &lt;/div&gt;
  &lt;/div&gt;
&lt;/body&gt;
    at waitForWrapper (/Users/tan/Documents/code/7fc73135-54ae-4bb5-b0bf-19dbd7619162/node_modules/@testing-library/dom/dist/wait-for.js:134:27)
    at Object.&lt;anonymous&gt; (/Users/tan/Documents/code/7fc73135-54ae-4bb5-b0bf-19dbd7619162/src/App.test.js:277:15)
    at Object.asyncJestTest (/Users/tan/Documents/code/7fc73135-54ae-4bb5-b0bf-19dbd7619162/node_modules/jest-jasmine2/build/jasmineAsyncInstall.js:102:37)
    at /Users/tan/Documents/code/7fc73135-54ae-4bb5-b0bf-19dbd7619162/node_modules/jest-jasmine2/build/queueRunner.js:43:12
    at new Promise (&lt;anonymous&gt;)
    at mapper (/Users/tan/Documents/code/7fc73135-54ae-4bb5-b0bf-19dbd7619162/node_modules/jest-jasmine2/build/queueRunner.js:26:19)
    at /Users/tan/Documents/code/7fc73135-54ae-4bb5-b0bf-19dbd7619162/node_modules/jest-jasmine2/build/queueRunner.js:73:41</failure>
    </testcase>
    <testcase classname="MultiStepForm component initially renders the NameStep component" name="MultiStepForm component initially renders the NameStep component" time="0.002">
      <failure>Error: expect(element).toHaveAttribute(&quot;type&quot;, &quot;text&quot;) // element.getAttribute(&quot;type&quot;) === &quot;text&quot;

Expected the element to have attribute:
  type=&quot;text&quot;
Received:
  type=&quot;number&quot;
    at Object.&lt;anonymous&gt; (/Users/tan/Documents/code/7fc73135-54ae-4bb5-b0bf-19dbd7619162/src/App.test.js:293:27)
    at Object.asyncJestTest (/Users/tan/Documents/code/7fc73135-54ae-4bb5-b0bf-19dbd7619162/node_modules/jest-jasmine2/build/jasmineAsyncInstall.js:102:37)
    at /Users/tan/Documents/code/7fc73135-54ae-4bb5-b0bf-19dbd7619162/node_modules/jest-jasmine2/build/queueRunner.js:43:12
    at new Promise (&lt;anonymous&gt;)
    at mapper (/Users/tan/Documents/code/7fc73135-54ae-4bb5-b0bf-19dbd7619162/node_modules/jest-jasmine2/build/queueRunner.js:26:19)
    at /Users/tan/Documents/code/7fc73135-54ae-4bb5-b0bf-19dbd7619162/node_modules/jest-jasmine2/build/queueRunner.js:73:41</failure>
    </testcase>
    <testcase classname="MultiStepForm component navigates to EmailStep component when NameStep is completed" name="MultiStepForm component navigates to EmailStep component when NameStep is completed" time="1.004">
      <failure>TestingLibraryElementError: Unable to find an element by: [data-testid=&quot;email-input&quot;]

&lt;body&gt;
  &lt;div&gt;
    &lt;div
      class=&quot;App&quot;
    &gt;
      &lt;h8k-navbar
        header=&quot;Multi Step Validation Form&quot;
      /&gt;
      &lt;div
        class=&quot;layout-column align-items-center justify-content-start&quot;
      &gt;
        &lt;div
          class=&quot;card w-40 pt-30 pb-8 mt-10&quot;
        &gt;
          &lt;form
            data-testid=&quot;step-form&quot;
          &gt;
            &lt;div&gt;
              &lt;section
                class=&quot;layout-row align-items-center justify-content-center mt-10&quot;
              &gt;
                &lt;label
                  class=&quot;name-label&quot;
                  for=&quot;name&quot;
                &gt;
                  Name:
                &lt;/label&gt;
                &lt;input
                  data-testid=&quot;name-input&quot;
                  id=&quot;name&quot;
                  type=&quot;number&quot;
                  value=&quot;Henry&quot;
                /&gt;
              &lt;/section&gt;
              &lt;section
                class=&quot;layout-row align-items-center justify-content-center mt-10&quot;
              &gt;
                &lt;p
                  class=&quot;error-message&quot;
                  data-testid=&quot;name-validation-message&quot;
                &gt;
                  Valid Name
                &lt;/p&gt;
              &lt;/section&gt;
            &lt;/div&gt;
            &lt;div&gt;
              &lt;section
                class=&quot;layout-row align-items-center justify-content-center mt-15&quot;
              &gt;
                &lt;button
                  data-testid=&quot;prev-btn&quot;
                  disabled=&quot;&quot;
                &gt;
                  Previous
                &lt;/button&gt;
                &lt;button
                  data-testid=&quot;next-btn&quot;
                  disabled=&quot;&quot;
                &gt;
                  Next
                &lt;/button&gt;
              &lt;/section&gt;
            &lt;/div&gt;
          &lt;/form&gt;
        &lt;/div&gt;
        &lt;div
          class=&quot;mt-20&quot;
        &gt;
          &lt;div
            data-testid=&quot;progress-indicator&quot;
          &gt;
            &lt;span&gt;
              Step 
              1
              /
              3
            &lt;/span&gt;
          &lt;/div&gt;
        &lt;/div&gt;
      &lt;/div&gt;
    &lt;/div&gt;
  &lt;/div&gt;
&lt;/body&gt;

&lt;html&gt;
  &lt;head /&gt;
  &lt;body&gt;
    &lt;div&gt;
      &lt;div
        class=&quot;App&quot;
      &gt;
        &lt;h8k-navbar
          header=&quot;Multi Step Validation Form&quot;
        /&gt;
        &lt;div
          class=&quot;layout-column align-items-center justify-content-start&quot;
        &gt;
          &lt;div
            class=&quot;card w-40 pt-30 pb-8 mt-10&quot;
          &gt;
            &lt;form
              data-testid=&quot;step-form&quot;
            &gt;
              &lt;div&gt;
                &lt;section
                  class=&quot;layout-row align-items-center justify-content-center mt-10&quot;
                &gt;
                  &lt;label
                    class=&quot;name-label&quot;
                    for=&quot;name&quot;
                  &gt;
                    Name:
                  &lt;/label&gt;
                  &lt;input
                    data-testid=&quot;name-input&quot;
                    id=&quot;name&quot;
                    type=&quot;number&quot;
                    value=&quot;Henry&quot;
                  /&gt;
                &lt;/section&gt;
                &lt;section
                  class=&quot;layout-row align-items-center justify-content-center mt-10&quot;
                &gt;
                  &lt;p
                    class=&quot;error-message&quot;
                    data-testid=&quot;name-validation-message&quot;
                  &gt;
                    Valid Name
                  &lt;/p&gt;
                &lt;/section&gt;
              &lt;/div&gt;
              &lt;div&gt;
                &lt;section
                  class=&quot;layout-row align-items-center justify-content-center mt-15&quot;
                &gt;
                  &lt;button
                    data-testid=&quot;prev-btn&quot;
                    disabled=&quot;&quot;
                  &gt;
                    Previous
                  &lt;/button&gt;
                  &lt;button
                    data-testid=&quot;next-btn&quot;
                    disabled=&quot;&quot;
                  &gt;
                    Next
                  &lt;/button&gt;
                &lt;/section&gt;
              &lt;/div&gt;
            &lt;/form&gt;
          &lt;/div&gt;
          &lt;div
            class=&quot;mt-20&quot;
          &gt;
            &lt;div
              data-testid=&quot;progress-indicator&quot;
            &gt;
              &lt;span&gt;
                Step 
                1
                /
                3
              &lt;/span&gt;
            &lt;/div&gt;
          &lt;/div&gt;
        &lt;/div&gt;
      &lt;/div&gt;
    &lt;/div&gt;
  &lt;/body&gt;
&lt;/html&gt;Error: Unable to find an element by: [data-testid=&quot;email-input&quot;]

&lt;body&gt;
  &lt;div&gt;
    &lt;div
      class=&quot;App&quot;
    &gt;
      &lt;h8k-navbar
        header=&quot;Multi Step Validation Form&quot;
      /&gt;
      &lt;div
        class=&quot;layout-column align-items-center justify-content-start&quot;
      &gt;
        &lt;div
          class=&quot;card w-40 pt-30 pb-8 mt-10&quot;
        &gt;
          &lt;form
            data-testid=&quot;step-form&quot;
          &gt;
            &lt;div&gt;
              &lt;section
                class=&quot;layout-row align-items-center justify-content-center mt-10&quot;
              &gt;
                &lt;label
                  class=&quot;name-label&quot;
                  for=&quot;name&quot;
                &gt;
                  Name:
                &lt;/label&gt;
                &lt;input
                  data-testid=&quot;name-input&quot;
                  id=&quot;name&quot;
                  type=&quot;number&quot;
                  value=&quot;Henry&quot;
                /&gt;
              &lt;/section&gt;
              &lt;section
                class=&quot;layout-row align-items-center justify-content-center mt-10&quot;
              &gt;
                &lt;p
                  class=&quot;error-message&quot;
                  data-testid=&quot;name-validation-message&quot;
                &gt;
                  Valid Name
                &lt;/p&gt;
              &lt;/section&gt;
            &lt;/div&gt;
            &lt;div&gt;
              &lt;section
                class=&quot;layout-row align-items-center justify-content-center mt-15&quot;
              &gt;
                &lt;button
                  data-testid=&quot;prev-btn&quot;
                  disabled=&quot;&quot;
                &gt;
                  Previous
                &lt;/button&gt;
                &lt;button
                  data-testid=&quot;next-btn&quot;
                  disabled=&quot;&quot;
                &gt;
                  Next
                &lt;/button&gt;
              &lt;/section&gt;
            &lt;/div&gt;
          &lt;/form&gt;
        &lt;/div&gt;
        &lt;div
          class=&quot;mt-20&quot;
        &gt;
          &lt;div
            data-testid=&quot;progress-indicator&quot;
          &gt;
            &lt;span&gt;
              Step 
              1
              /
              3
            &lt;/span&gt;
          &lt;/div&gt;
        &lt;/div&gt;
      &lt;/div&gt;
    &lt;/div&gt;
  &lt;/div&gt;
&lt;/body&gt;
    at waitForWrapper (/Users/tan/Documents/code/7fc73135-54ae-4bb5-b0bf-19dbd7619162/node_modules/@testing-library/dom/dist/wait-for.js:134:27)
    at Object.&lt;anonymous&gt; (/Users/tan/Documents/code/7fc73135-54ae-4bb5-b0bf-19dbd7619162/src/App.test.js:306:15)
    at Object.asyncJestTest (/Users/tan/Documents/code/7fc73135-54ae-4bb5-b0bf-19dbd7619162/node_modules/jest-jasmine2/build/jasmineAsyncInstall.js:102:37)
    at /Users/tan/Documents/code/7fc73135-54ae-4bb5-b0bf-19dbd7619162/node_modules/jest-jasmine2/build/queueRunner.js:43:12
    at new Promise (&lt;anonymous&gt;)
    at mapper (/Users/tan/Documents/code/7fc73135-54ae-4bb5-b0bf-19dbd7619162/node_modules/jest-jasmine2/build/queueRunner.js:26:19)
    at /Users/tan/Documents/code/7fc73135-54ae-4bb5-b0bf-19dbd7619162/node_modules/jest-jasmine2/build/queueRunner.js:73:41</failure>
    </testcase>
    <testcase classname="MultiStepForm component navigates to PasswordStep component when EmailStep is completed" name="MultiStepForm component navigates to PasswordStep component when EmailStep is completed" time="1.008">
      <failure>TestingLibraryElementError: Unable to find an element by: [data-testid=&quot;email-input&quot;]

&lt;body&gt;
  &lt;div&gt;
    &lt;div
      class=&quot;App&quot;
    &gt;
      &lt;h8k-navbar
        header=&quot;Multi Step Validation Form&quot;
      /&gt;
      &lt;div
        class=&quot;layout-column align-items-center justify-content-start&quot;
      &gt;
        &lt;div
          class=&quot;card w-40 pt-30 pb-8 mt-10&quot;
        &gt;
          &lt;form
            data-testid=&quot;step-form&quot;
          &gt;
            &lt;div&gt;
              &lt;section
                class=&quot;layout-row align-items-center justify-content-center mt-10&quot;
              &gt;
                &lt;label
                  class=&quot;name-label&quot;
                  for=&quot;name&quot;
                &gt;
                  Name:
                &lt;/label&gt;
                &lt;input
                  data-testid=&quot;name-input&quot;
                  id=&quot;name&quot;
                  type=&quot;number&quot;
                  value=&quot;Henry&quot;
                /&gt;
              &lt;/section&gt;
              &lt;section
                class=&quot;layout-row align-items-center justify-content-center mt-10&quot;
              &gt;
                &lt;p
                  class=&quot;error-message&quot;
                  data-testid=&quot;name-validation-message&quot;
                &gt;
                  Valid Name
                &lt;/p&gt;
              &lt;/section&gt;
            &lt;/div&gt;
            &lt;div&gt;
              &lt;section
                class=&quot;layout-row align-items-center justify-content-center mt-15&quot;
              &gt;
                &lt;button
                  data-testid=&quot;prev-btn&quot;
                  disabled=&quot;&quot;
                &gt;
                  Previous
                &lt;/button&gt;
                &lt;button
                  data-testid=&quot;next-btn&quot;
                  disabled=&quot;&quot;
                &gt;
                  Next
                &lt;/button&gt;
              &lt;/section&gt;
            &lt;/div&gt;
          &lt;/form&gt;
        &lt;/div&gt;
        &lt;div
          class=&quot;mt-20&quot;
        &gt;
          &lt;div
            data-testid=&quot;progress-indicator&quot;
          &gt;
            &lt;span&gt;
              Step 
              1
              /
              3
            &lt;/span&gt;
          &lt;/div&gt;
        &lt;/div&gt;
      &lt;/div&gt;
    &lt;/div&gt;
  &lt;/div&gt;
&lt;/body&gt;

&lt;html&gt;
  &lt;head /&gt;
  &lt;body&gt;
    &lt;div&gt;
      &lt;div
        class=&quot;App&quot;
      &gt;
        &lt;h8k-navbar
          header=&quot;Multi Step Validation Form&quot;
        /&gt;
        &lt;div
          class=&quot;layout-column align-items-center justify-content-start&quot;
        &gt;
          &lt;div
            class=&quot;card w-40 pt-30 pb-8 mt-10&quot;
          &gt;
            &lt;form
              data-testid=&quot;step-form&quot;
            &gt;
              &lt;div&gt;
                &lt;section
                  class=&quot;layout-row align-items-center justify-content-center mt-10&quot;
                &gt;
                  &lt;label
                    class=&quot;name-label&quot;
                    for=&quot;name&quot;
                  &gt;
                    Name:
                  &lt;/label&gt;
                  &lt;input
                    data-testid=&quot;name-input&quot;
                    id=&quot;name&quot;
                    type=&quot;number&quot;
                    value=&quot;Henry&quot;
                  /&gt;
                &lt;/section&gt;
                &lt;section
                  class=&quot;layout-row align-items-center justify-content-center mt-10&quot;
                &gt;
                  &lt;p
                    class=&quot;error-message&quot;
                    data-testid=&quot;name-validation-message&quot;
                  &gt;
                    Valid Name
                  &lt;/p&gt;
                &lt;/section&gt;
              &lt;/div&gt;
              &lt;div&gt;
                &lt;section
                  class=&quot;layout-row align-items-center justify-content-center mt-15&quot;
                &gt;
                  &lt;button
                    data-testid=&quot;prev-btn&quot;
                    disabled=&quot;&quot;
                  &gt;
                    Previous
                  &lt;/button&gt;
                  &lt;button
                    data-testid=&quot;next-btn&quot;
                    disabled=&quot;&quot;
                  &gt;
                    Next
                  &lt;/button&gt;
                &lt;/section&gt;
              &lt;/div&gt;
            &lt;/form&gt;
          &lt;/div&gt;
          &lt;div
            class=&quot;mt-20&quot;
          &gt;
            &lt;div
              data-testid=&quot;progress-indicator&quot;
            &gt;
              &lt;span&gt;
                Step 
                1
                /
                3
              &lt;/span&gt;
            &lt;/div&gt;
          &lt;/div&gt;
        &lt;/div&gt;
      &lt;/div&gt;
    &lt;/div&gt;
  &lt;/body&gt;
&lt;/html&gt;Error: Unable to find an element by: [data-testid=&quot;email-input&quot;]

&lt;body&gt;
  &lt;div&gt;
    &lt;div
      class=&quot;App&quot;
    &gt;
      &lt;h8k-navbar
        header=&quot;Multi Step Validation Form&quot;
      /&gt;
      &lt;div
        class=&quot;layout-column align-items-center justify-content-start&quot;
      &gt;
        &lt;div
          class=&quot;card w-40 pt-30 pb-8 mt-10&quot;
        &gt;
          &lt;form
            data-testid=&quot;step-form&quot;
          &gt;
            &lt;div&gt;
              &lt;section
                class=&quot;layout-row align-items-center justify-content-center mt-10&quot;
              &gt;
                &lt;label
                  class=&quot;name-label&quot;
                  for=&quot;name&quot;
                &gt;
                  Name:
                &lt;/label&gt;
                &lt;input
                  data-testid=&quot;name-input&quot;
                  id=&quot;name&quot;
                  type=&quot;number&quot;
                  value=&quot;Henry&quot;
                /&gt;
              &lt;/section&gt;
              &lt;section
                class=&quot;layout-row align-items-center justify-content-center mt-10&quot;
              &gt;
                &lt;p
                  class=&quot;error-message&quot;
                  data-testid=&quot;name-validation-message&quot;
                &gt;
                  Valid Name
                &lt;/p&gt;
              &lt;/section&gt;
            &lt;/div&gt;
            &lt;div&gt;
              &lt;section
                class=&quot;layout-row align-items-center justify-content-center mt-15&quot;
              &gt;
                &lt;button
                  data-testid=&quot;prev-btn&quot;
                  disabled=&quot;&quot;
                &gt;
                  Previous
                &lt;/button&gt;
                &lt;button
                  data-testid=&quot;next-btn&quot;
                  disabled=&quot;&quot;
                &gt;
                  Next
                &lt;/button&gt;
              &lt;/section&gt;
            &lt;/div&gt;
          &lt;/form&gt;
        &lt;/div&gt;
        &lt;div
          class=&quot;mt-20&quot;
        &gt;
          &lt;div
            data-testid=&quot;progress-indicator&quot;
          &gt;
            &lt;span&gt;
              Step 
              1
              /
              3
            &lt;/span&gt;
          &lt;/div&gt;
        &lt;/div&gt;
      &lt;/div&gt;
    &lt;/div&gt;
  &lt;/div&gt;
&lt;/body&gt;
    at waitForWrapper (/Users/tan/Documents/code/7fc73135-54ae-4bb5-b0bf-19dbd7619162/node_modules/@testing-library/dom/dist/wait-for.js:134:27)
    at Object.&lt;anonymous&gt; (/Users/tan/Documents/code/7fc73135-54ae-4bb5-b0bf-19dbd7619162/src/App.test.js:318:15)
    at Object.asyncJestTest (/Users/tan/Documents/code/7fc73135-54ae-4bb5-b0bf-19dbd7619162/node_modules/jest-jasmine2/build/jasmineAsyncInstall.js:102:37)
    at /Users/tan/Documents/code/7fc73135-54ae-4bb5-b0bf-19dbd7619162/node_modules/jest-jasmine2/build/queueRunner.js:43:12
    at new Promise (&lt;anonymous&gt;)
    at mapper (/Users/tan/Documents/code/7fc73135-54ae-4bb5-b0bf-19dbd7619162/node_modules/jest-jasmine2/build/queueRunner.js:26:19)
    at /Users/tan/Documents/code/7fc73135-54ae-4bb5-b0bf-19dbd7619162/node_modules/jest-jasmine2/build/queueRunner.js:73:41</failure>
    </testcase>
    <testcase classname="MultiStepForm component navigates to FinalPage component when PasswordStep is completed" name="MultiStepForm component navigates to FinalPage component when PasswordStep is completed" time="1.007">
      <failure>TestingLibraryElementError: Unable to find an element by: [data-testid=&quot;email-input&quot;]

&lt;body&gt;
  &lt;div&gt;
    &lt;div
      class=&quot;App&quot;
    &gt;
      &lt;h8k-navbar
        header=&quot;Multi Step Validation Form&quot;
      /&gt;
      &lt;div
        class=&quot;layout-column align-items-center justify-content-start&quot;
      &gt;
        &lt;div
          class=&quot;card w-40 pt-30 pb-8 mt-10&quot;
        &gt;
          &lt;form
            data-testid=&quot;step-form&quot;
          &gt;
            &lt;div&gt;
              &lt;section
                class=&quot;layout-row align-items-center justify-content-center mt-10&quot;
              &gt;
                &lt;label
                  class=&quot;name-label&quot;
                  for=&quot;name&quot;
                &gt;
                  Name:
                &lt;/label&gt;
                &lt;input
                  data-testid=&quot;name-input&quot;
                  id=&quot;name&quot;
                  type=&quot;number&quot;
                  value=&quot;Henry&quot;
                /&gt;
              &lt;/section&gt;
              &lt;section
                class=&quot;layout-row align-items-center justify-content-center mt-10&quot;
              &gt;
                &lt;p
                  class=&quot;error-message&quot;
                  data-testid=&quot;name-validation-message&quot;
                &gt;
                  Valid Name
                &lt;/p&gt;
              &lt;/section&gt;
            &lt;/div&gt;
            &lt;div&gt;
              &lt;section
                class=&quot;layout-row align-items-center justify-content-center mt-15&quot;
              &gt;
                &lt;button
                  data-testid=&quot;prev-btn&quot;
                  disabled=&quot;&quot;
                &gt;
                  Previous
                &lt;/button&gt;
                &lt;button
                  data-testid=&quot;next-btn&quot;
                  disabled=&quot;&quot;
                &gt;
                  Next
                &lt;/button&gt;
              &lt;/section&gt;
            &lt;/div&gt;
          &lt;/form&gt;
        &lt;/div&gt;
        &lt;div
          class=&quot;mt-20&quot;
        &gt;
          &lt;div
            data-testid=&quot;progress-indicator&quot;
          &gt;
            &lt;span&gt;
              Step 
              1
              /
              3
            &lt;/span&gt;
          &lt;/div&gt;
        &lt;/div&gt;
      &lt;/div&gt;
    &lt;/div&gt;
  &lt;/div&gt;
&lt;/body&gt;

&lt;html&gt;
  &lt;head /&gt;
  &lt;body&gt;
    &lt;div&gt;
      &lt;div
        class=&quot;App&quot;
      &gt;
        &lt;h8k-navbar
          header=&quot;Multi Step Validation Form&quot;
        /&gt;
        &lt;div
          class=&quot;layout-column align-items-center justify-content-start&quot;
        &gt;
          &lt;div
            class=&quot;card w-40 pt-30 pb-8 mt-10&quot;
          &gt;
            &lt;form
              data-testid=&quot;step-form&quot;
            &gt;
              &lt;div&gt;
                &lt;section
                  class=&quot;layout-row align-items-center justify-content-center mt-10&quot;
                &gt;
                  &lt;label
                    class=&quot;name-label&quot;
                    for=&quot;name&quot;
                  &gt;
                    Name:
                  &lt;/label&gt;
                  &lt;input
                    data-testid=&quot;name-input&quot;
                    id=&quot;name&quot;
                    type=&quot;number&quot;
                    value=&quot;Henry&quot;
                  /&gt;
                &lt;/section&gt;
                &lt;section
                  class=&quot;layout-row align-items-center justify-content-center mt-10&quot;
                &gt;
                  &lt;p
                    class=&quot;error-message&quot;
                    data-testid=&quot;name-validation-message&quot;
                  &gt;
                    Valid Name
                  &lt;/p&gt;
                &lt;/section&gt;
              &lt;/div&gt;
              &lt;div&gt;
                &lt;section
                  class=&quot;layout-row align-items-center justify-content-center mt-15&quot;
                &gt;
                  &lt;button
                    data-testid=&quot;prev-btn&quot;
                    disabled=&quot;&quot;
                  &gt;
                    Previous
                  &lt;/button&gt;
                  &lt;button
                    data-testid=&quot;next-btn&quot;
                    disabled=&quot;&quot;
                  &gt;
                    Next
                  &lt;/button&gt;
                &lt;/section&gt;
              &lt;/div&gt;
            &lt;/form&gt;
          &lt;/div&gt;
          &lt;div
            class=&quot;mt-20&quot;
          &gt;
            &lt;div
              data-testid=&quot;progress-indicator&quot;
            &gt;
              &lt;span&gt;
                Step 
                1
                /
                3
              &lt;/span&gt;
            &lt;/div&gt;
          &lt;/div&gt;
        &lt;/div&gt;
      &lt;/div&gt;
    &lt;/div&gt;
  &lt;/body&gt;
&lt;/html&gt;Error: Unable to find an element by: [data-testid=&quot;email-input&quot;]

&lt;body&gt;
  &lt;div&gt;
    &lt;div
      class=&quot;App&quot;
    &gt;
      &lt;h8k-navbar
        header=&quot;Multi Step Validation Form&quot;
      /&gt;
      &lt;div
        class=&quot;layout-column align-items-center justify-content-start&quot;
      &gt;
        &lt;div
          class=&quot;card w-40 pt-30 pb-8 mt-10&quot;
        &gt;
          &lt;form
            data-testid=&quot;step-form&quot;
          &gt;
            &lt;div&gt;
              &lt;section
                class=&quot;layout-row align-items-center justify-content-center mt-10&quot;
              &gt;
                &lt;label
                  class=&quot;name-label&quot;
                  for=&quot;name&quot;
                &gt;
                  Name:
                &lt;/label&gt;
                &lt;input
                  data-testid=&quot;name-input&quot;
                  id=&quot;name&quot;
                  type=&quot;number&quot;
                  value=&quot;Henry&quot;
                /&gt;
              &lt;/section&gt;
              &lt;section
                class=&quot;layout-row align-items-center justify-content-center mt-10&quot;
              &gt;
                &lt;p
                  class=&quot;error-message&quot;
                  data-testid=&quot;name-validation-message&quot;
                &gt;
                  Valid Name
                &lt;/p&gt;
              &lt;/section&gt;
            &lt;/div&gt;
            &lt;div&gt;
              &lt;section
                class=&quot;layout-row align-items-center justify-content-center mt-15&quot;
              &gt;
                &lt;button
                  data-testid=&quot;prev-btn&quot;
                  disabled=&quot;&quot;
                &gt;
                  Previous
                &lt;/button&gt;
                &lt;button
                  data-testid=&quot;next-btn&quot;
                  disabled=&quot;&quot;
                &gt;
                  Next
                &lt;/button&gt;
              &lt;/section&gt;
            &lt;/div&gt;
          &lt;/form&gt;
        &lt;/div&gt;
        &lt;div
          class=&quot;mt-20&quot;
        &gt;
          &lt;div
            data-testid=&quot;progress-indicator&quot;
          &gt;
            &lt;span&gt;
              Step 
              1
              /
              3
            &lt;/span&gt;
          &lt;/div&gt;
        &lt;/div&gt;
      &lt;/div&gt;
    &lt;/div&gt;
  &lt;/div&gt;
&lt;/body&gt;
    at waitForWrapper (/Users/tan/Documents/code/7fc73135-54ae-4bb5-b0bf-19dbd7619162/node_modules/@testing-library/dom/dist/wait-for.js:134:27)
    at Object.&lt;anonymous&gt; (/Users/tan/Documents/code/7fc73135-54ae-4bb5-b0bf-19dbd7619162/src/App.test.js:336:15)
    at Object.asyncJestTest (/Users/tan/Documents/code/7fc73135-54ae-4bb5-b0bf-19dbd7619162/node_modules/jest-jasmine2/build/jasmineAsyncInstall.js:102:37)
    at /Users/tan/Documents/code/7fc73135-54ae-4bb5-b0bf-19dbd7619162/node_modules/jest-jasmine2/build/queueRunner.js:43:12
    at new Promise (&lt;anonymous&gt;)
    at mapper (/Users/tan/Documents/code/7fc73135-54ae-4bb5-b0bf-19dbd7619162/node_modules/jest-jasmine2/build/queueRunner.js:26:19)
    at /Users/tan/Documents/code/7fc73135-54ae-4bb5-b0bf-19dbd7619162/node_modules/jest-jasmine2/build/queueRunner.js:73:41</failure>
    </testcase>
    <testcase classname="MultiStepForm component navigates back to the NameStep component from EmailStep" name="MultiStepForm component navigates back to the NameStep component from EmailStep" time="0.005">
      <failure>TestingLibraryElementError: Unable to find an element by: [data-testid=&quot;email-input&quot;]

&lt;body&gt;
  &lt;div&gt;
    &lt;div
      class=&quot;App&quot;
    &gt;
      &lt;h8k-navbar
        header=&quot;Multi Step Validation Form&quot;
      /&gt;
      &lt;div
        class=&quot;layout-column align-items-center justify-content-start&quot;
      &gt;
        &lt;div
          class=&quot;card w-40 pt-30 pb-8 mt-10&quot;
        &gt;
          &lt;form
            data-testid=&quot;step-form&quot;
          &gt;
            &lt;div&gt;
              &lt;section
                class=&quot;layout-row align-items-center justify-content-center mt-10&quot;
              &gt;
                &lt;label
                  class=&quot;name-label&quot;
                  for=&quot;name&quot;
                &gt;
                  Name:
                &lt;/label&gt;
                &lt;input
                  data-testid=&quot;name-input&quot;
                  id=&quot;name&quot;
                  type=&quot;number&quot;
                  value=&quot;Henry&quot;
                /&gt;
              &lt;/section&gt;
              &lt;section
                class=&quot;layout-row align-items-center justify-content-center mt-10&quot;
              &gt;
                &lt;p
                  class=&quot;error-message&quot;
                  data-testid=&quot;name-validation-message&quot;
                &gt;
                  Valid Name
                &lt;/p&gt;
              &lt;/section&gt;
            &lt;/div&gt;
            &lt;div&gt;
              &lt;section
                class=&quot;layout-row align-items-center justify-content-center mt-15&quot;
              &gt;
                &lt;button
                  data-testid=&quot;prev-btn&quot;
                  disabled=&quot;&quot;
                &gt;
                  Previous
                &lt;/button&gt;
                &lt;button
                  data-testid=&quot;next-btn&quot;
                  disabled=&quot;&quot;
                &gt;
                  Next
                &lt;/button&gt;
              &lt;/section&gt;
            &lt;/div&gt;
          &lt;/form&gt;
        &lt;/div&gt;
        &lt;div
          class=&quot;mt-20&quot;
        &gt;
          &lt;div
            data-testid=&quot;progress-indicator&quot;
          &gt;
            &lt;span&gt;
              Step 
              1
              /
              3
            &lt;/span&gt;
          &lt;/div&gt;
        &lt;/div&gt;
      &lt;/div&gt;
    &lt;/div&gt;
  &lt;/div&gt;
&lt;/body&gt;
    at Object.getElementError (/Users/tan/Documents/code/7fc73135-54ae-4bb5-b0bf-19dbd7619162/node_modules/@testing-library/dom/dist/config.js:37:19)
    at /Users/tan/Documents/code/7fc73135-54ae-4bb5-b0bf-19dbd7619162/node_modules/@testing-library/dom/dist/query-helpers.js:92:38
    at /Users/tan/Documents/code/7fc73135-54ae-4bb5-b0bf-19dbd7619162/node_modules/@testing-library/dom/dist/query-helpers.js:64:17
    at getByTestId (/Users/tan/Documents/code/7fc73135-54ae-4bb5-b0bf-19dbd7619162/node_modules/@testing-library/dom/dist/query-helpers.js:108:19)
    at Object.&lt;anonymous&gt; (/Users/tan/Documents/code/7fc73135-54ae-4bb5-b0bf-19dbd7619162/src/App.test.js:360:35)
    at Object.asyncJestTest (/Users/tan/Documents/code/7fc73135-54ae-4bb5-b0bf-19dbd7619162/node_modules/jest-jasmine2/build/jasmineAsyncInstall.js:102:37)
    at /Users/tan/Documents/code/7fc73135-54ae-4bb5-b0bf-19dbd7619162/node_modules/jest-jasmine2/build/queueRunner.js:43:12
    at new Promise (&lt;anonymous&gt;)
    at mapper (/Users/tan/Documents/code/7fc73135-54ae-4bb5-b0bf-19dbd7619162/node_modules/jest-jasmine2/build/queueRunner.js:26:19)
    at /Users/tan/Documents/code/7fc73135-54ae-4bb5-b0bf-19dbd7619162/node_modules/jest-jasmine2/build/queueRunner.js:73:41</failure>
    </testcase>
    <testcase classname="FormContext should provide the correct initial context value" name="FormContext should provide the correct initial context value" time="0.004">
      <failure>Error: expect(received).toBe(expected) // Object.is equality

Expected: &quot;{\&quot;name\&quot;:\&quot;\&quot;,\&quot;email\&quot;:\&quot;\&quot;,\&quot;password\&quot;:\&quot;\&quot;}&quot;
Received: &quot;{\&quot;name\&quot;:\&quot;John Doe\&quot;,\&quot;email\&quot;:\&quot;john@example.com\&quot;,\&quot;password\&quot;:\&quot;password123\&quot;}&quot;
    at Object.&lt;anonymous&gt; (/Users/tan/Documents/code/7fc73135-54ae-4bb5-b0bf-19dbd7619162/src/App.test.js:398:45)
    at Object.asyncJestTest (/Users/tan/Documents/code/7fc73135-54ae-4bb5-b0bf-19dbd7619162/node_modules/jest-jasmine2/build/jasmineAsyncInstall.js:102:37)
    at /Users/tan/Documents/code/7fc73135-54ae-4bb5-b0bf-19dbd7619162/node_modules/jest-jasmine2/build/queueRunner.js:43:12
    at new Promise (&lt;anonymous&gt;)
    at mapper (/Users/tan/Documents/code/7fc73135-54ae-4bb5-b0bf-19dbd7619162/node_modules/jest-jasmine2/build/queueRunner.js:26:19)
    at /Users/tan/Documents/code/7fc73135-54ae-4bb5-b0bf-19dbd7619162/node_modules/jest-jasmine2/build/queueRunner.js:73:41</failure>
    </testcase>
  </testsuite>
</testsuites>